RegionAS923.c:124:13:VerifyRfFreq	8	static
RegionAS923.c:139:20:GetTimeOnAir	32	static
RegionAS923.c:157:12:RegionAS923GetPhyParam	32	static
RegionAS923.c:395:6:RegionAS923SetBandTxDone	24	static
RegionAS923.c:403:6:RegionAS923InitDefaults	40	static
RegionAS923.c:464:6:RegionAS923Verify	8	static
RegionAS923.c:578:6:RegionAS923ChanMaskSet	8	static
RegionAS923.c:602:6:RegionAS923ComputeRxWindowParameters	32	static
RegionAS923.c:624:6:RegionAS923RxConfig	72	static
RegionAS923.c:690:6:RegionAS923TxConfig	88	static
RegionAS923.c:732:9:RegionAS923LinkAdrReq	96	static
RegionAS923.c:839:9:RegionAS923RxParamSetupReq	16	static
RegionAS923.c:919:8:RegionAS923TxParamSetupReq	0	static
RegionAS923.c:925:8:RegionAS923DlChannelReq	8	static
RegionAS923.c:952:8:RegionAS923AlternateDr	0	static
RegionAS923.c:962:17:RegionAS923NextChannel	112	static
RegionAS923.c:1040:17:RegionAS923ChannelAdd	24	static
RegionAS923.c:1103:6:RegionAS923ChannelsRemove	8	static
RegionAS923.c:517:6:RegionAS923ApplyCFList	40	static
RegionAS923.c:866:8:RegionAS923NewChannelReq	24	static
RegionAS923.c:1122:6:RegionAS923SetContinuousWave	16	static
RegionAS923.c:1136:9:RegionAS923ApplyDrOffset	0	static
RegionAS923.c:1156:6:RegionAS923RxBeaconSetup	40	static
