RegionCN470.c:58:13:VerifyRfFreq	8	static
RegionCN470.c:82:20:GetTimeOnAir	32	static
RegionCN470.c:91:12:RegionCN470GetPhyParam	32	static
RegionCN470.c:315:6:RegionCN470SetBandTxDone	24	static
RegionCN470.c:323:6:RegionCN470InitDefaults	32	static
RegionCN470.c:397:6:RegionCN470Verify	8	static
RegionCN470.c:433:6:RegionCN470ApplyCFList	12	static
RegionCN470.c:457:6:RegionCN470ChanMaskSet	8	static
RegionCN470.c:481:6:RegionCN470ComputeRxWindowParameters	32	static
RegionCN470.c:496:6:RegionCN470RxConfig	72	static
RegionCN470.c:545:6:RegionCN470TxConfig	88	static
RegionCN470.c:577:9:RegionCN470LinkAdrReq	104	static
RegionCN470.c:676:9:RegionCN470RxParamSetupReq	16	static
RegionCN470.c:703:8:RegionCN470NewChannelReq	0	static
RegionCN470.c:709:8:RegionCN470TxParamSetupReq	0	static
RegionCN470.c:715:8:RegionCN470DlChannelReq	0	static
RegionCN470.c:721:8:RegionCN470AlternateDr	0	static
RegionCN470.c:730:17:RegionCN470NextChannel	192	static
RegionCN470.c:785:17:RegionCN470ChannelAdd	0	static
RegionCN470.c:790:6:RegionCN470ChannelsRemove	0	static
RegionCN470.c:795:6:RegionCN470SetContinuousWave	16	static
RegionCN470.c:809:9:RegionCN470ApplyDrOffset	0	static
RegionCN470.c:824:6:RegionCN470RxBeaconSetup	40	static
