soft-se.c:186:30:GetKeyByID	8	static
soft-se.c:376:30:ComputeCmac	328	static
soft-se.c:600:23:SecureElementGetKeyByID	8	static
soft-se.c:129:13:PrintKey	120	static
soft-se.c:486:23:SecureElementInit	208	static
soft-se.c:663:23:SecureElementDeleteDynamicKeys	0	static
soft-se.c:727:23:SecureElementSetObjHandler	0	static
soft-se.c:875:23:SecureElementComputeAesCmac	16	static
soft-se.c:887:23:SecureElementVerifyAesCmac	32	static
soft-se.c:956:23:SecureElementAesEncrypt	272	static
soft-se.c:745:23:SecureElementSetKey	32	static
soft-se.c:1045:23:SecureElementDeriveAndStoreKey	32	static
soft-se.c:1137:23:SecureElementProcessJoinAccept	24	static
soft-se.c:1238:23:SecureElementRandomNumber	8	static
soft-se.c:1248:23:SecureElementSetDevEui	8	static
soft-se.c:1258:10:SecureElementGetDevEui	0	static
soft-se.c:1263:23:SecureElementSetJoinEui	8	static
soft-se.c:1273:10:SecureElementGetJoinEui	0	static
