###############################################################################
#
# IAR ELF Linker V8.50.9.278/W32 for ARM                  09/Oct/2021  12:12:51
# Copyright 2007-2020 IAR Systems AB.
#
#    Output file  =
#        C:\Users\ray\dev\sparrow-lorawan\Application\EWARM\sparrow\Exe\sparrow.out
#    Map file     =
#        C:\Users\ray\dev\sparrow-lorawan\Application\EWARM\sparrow\List\sparrow.map
#    Command line =
#        -f C:\Users\ray\AppData\Local\Temp\EWBEB4.tmp
#        (C:\Users\ray\dev\sparrow-lorawan\Application\EWARM\sparrow\Obj\adc.o
#        C:\Users\ray\dev\sparrow-lorawan\Application\EWARM\sparrow\Obj\adc_if.o
#        C:\Users\ray\dev\sparrow-lorawan\Application\EWARM\sparrow\Obj\app.o
#        C:\Users\ray\dev\sparrow-lorawan\Application\EWARM\sparrow\Obj\appinit.o
#        C:\Users\ray\dev\sparrow-lorawan\Application\EWARM\sparrow\Obj\bin.o
#        C:\Users\ray\dev\sparrow-lorawan\Application\EWARM\sparrow\Obj\cmac.o
#        C:\Users\ray\dev\sparrow-lorawan\Application\EWARM\sparrow\Obj\debug.o
#        C:\Users\ray\dev\sparrow-lorawan\Application\EWARM\sparrow\Obj\led.o
#        C:\Users\ray\dev\sparrow-lorawan\Application\EWARM\sparrow\Obj\LmHandler.o
#        C:\Users\ray\dev\sparrow-lorawan\Application\EWARM\sparrow\Obj\LmhpCompliance.o
#        C:\Users\ray\dev\sparrow-lorawan\Application\EWARM\sparrow\Obj\lora_info.o
#        C:\Users\ray\dev\sparrow-lorawan\Application\EWARM\sparrow\Obj\LoRaMac.o
#        C:\Users\ray\dev\sparrow-lorawan\Application\EWARM\sparrow\Obj\LoRaMacAdr.o
#        C:\Users\ray\dev\sparrow-lorawan\Application\EWARM\sparrow\Obj\LoRaMacClassB.o
#        C:\Users\ray\dev\sparrow-lorawan\Application\EWARM\sparrow\Obj\LoRaMacCommands.o
#        C:\Users\ray\dev\sparrow-lorawan\Application\EWARM\sparrow\Obj\LoRaMacConfirmQueue.o
#        C:\Users\ray\dev\sparrow-lorawan\Application\EWARM\sparrow\Obj\LoRaMacCrypto.o
#        C:\Users\ray\dev\sparrow-lorawan\Application\EWARM\sparrow\Obj\LoRaMacParser.o
#        C:\Users\ray\dev\sparrow-lorawan\Application\EWARM\sparrow\Obj\LoRaMacSerializer.o
#        C:\Users\ray\dev\sparrow-lorawan\Application\EWARM\sparrow\Obj\lorawan_aes.o
#        C:\Users\ray\dev\sparrow-lorawan\Application\EWARM\sparrow\Obj\main.o
#        C:\Users\ray\dev\sparrow-lorawan\Application\EWARM\sparrow\Obj\NvmDataMgmt.o
#        C:\Users\ray\dev\sparrow-lorawan\Application\EWARM\sparrow\Obj\radio.o
#        C:\Users\ray\dev\sparrow-lorawan\Application\EWARM\sparrow\Obj\radio_board_if.o
#        C:\Users\ray\dev\sparrow-lorawan\Application\EWARM\sparrow\Obj\radio_driver.o
#        C:\Users\ray\dev\sparrow-lorawan\Application\EWARM\sparrow\Obj\radio_fw.o
#        C:\Users\ray\dev\sparrow-lorawan\Application\EWARM\sparrow\Obj\Region.o
#        C:\Users\ray\dev\sparrow-lorawan\Application\EWARM\sparrow\Obj\RegionAS923.o
#        C:\Users\ray\dev\sparrow-lorawan\Application\EWARM\sparrow\Obj\RegionAU915.o
#        C:\Users\ray\dev\sparrow-lorawan\Application\EWARM\sparrow\Obj\RegionBaseUS.o
#        C:\Users\ray\dev\sparrow-lorawan\Application\EWARM\sparrow\Obj\RegionCN470.o
#        C:\Users\ray\dev\sparrow-lorawan\Application\EWARM\sparrow\Obj\RegionCN779.o
#        C:\Users\ray\dev\sparrow-lorawan\Application\EWARM\sparrow\Obj\RegionCommon.o
#        C:\Users\ray\dev\sparrow-lorawan\Application\EWARM\sparrow\Obj\RegionEU433.o
#        C:\Users\ray\dev\sparrow-lorawan\Application\EWARM\sparrow\Obj\RegionEU868.o
#        C:\Users\ray\dev\sparrow-lorawan\Application\EWARM\sparrow\Obj\RegionIN865.o
#        C:\Users\ray\dev\sparrow-lorawan\Application\EWARM\sparrow\Obj\RegionKR920.o
#        C:\Users\ray\dev\sparrow-lorawan\Application\EWARM\sparrow\Obj\RegionRU864.o
#        C:\Users\ray\dev\sparrow-lorawan\Application\EWARM\sparrow\Obj\RegionUS915.o
#        C:\Users\ray\dev\sparrow-lorawan\Application\EWARM\sparrow\Obj\rtc.o
#        C:\Users\ray\dev\sparrow-lorawan\Application\EWARM\sparrow\Obj\sensor.o
#        C:\Users\ray\dev\sparrow-lorawan\Application\EWARM\sparrow\Obj\soft-se.o
#        C:\Users\ray\dev\sparrow-lorawan\Application\EWARM\sparrow\Obj\startup_stm32wl55xx_cm4.o
#        C:\Users\ray\dev\sparrow-lorawan\Application\EWARM\sparrow\Obj\stm32_adv_trace.o
#        C:\Users\ray\dev\sparrow-lorawan\Application\EWARM\sparrow\Obj\stm32_lpm.o
#        C:\Users\ray\dev\sparrow-lorawan\Application\EWARM\sparrow\Obj\stm32_lpm_if.o
#        C:\Users\ray\dev\sparrow-lorawan\Application\EWARM\sparrow\Obj\stm32_mem.o
#        C:\Users\ray\dev\sparrow-lorawan\Application\EWARM\sparrow\Obj\stm32_seq.o
#        C:\Users\ray\dev\sparrow-lorawan\Application\EWARM\sparrow\Obj\stm32_systime.o
#        C:\Users\ray\dev\sparrow-lorawan\Application\EWARM\sparrow\Obj\stm32_timer.o
#        C:\Users\ray\dev\sparrow-lorawan\Application\EWARM\sparrow\Obj\stm32_tiny_sscanf.o
#        C:\Users\ray\dev\sparrow-lorawan\Application\EWARM\sparrow\Obj\stm32_tiny_vsnprintf.o
#        C:\Users\ray\dev\sparrow-lorawan\Application\EWARM\sparrow\Obj\stm32wlxx_hal.o
#        C:\Users\ray\dev\sparrow-lorawan\Application\EWARM\sparrow\Obj\stm32wlxx_hal_adc.o
#        C:\Users\ray\dev\sparrow-lorawan\Application\EWARM\sparrow\Obj\stm32wlxx_hal_adc_ex.o
#        C:\Users\ray\dev\sparrow-lorawan\Application\EWARM\sparrow\Obj\stm32wlxx_hal_cortex.o
#        C:\Users\ray\dev\sparrow-lorawan\Application\EWARM\sparrow\Obj\stm32wlxx_hal_dma.o
#        C:\Users\ray\dev\sparrow-lorawan\Application\EWARM\sparrow\Obj\stm32wlxx_hal_dma_ex.o
#        C:\Users\ray\dev\sparrow-lorawan\Application\EWARM\sparrow\Obj\stm32wlxx_hal_exti.o
#        C:\Users\ray\dev\sparrow-lorawan\Application\EWARM\sparrow\Obj\stm32wlxx_hal_flash.o
#        C:\Users\ray\dev\sparrow-lorawan\Application\EWARM\sparrow\Obj\stm32wlxx_hal_flash_ex.o
#        C:\Users\ray\dev\sparrow-lorawan\Application\EWARM\sparrow\Obj\stm32wlxx_hal_gpio.o
#        C:\Users\ray\dev\sparrow-lorawan\Application\EWARM\sparrow\Obj\stm32wlxx_hal_i2c.o
#        C:\Users\ray\dev\sparrow-lorawan\Application\EWARM\sparrow\Obj\stm32wlxx_hal_i2c_ex.o
#        C:\Users\ray\dev\sparrow-lorawan\Application\EWARM\sparrow\Obj\stm32wlxx_hal_msp.o
#        C:\Users\ray\dev\sparrow-lorawan\Application\EWARM\sparrow\Obj\stm32wlxx_hal_pwr.o
#        C:\Users\ray\dev\sparrow-lorawan\Application\EWARM\sparrow\Obj\stm32wlxx_hal_pwr_ex.o
#        C:\Users\ray\dev\sparrow-lorawan\Application\EWARM\sparrow\Obj\stm32wlxx_hal_rcc.o
#        C:\Users\ray\dev\sparrow-lorawan\Application\EWARM\sparrow\Obj\stm32wlxx_hal_rcc_ex.o
#        C:\Users\ray\dev\sparrow-lorawan\Application\EWARM\sparrow\Obj\stm32wlxx_hal_rng.o
#        C:\Users\ray\dev\sparrow-lorawan\Application\EWARM\sparrow\Obj\stm32wlxx_hal_rng_ex.o
#        C:\Users\ray\dev\sparrow-lorawan\Application\EWARM\sparrow\Obj\stm32wlxx_hal_rtc.o
#        C:\Users\ray\dev\sparrow-lorawan\Application\EWARM\sparrow\Obj\stm32wlxx_hal_rtc_ex.o
#        C:\Users\ray\dev\sparrow-lorawan\Application\EWARM\sparrow\Obj\stm32wlxx_hal_spi.o
#        C:\Users\ray\dev\sparrow-lorawan\Application\EWARM\sparrow\Obj\stm32wlxx_hal_spi_ex.o
#        C:\Users\ray\dev\sparrow-lorawan\Application\EWARM\sparrow\Obj\stm32wlxx_hal_subghz.o
#        C:\Users\ray\dev\sparrow-lorawan\Application\EWARM\sparrow\Obj\stm32wlxx_hal_tim.o
#        C:\Users\ray\dev\sparrow-lorawan\Application\EWARM\sparrow\Obj\stm32wlxx_hal_tim_ex.o
#        C:\Users\ray\dev\sparrow-lorawan\Application\EWARM\sparrow\Obj\stm32wlxx_hal_uart.o
#        C:\Users\ray\dev\sparrow-lorawan\Application\EWARM\sparrow\Obj\stm32wlxx_hal_uart_ex.o
#        C:\Users\ray\dev\sparrow-lorawan\Application\EWARM\sparrow\Obj\stm32wlxx_it.o
#        C:\Users\ray\dev\sparrow-lorawan\Application\EWARM\sparrow\Obj\stm32wlxx_ll_adc.o
#        C:\Users\ray\dev\sparrow-lorawan\Application\EWARM\sparrow\Obj\strl.o
#        C:\Users\ray\dev\sparrow-lorawan\Application\EWARM\sparrow\Obj\subghz.o
#        C:\Users\ray\dev\sparrow-lorawan\Application\EWARM\sparrow\Obj\sys_app.o
#        C:\Users\ray\dev\sparrow-lorawan\Application\EWARM\sparrow\Obj\system_stm32wlxx.o
#        C:\Users\ray\dev\sparrow-lorawan\Application\EWARM\sparrow\Obj\timer_if.o
#        C:\Users\ray\dev\sparrow-lorawan\Application\EWARM\sparrow\Obj\usart_if.o
#        C:\Users\ray\dev\sparrow-lorawan\Application\EWARM\sparrow\Obj\util_if.o
#        C:\Users\ray\dev\sparrow-lorawan\Application\EWARM\sparrow\Obj\utilities.o
#        --redirect _Printf=_PrintfFull --redirect _Scanf=_ScanfFull
#        --no_out_extension -o
#        C:\Users\ray\dev\sparrow-lorawan\Application\EWARM\sparrow\Exe\sparrow.out
#        --map
#        C:\Users\ray\dev\sparrow-lorawan\Application\EWARM\sparrow\List\sparrow.map
#        --config
#        C:\Users\ray\dev\sparrow-lorawan\Application\EWARM/stm32wl55xx_flash_cm4.icf
#        --semihosting --entry __iar_program_start --vfe --text_out locale)
#
###############################################################################

*******************************************************************************
*** RUNTIME MODEL ATTRIBUTES
***

CppFlavor       = *
__SystemLibrary = DLib
__dlib_version  = 6


*******************************************************************************
*** HEAP SELECTION
***

The basic heap was selected because no calls to memory allocation
functions were found in the application outside of system library
functions, and there are calls to deallocation functions in the
application.


*******************************************************************************
*** PLACEMENT SUMMARY
***

"A0":  place at address 0x800'0000 { ro section .intvec };
"P1":  place in [from 0x800'0000 to 0x803'ffff] { ro };
define block CSTACK with size = 2K, alignment = 8 { };
define block HEAP with size = 512, alignment = 8 { };
"P2":  place in [from 0x2000'0000 to 0x2000'7fff] {
          rw, block CSTACK, block HEAP };
initialize by copy { rw };

  Section            Kind         Address      Size  Object
  -------            ----         -------      ----  ------
"A0":                                         0x138
  .intvec            ro code   0x800'0000     0x138  startup_stm32wl55xx_cm4.o [1]
                             - 0x800'0138     0x138

"P1":                                      0x1'5f06
  .text              ro code   0x800'0138    0x3780  LoRaMac.o [1]
  .text              ro code   0x800'38b8     0x264  stm32_timer.o [1]
  .text              ro code   0x800'3b1c     0x1d4  stm32_systime.o [1]
  .text              ro code   0x800'3cf0     0x344  stm32_adv_trace.o [1]
  .text              ro code   0x800'4034     0x694  Region.o [1]
  .text              ro code   0x800'46c8      0x4e  LoRaMacClassB.o [1]
  .text              ro code   0x800'4716      0x3a  zero_init3.o [4]
  .text              ro code   0x800'4750     0x540  soft-se.o [1]
  .text              ro code   0x800'4c90     0x67c  LoRaMacCrypto.o [1]
  .text              ro code   0x800'530c     0x1a0  LoRaMacConfirmQueue.o [1]
  .text              ro code   0x800'54ac     0x16a  LoRaMacParser.o [1]
  .rodata            const     0x800'5616       0x2  app.o [1]
  .text              ro code   0x800'5618      0xc0  utilities.o [1]
  .text              ro code   0x800'56d8     0x1f8  LoRaMacCommands.o [1]
  .text              ro code   0x800'58d0      0xa6  ABImemcpy.o [4]
  .rodata            const     0x800'5976       0x2  app.o [1]
  .text              ro code   0x800'5978      0x66  ABImemset.o [4]
  .rodata            const     0x800'59de       0x2  app.o [1]
  .text              ro code   0x800'59e0      0x1c  U32ToFlt.o [3]
  .text              ro code   0x800'59fc      0xc8  LoRaMacAdr.o [1]
  .text              ro code   0x800'5ac4     0x144  LoRaMacSerializer.o [1]
  .text              ro code   0x800'5c08      0x14  memset.o [4]
  .text              ro code   0x800'5c1c      0x24  stm32_mem.o [1]
  .text              ro code   0x800'5c40     0x254  stm32_tiny_vsnprintf.o [1]
  .text              ro code   0x800'5e94      0x7c  util_if.o [1]
  .text              ro code   0x800'5f10     0xad4  RegionAS923.o [1]
  .text              ro code   0x800'69e4     0xad8  RegionAU915.o [1]
  .text              ro code   0x800'74bc     0x834  RegionCN470.o [1]
  .text              ro code   0x800'7cf0     0xa88  RegionCN779.o [1]
  .text              ro code   0x800'8778     0xa7c  RegionEU433.o [1]
  .text              ro code   0x800'91f4     0xb08  RegionEU868.o [1]
  .text              ro code   0x800'9cfc     0xa98  RegionIN865.o [1]
  .text              ro code   0x800'a794     0xacc  RegionUS915.o [1]
  .text              ro code   0x800'b260     0xa58  RegionRU864.o [1]
  .text              ro code   0x800'bcb8     0x1fa  cmac.o [1]
  .rodata            const     0x800'beb2       0x2  RegionCommon.o [1]
  .text              ro code   0x800'beb4     0x4d4  lorawan_aes.o [1]
  .text              ro code   0x800'c388       0x6  ABImemclr4.o [4]
  .rodata            const     0x800'c38e       0x2  RegionCommon.o [1]
  .text              ro code   0x800'c390      0x14  strlen_small.o [4]
  .text              ro code   0x800'c3a4      0x88  stm32_lpm.o [1]
  .text              ro code   0x800'c42c     0x71c  RegionCommon.o [1]
  .text              ro code   0x800'cb48      0x90  RegionBaseUS.o [1]
  .text              ro code   0x800'cbd8      0x32  ABImemset48.o [4]
  .rodata            const     0x800'cc0a       0x2  RegionCommon.o [1]
  .text              ro code   0x800'cc0c      0x80  FltSub.o [3]
  .text              ro code   0x800'cc8c      0x48  FltToDbl.o [3]
  .text              ro code   0x800'ccd4      0x58  floor.o [3]
  .text              ro code   0x800'cd2c      0x3a  DblToS32.o [3]
  .rodata            const     0x800'cd66       0x2  RegionCommon.o [1]
  .text              ro code   0x800'cd68      0xd6  FltAdd.o [3]
  .text              ro code   0x800'ce3e       0x2  stm32wlxx_hal_uart.o [1]
  .text              ro code   0x800'ce40    0x1275  radio.o [1]
  .text              ro code   0x800'e0b6       0x2  stm32wlxx_hal_uart.o [1]
  .text              ro code   0x800'e0b8     0x98c  radio_driver.o [1]
  .text              ro code   0x800'ea44     0x13a  sys_app.o [1]
  .text              ro code   0x800'eb7e       0x2  stm32wlxx_hal_uart.o [1]
  .text              ro code   0x800'eb80      0x24  radio_fw.o [1]
  .text              ro code   0x800'eba4      0x54  subghz.o [1]
  .text              ro code   0x800'ebf8     0x14c  radio_board_if.o [1]
  .text              ro code   0x800'ed44     0x230  I64DivMod.o [4]
  .text              ro code   0x800'ef74     0x4f4  stm32wlxx_hal_subghz.o [1]
  .text              ro code   0x800'f468     0x15c  adc_if.o [1]
  .text              ro code   0x800'f5c4      0x98  stm32wlxx_hal.o [1]
  .text              ro code   0x800'f65c     0x23c  timer_if.o [1]
  .text              ro code   0x800'f898     0x1d8  stm32wlxx_it.o [1]
  .text              ro code   0x800'fa70      0x9c  stm32wlxx_hal_cortex.o [1]
  .text              ro code   0x800'fb0c     0x1ac  stm32wlxx_hal_gpio.o [1]
  .text              ro code   0x800'fcb8       0x2  I64DivZer.o [4]
  .text              ro code   0x800'fcba       0x2  stm32wlxx_hal_uart.o [1]
  .text              ro code   0x800'fcbc      0xc0  adc.o [1]
  .text              ro code   0x800'fd7c      0x9c  stm32wlxx_hal_adc_ex.o [1]
  .text              ro code   0x800'fe18     0x7d4  stm32wlxx_hal_adc.o [1]
  .text              ro code   0x801'05ec     0x87c  stm32wlxx_hal_rcc.o [1]
  .text              ro code   0x801'0e68     0x294  stm32wlxx_hal_msp.o [1]
  .text              ro code   0x801'10fc     0x114  rtc.o [1]
  .text              ro code   0x801'1210     0x386  stm32wlxx_hal_rtc.o [1]
  .text              ro code   0x801'1596       0x2  stm32wlxx_hal_uart.o [1]
  .text              ro code   0x801'1598      0xc0  stm32wlxx_hal_rtc_ex.o [1]
  .text              ro code   0x801'1658     0x1d8  debug.o [1]
  .text              ro code   0x801'1830     0x34c  stm32wlxx_hal_dma.o [1]
  .text              ro code   0x801'1b7c     0x5c2  stm32wlxx_hal_i2c.o [1]
  .text              ro code   0x801'213e       0x2  stm32wlxx_hal_uart.o [1]
  .text              ro code   0x801'2140     0x11a  stm32wlxx_hal_spi.o [1]
  .text              ro code   0x801'225a       0x2  stm32wlxx_hal_uart.o [1]
  .text              ro code   0x801'225c    0x107a  stm32wlxx_hal_uart.o [1]
  .text              ro code   0x801'32d6       0x2  stm32wlxx_hal_uart.o [1]
  .text              ro code   0x801'32d8     0x29c  appinit.o [1]
  .text              ro code   0x801'3574      0x54  stm32wlxx_hal_pwr.o [1]
  .text              ro code   0x801'35c8      0x94  stm32wlxx_hal_pwr_ex.o [1]
  .text              ro code   0x801'365c     0x1b0  stm32wlxx_hal_rcc_ex.o [1]
  .text              ro code   0x801'380c       0x2  stm32wlxx_hal_rtc_ex.o [1]
  .text              ro code   0x801'380e       0x2  stm32wlxx_hal_uart_ex.o [1]
  .text              ro code   0x801'3810     0x3c8  main.o [1]
  .text              ro code   0x801'3bd8       0x2  stm32wlxx_hal_i2c.o [1]
  .text              ro code   0x801'3bda       0x2  stm32wlxx_hal_i2c.o [1]
  .text              ro code   0x801'3bdc       0x2  stm32wlxx_hal_i2c.o [1]
  .text              ro code   0x801'3bde       0x2  stm32wlxx_hal_i2c.o [1]
  .text              ro code   0x801'3be0       0x2  stm32wlxx_hal_i2c.o [1]
  .text              ro code   0x801'3be2       0x2  stm32wlxx_hal_i2c.o [1]
  .text              ro code   0x801'3be4       0x2  stm32wlxx_hal_spi.o [1]
  .text              ro code   0x801'3be6       0x2  stm32wlxx_hal_uart_ex.o [1]
  .text              ro code   0x801'3be8     0x424  app.o [1]
  .text              ro code   0x801'400c     0x150  stm32_seq.o [1]
  .text              ro code   0x801'415c      0xfa  stm32wlxx_hal_uart_ex.o [1]
  .text              ro code   0x801'4258      0x78  lora_info.o [1]
  .text              ro code   0x801'42d0     0x9c4  LmHandler.o [1]
  .text              ro code   0x801'4c94      0x74  led.o [1]
  .text              ro code   0x801'4d08      0x58  sensor.o [1]
  .text              ro code   0x801'4d60       0x2  stm32_seq.o [1]
  .text              ro code   0x801'4d62       0x2  stm32_seq.o [1]
  .text              ro code   0x801'4d64       0xa  NvmDataMgmt.o [1]
  .text              ro code   0x801'4d70     0x2f4  LmhpCompliance.o [1]
  .text              ro code   0x801'5064      0xf4  bin.o [1]
  .rodata            const     0x801'5158     0x200  lorawan_aes.o [1]
  .rodata            const     0x801'5358     0x100  lorawan_aes.o [1]
  .rodata            const     0x801'5458      0xc0  soft-se.o [1]
  .rodata            const     0x801'5518      0xb0  radio_driver.o [1]
  .rodata            const     0x801'55c8      0x90  RegionEU868.o [1]
  .rodata            const     0x801'5658      0x84  radio.o [1]
  .rodata            const     0x801'56dc      0x80  system_stm32wlxx.o [1]
  .rodata            const     0x801'575c      0x54  soft-se.o [1]
  .rodata            const     0x801'57b0      0x50  stm32_tiny_vsnprintf.o [1]
  .rodata            const     0x801'5800      0x4c  LmHandler.o [1]
  .text              ro code   0x801'584c      0x4a  stm32_lpm_if.o [1]
  .text              ro code   0x801'5898      0x10  stm32wlxx_hal.o [1]
  .text              ro code   0x801'58a8      0x10  stm32wlxx_hal.o [1]
  .rodata            const     0x801'58b8      0x48  app.o [1]
  .rodata            const     0x801'5900      0x40  RegionAU915.o [1]
  .rodata            const     0x801'5940      0x40  RegionUS915.o [1]
  .text              ro code   0x801'5980      0x40  usart_if.o [1]
  .rodata            const     0x801'59c0      0x3c  LmHandler.o [1]
  .rodata            const     0x801'59fc      0x3c  LmHandler.o [1]
  .text              ro code   0x801'5a38      0x38  packbits_init_single.o [4]
  .rodata            const     0x801'5a70      0x34  app.o [1]
  .rodata            const     0x801'5aa4      0x34  app.o [1]
  .rodata            const     0x801'5ad8      0x34  app.o [1]
  .rodata            const     0x801'5b0c      0x2c  app.o [1]
  .rodata            const     0x801'5b38      0x2c  RegionAU915.o [1]
  .rodata            const     0x801'5b64      0x2c  timer_if.o [1]
  .rodata            const     0x801'5b90      0x28  LmHandler.o [1]
  .text              ro code   0x801'5bb8      0x28  data_init.o [4]
  .iar.init_table    const     0x801'5be0      0x20  - Linker created -
  .rodata            const     0x801'5c00      0x20  app.o [1]
  .rodata            const     0x801'5c20      0x20  app.o [1]
  .rodata            const     0x801'5c40      0x20  app.o [1]
  .rodata            const     0x801'5c60      0x20  app.o [1]
  .rodata            const     0x801'5c80      0x20  app.o [1]
  .rodata            const     0x801'5ca0      0x20  app.o [1]
  .rodata            const     0x801'5cc0      0x20  system_stm32wlxx.o [1]
  .text              ro code   0x801'5ce0      0x1e  cmain.o [4]
  .text              ro code   0x801'5cfe       0x4  low_level_init.o [2]
  .text              ro code   0x801'5d02       0x4  exit.o [2]
  .text              ro code   0x801'5d08       0xa  cexit.o [4]
  .text              ro code   0x801'5d14      0x14  exit.o [5]
  .rodata            const     0x801'5d28      0x1c  app.o [1]
  .rodata            const     0x801'5d44      0x1c  LmHandler.o [1]
  .rodata            const     0x801'5d60      0x1c  sensor.o [1]
  .text              ro code   0x801'5d7c      0x1c  cstartup_M.o [4]
  .rodata            const     0x801'5d98      0x18  app.o [1]
  .rodata            const     0x801'5db0      0x18  app.o [1]
  .rodata            const     0x801'5dc8      0x18  stm32_lpm_if.o [1]
  .rodata            const     0x801'5de0      0x14  app.o [1]
  .rodata            const     0x801'5df4      0x14  timer_if.o [1]
  .rodata            const     0x801'5e08      0x10  app.o [1]
  .rodata            const     0x801'5e18      0x10  app.o [1]
  .rodata            const     0x801'5e28      0x10  app.o [1]
  .rodata            const     0x801'5e38      0x10  LoRaMac.o [1]
  .rodata            const     0x801'5e48      0x10  LoRaMac.o [1]
  .rodata            const     0x801'5e58      0x10  LoRaMac.o [1]
  .rodata            const     0x801'5e68      0x10  LoRaMac.o [1]
  .rodata            const     0x801'5e78      0x10  LoRaMac.o [1]
  .rodata            const     0x801'5e88      0x10  usart_if.o [1]
  .text              ro code   0x801'5e98      0x10  startup_stm32wl55xx_cm4.o [1]
  .rodata            const     0x801'5ea8       0xc  app.o [1]
  .rodata            const     0x801'5eb4       0xc  app.o [1]
  .rodata            const     0x801'5ec0       0x8  app.o [1]
  .rodata            const     0x801'5ec8       0x8  LmHandler.o [1]
  .rodata            const     0x801'5ed0       0x8  LmHandler.o [1]
  .rodata            const     0x801'5ed8       0x8  RegionCommon.o [1]
  .rodata            const     0x801'5ee0       0x8  RegionCommon.o [1]
  .text              ro code   0x801'5ee8       0x4  startup_stm32wl55xx_cm4.o [1]
  .text              ro code   0x801'5eec       0x4  startup_stm32wl55xx_cm4.o [1]
  .text              ro code   0x801'5ef0       0x4  startup_stm32wl55xx_cm4.o [1]
  .text              ro code   0x801'5ef4       0x4  startup_stm32wl55xx_cm4.o [1]
  .text              ro code   0x801'5ef8       0x4  startup_stm32wl55xx_cm4.o [1]
  .text              ro code   0x801'5efc       0x4  startup_stm32wl55xx_cm4.o [1]
  .text              ro code   0x801'5f00       0x4  startup_stm32wl55xx_cm4.o [1]
  .text              ro code   0x801'5f04       0x4  startup_stm32wl55xx_cm4.o [1]
  .text              ro code   0x801'5f08       0x4  startup_stm32wl55xx_cm4.o [1]
  .text              ro code   0x801'5f0c       0x4  startup_stm32wl55xx_cm4.o [1]
  .text              ro code   0x801'5f10       0x4  startup_stm32wl55xx_cm4.o [1]
  .text              ro code   0x801'5f14       0x4  startup_stm32wl55xx_cm4.o [1]
  .text              ro code   0x801'5f18       0x4  startup_stm32wl55xx_cm4.o [1]
  .text              ro code   0x801'5f1c       0x4  startup_stm32wl55xx_cm4.o [1]
  .text              ro code   0x801'5f20       0x4  startup_stm32wl55xx_cm4.o [1]
  .text              ro code   0x801'5f24       0x4  startup_stm32wl55xx_cm4.o [1]
  .text              ro code   0x801'5f28       0x4  startup_stm32wl55xx_cm4.o [1]
  .text              ro code   0x801'5f2c       0x4  startup_stm32wl55xx_cm4.o [1]
  .text              ro code   0x801'5f30       0x4  startup_stm32wl55xx_cm4.o [1]
  .text              ro code   0x801'5f34       0x4  startup_stm32wl55xx_cm4.o [1]
  .text              ro code   0x801'5f38       0x4  startup_stm32wl55xx_cm4.o [1]
  .text              ro code   0x801'5f3c       0x4  startup_stm32wl55xx_cm4.o [1]
  .text              ro code   0x801'5f40       0x4  startup_stm32wl55xx_cm4.o [1]
  .text              ro code   0x801'5f44       0x4  startup_stm32wl55xx_cm4.o [1]
  .text              ro code   0x801'5f48       0x4  startup_stm32wl55xx_cm4.o [1]
  .text              ro code   0x801'5f4c       0x4  startup_stm32wl55xx_cm4.o [1]
  .text              ro code   0x801'5f50       0x4  startup_stm32wl55xx_cm4.o [1]
  .text              ro code   0x801'5f54       0x4  startup_stm32wl55xx_cm4.o [1]
  .text              ro code   0x801'5f58       0x4  startup_stm32wl55xx_cm4.o [1]
  .text              ro code   0x801'5f5c       0x4  startup_stm32wl55xx_cm4.o [1]
  .text              ro code   0x801'5f60       0x4  startup_stm32wl55xx_cm4.o [1]
  .text              ro code   0x801'5f64       0x4  startup_stm32wl55xx_cm4.o [1]
  .text              ro code   0x801'5f68       0x4  startup_stm32wl55xx_cm4.o [1]
  .text              ro code   0x801'5f6c       0x4  startup_stm32wl55xx_cm4.o [1]
  .text              ro code   0x801'5f70       0x4  startup_stm32wl55xx_cm4.o [1]
  .text              ro code   0x801'5f74       0x4  startup_stm32wl55xx_cm4.o [1]
  .text              ro code   0x801'5f78       0x4  startup_stm32wl55xx_cm4.o [1]
  .text              ro code   0x801'5f7c       0x4  startup_stm32wl55xx_cm4.o [1]
  .text              ro code   0x801'5f80       0x4  startup_stm32wl55xx_cm4.o [1]
  .text              ro code   0x801'5f84       0x2  system_stm32wlxx.o [1]
  .rodata            const     0x801'5f86       0x0  zero_init3.o [4]
  .rodata            const     0x801'5f86       0x0  packbits_init_single.o [4]
  Initializer bytes  const     0x801'5f86      0xb8  <for P2-1>
                             - 0x801'603e  0x1'5f06

"P2", part 1 of 3:                            0x157
  P2-1                        0x2000'0000     0x157  <Init block>
    .data            inited   0x2000'0000       0x4  app.o [1]
    .data            inited   0x2000'0004       0x4  app.o [1]
    .data            inited   0x2000'0008      0x34  app.o [1]
    .data            inited   0x2000'003c      0x10  app.o [1]
    .data            inited   0x2000'004c       0x8  app.o [1]
    .data            inited   0x2000'0054      0x18  app.o [1]
    .data            inited   0x2000'006c      0x18  LmHandler.o [1]
    .data            inited   0x2000'0084       0xc  LmHandler.o [1]
    .data            inited   0x2000'0090       0x4  LmHandler.o [1]
    .data            inited   0x2000'0094      0x10  LmHandler.o [1]
    .data            inited   0x2000'00a4       0x8  LmHandler.o [1]
    .data            inited   0x2000'00ac      0x64  LmhpCompliance.o [1]
    .data            inited   0x2000'0110       0x8  LoRaMacCrypto.o [1]
    .data            inited   0x2000'0118      0x28  stm32_seq.o [1]
    .data            inited   0x2000'0140       0xc  stm32wlxx_hal.o [1]
    .data            inited   0x2000'014c       0x4  system_stm32wlxx.o [1]
    .data            inited   0x2000'0150       0x4  utilities.o [1]
    .data            inited   0x2000'0154       0x1  app.o [1]
    .data            inited   0x2000'0155       0x1  appinit.o [1]
    .data            inited   0x2000'0156       0x1  radio.o [1]
                            - 0x2000'0157     0x157

"P2", part 2 of 3:                           0x22ec
  .bss               zero     0x2000'0158     0x730  LoRaMac.o [1]
  .bss               zero     0x2000'0888     0x508  LoRaMac.o [1]
  .bss               zero     0x2000'0d90     0x400  stm32_adv_trace.o [1]
  .bss               zero     0x2000'1190     0x200  stm32_adv_trace.o [1]
  .bss               zero     0x2000'1390     0x1f4  debug.o [1]
  .bss               zero     0x2000'1600     0x138  main.o [1]
  .bss               zero     0x2000'1738     0x100  radio.o [1]
  .bss               zero     0x2000'1838      0xfc  LoRaMacCommands.o [1]
  .bss               zero     0x2000'1934      0xf4  app.o [1]
  .bss               zero     0x2000'1a28      0xf4  LmHandler.o [1]
  .bss               zero     0x2000'1b1c      0xc8  main.o [1]
  .bss               zero     0x2000'1be4      0xc8  main.o [1]
  .bss               zero     0x2000'1cac      0xc8  main.o [1]
  .bss               zero     0x2000'1d74      0x8c  radio.o [1]
  .bss               zero     0x2000'1e00      0x80  stm32_seq.o [1]
  .bss               zero     0x2000'1e80      0x64  adc.o [1]
  .bss               zero     0x2000'1ee4      0x64  main.o [1]
  .bss               zero     0x2000'1f48      0x60  main.o [1]
  .bss               zero     0x2000'1fa8      0x60  main.o [1]
  .bss               zero     0x2000'2008      0x60  main.o [1]
  .bss               zero     0x2000'2068      0x60  main.o [1]
  .bss               zero     0x2000'20c8      0x60  main.o [1]
  .bss               zero     0x2000'2128      0x60  main.o [1]
  .bss               zero     0x2000'2188      0x60  main.o [1]
  .bss               zero     0x2000'21e8      0x4c  main.o [1]
  .bss               zero     0x2000'2234      0x38  rtc.o [1]
  .bss               zero     0x2000'226c      0x24  LoRaMacConfirmQueue.o [1]
  .bss               zero     0x2000'2290      0x18  app.o [1]
  .bss               zero     0x2000'22a8      0x18  app.o [1]
  .bss               zero     0x2000'22c0      0x18  app.o [1]
  .bss               zero     0x2000'22d8      0x18  app.o [1]
  .bss               zero     0x2000'22f0      0x18  LmHandler.o [1]
  .bss               zero     0x2000'2308      0x18  stm32_adv_trace.o [1]
  .bss               zero     0x2000'2320      0x14  bin.o [1]
  .bss               zero     0x2000'2334      0x14  LmHandler.o [1]
  .bss               zero     0x2000'2348      0x14  LmHandler.o [1]
  .bss               zero     0x2000'235c      0x10  LmHandler.o [1]
  .bss               zero     0x2000'236c      0x10  LmHandler.o [1]
  .bss               zero     0x2000'237c      0x10  lora_info.o [1]
  .bss               zero     0x2000'238c      0x10  LoRaMac.o [1]
  .bss               zero     0x2000'239c       0xc  subghz.o [1]
  .bss               zero     0x2000'23a8       0x8  radio_driver.o [1]
  .bss               zero     0x2000'23b0       0x8  radio_driver.o [1]
  .bss               zero     0x2000'23b8       0x8  RegionAS923.o [1]
  .bss               zero     0x2000'23c0       0x8  RegionAU915.o [1]
  .bss               zero     0x2000'23c8       0x8  RegionCN470.o [1]
  .bss               zero     0x2000'23d0       0x8  RegionCN779.o [1]
  .bss               zero     0x2000'23d8       0x8  RegionEU433.o [1]
  .bss               zero     0x2000'23e0       0x8  RegionEU868.o [1]
  .bss               zero     0x2000'23e8       0x8  RegionIN865.o [1]
  .bss               zero     0x2000'23f0       0x8  RegionRU864.o [1]
  .bss               zero     0x2000'23f8       0x8  RegionUS915.o [1]
  .bss               zero     0x2000'2400       0x8  stm32_lpm.o [1]
  .bss               zero     0x2000'2408       0x4  debug.o [1]
  .bss               zero     0x2000'240c       0x4  debug.o [1]
  .bss               zero     0x2000'2410       0x4  debug.o [1]
  .bss               zero     0x2000'2414       0x4  LmHandler.o [1]
  .bss               zero     0x2000'2418       0x4  LoRaMac.o [1]
  .bss               zero     0x2000'241c       0x4  LoRaMac.o [1]
  .bss               zero     0x2000'2420       0x4  LoRaMacCrypto.o [1]
  .bss               zero     0x2000'2424       0x4  main.o [1]
  .bss               zero     0x2000'2428       0x4  main.o [1]
  .bss               zero     0x2000'242c       0x4  main.o [1]
  .bss               zero     0x2000'2430       0x4  main.o [1]
  .bss               zero     0x2000'2434       0x4  soft-se.o [1]
  .bss               zero     0x2000'2438       0x4  stm32_timer.o [1]
  .bss               zero     0x2000'243c       0x4  timer_if.o [1]
  .bss               zero     0x2000'2440       0x1  appinit.o [1]
  .bss               zero     0x2000'2441       0x1  debug.o [1]
  .bss               zero     0x2000'2442       0x1  LmHandler.o [1]
  .bss               zero     0x2000'2443       0x1  timer_if.o [1]
                            - 0x2000'2444    0x22ec

"P2", part 3 of 3:                            0x800
  CSTACK                      0x2000'2448     0x800  <Block>
    CSTACK           uninit   0x2000'2448     0x800  <Block tail>
                            - 0x2000'2c48     0x800

Unused ranges:

         From           To      Size
         ----           --      ----
   0x801'603e   0x803'ffff  0x2'9fc2
  0x2000'0157  0x2000'0157       0x1
  0x2000'2444  0x2000'2447       0x4
  0x2000'2c48  0x2000'7fff    0x53b8


*******************************************************************************
*** INIT TABLE
***

          Address      Size
          -------      ----
Zero (__iar_zero_init3)
    1 destination range, total size 0x22ec:
          0x2000'0158  0x22ec

Copy/packbits (__iar_packbits_init_single3)
    1 source range, total size 0xb8 (53% of destination):
           0x801'5f86    0xb8
    1 destination range, total size 0x157:
          0x2000'0000   0x157



*******************************************************************************
*** MODULE SUMMARY
***

    Module                     ro code  ro data  rw data
    ------                     -------  -------  -------
command line/config:
    ----------------------------------------------------
    Total:

C:\Users\ray\dev\sparrow-lorawan\Application\EWARM\sparrow\Obj: [1]
    LmHandler.o                  2'500      315      409
    LmhpCompliance.o               756       53      100
    LoRaMac.o                   14'208       80    3'152
    LoRaMacAdr.o                   200
    LoRaMacClassB.o                 78
    LoRaMacCommands.o              504               252
    LoRaMacConfirmQueue.o          416                36
    LoRaMacCrypto.o              1'660        5       12
    LoRaMacParser.o                362
    LoRaMacSerializer.o            324
    NvmDataMgmt.o                   10
    Region.o                     1'684
    RegionAS923.o                2'772                 8
    RegionAU915.o                2'776      108        8
    RegionBaseUS.o                 144
    RegionCN470.o                2'100                 8
    RegionCN779.o                2'696                 8
    RegionCommon.o               1'820       24
    RegionEU433.o                2'684                 8
    RegionEU868.o                2'824      144        8
    RegionIN865.o                2'712                 8
    RegionRU864.o                2'648                 8
    RegionUS915.o                2'764       64        8
    adc.o                          192               100
    adc_if.o                       348
    app.o                        1'060      703      449
    appinit.o                      668        1        2
    bin.o                          244                20
    cmac.o                         506
    debug.o                        472               513
    led.o                          116
    lora_info.o                    120                16
    lorawan_aes.o                1'236      768
    main.o                         968             1'776
    radio.o                      4'725      133      397
    radio_board_if.o               332
    radio_driver.o               2'444      176       16
    radio_fw.o                      36
    rtc.o                          276                56
    sensor.o                        88       28
    soft-se.o                    1'344      276        4
    startup_stm32wl55xx_cm4.o      484
    stm32_adv_trace.o              836             1'560
    stm32_lpm.o                    136                 8
    stm32_lpm_if.o                  74       24
    stm32_mem.o                     36
    stm32_seq.o                    340       21      168
    stm32_systime.o                468
    stm32_timer.o                  612                 4
    stm32_tiny_vsnprintf.o         596       80
    stm32wlxx_hal.o                184        7       12
    stm32wlxx_hal_adc.o          2'004
    stm32wlxx_hal_adc_ex.o         156
    stm32wlxx_hal_cortex.o         156
    stm32wlxx_hal_dma.o            844
    stm32wlxx_hal_gpio.o           428
    stm32wlxx_hal_i2c.o          1'486
    stm32wlxx_hal_msp.o            660
    stm32wlxx_hal_pwr.o             84
    stm32wlxx_hal_pwr_ex.o         148
    stm32wlxx_hal_rcc.o          2'172
    stm32wlxx_hal_rcc_ex.o         432
    stm32wlxx_hal_rtc.o            902
    stm32wlxx_hal_rtc_ex.o         194
    stm32wlxx_hal_spi.o            284
    stm32wlxx_hal_subghz.o       1'268
    stm32wlxx_hal_uart.o         4'234
    stm32wlxx_hal_uart_ex.o        254
    stm32wlxx_it.o                 472
    subghz.o                        84                12
    sys_app.o                      314
    system_stm32wlxx.o               2      162        4
    timer_if.o                     572       64        5
    usart_if.o                      64       16
    util_if.o                      124
    utilities.o                    192        2        4
    ----------------------------------------------------
    Total:                      85'113    3'254    9'159

dl7M_tlf.a: [2]
    exit.o                           4
    low_level_init.o                 4
    ----------------------------------------------------
    Total:                           8

m7M_tl.a: [3]
    DblToS32.o                      58
    FltAdd.o                       214
    FltSub.o                       128
    FltToDbl.o                      72
    U32ToFlt.o                      28
    floor.o                         88
    ----------------------------------------------------
    Total:                         588

rt7M_tl.a: [4]
    ABImemclr4.o                     6
    ABImemcpy.o                    166
    ABImemset.o                    102
    ABImemset48.o                   50
    I64DivMod.o                    560
    I64DivZer.o                      2
    cexit.o                         10
    cmain.o                         30
    cstartup_M.o                    28
    data_init.o                     40
    memset.o                        20
    packbits_init_single.o          56
    strlen_small.o                  20
    zero_init3.o                    58
    ----------------------------------------------------
    Total:                       1'148

shb_l.a: [5]
    exit.o                          20
    ----------------------------------------------------
    Total:                          20

    Gaps                            11               124
    Linker created                           32    2'048
--------------------------------------------------------
    Grand Total:                86'888    3'286   11'331


*******************************************************************************
*** ENTRY LIST
***

Entry                       Address   Size  Type      Object
-----                       -------   ----  ----      ------
.iar.init_table$$Base    0x801'5be0          --   Gb  - Linker created -
.iar.init_table$$Limit   0x801'5c00          --   Gb  - Linker created -
?main                    0x801'5ce1         Code  Gb  cmain.o [4]
ADC_ConversionStop       0x801'043f   0x4a  Code  Gb  stm32wlxx_hal_adc.o [1]
ADC_Disable              0x801'0575   0x64  Code  Gb  stm32wlxx_hal_adc.o [1]
ADC_Enable               0x801'0491   0x88  Code  Gb  stm32wlxx_hal_adc.o [1]
ADC_ReadChannels         0x800'f52d   0x70  Code  Lc  adc_if.o [1]
ADV_TRACE_Buffer        0x2000'0d90  0x400  Data  Lc  stm32_adv_trace.o [1]
ADV_TRACE_Ctx           0x2000'2308   0x18  Data  Lc  stm32_adv_trace.o [1]
AES_CMAC_Final           0x800'bd9f   0xac  Code  Gb  cmac.o [1]
AES_CMAC_Init            0x800'bcb9   0x22  Code  Gb  cmac.o [1]
AES_CMAC_SetKey          0x800'bcdb    0xa  Code  Gb  cmac.o [1]
AES_CMAC_Update          0x800'bce5   0x9c  Code  Gb  cmac.o [1]
AHBPrescTable            0x801'56dc   0x40  Data  Gb  system_stm32wlxx.o [1]
APBPrescTable            0x801'5cc0   0x20  Data  Gb  system_stm32wlxx.o [1]
AckTimeoutRetriesFinalize
                         0x800'27ed   0x44  Code  Lc  LoRaMac.o [1]
AckTimeoutRetriesProcess
                         0x800'2795   0x58  Code  Lc  LoRaMac.o [1]
ActivationType          0x2000'0154    0x1  Data  Lc  app.o [1]
AppData                 0x2000'004c    0x8  Data  Lc  app.o [1]
AppData                 0x2000'00a4    0x8  Data  Lc  LmHandler.o [1]
AppDataBuffer           0x2000'1934   0xf4  Data  Lc  app.o [1]
AppDataBuffer           0x2000'1a28   0xf4  Data  Lc  LmHandler.o [1]
App_Init                 0x801'3be9  0x10a  Code  Gb  app.o [1]
Bandwidths               0x800'd520    0x4  Data  Gb  radio.o [1]
BandwidthsAS923          0x800'697c   0x20  Data  Lc  RegionAS923.o [1]
BandwidthsAU915          0x801'5900   0x40  Data  Lc  RegionAU915.o [1]
BandwidthsCN470          0x800'7cb8   0x18  Data  Lc  RegionCN470.o [1]
BandwidthsCN779          0x800'8714   0x20  Data  Lc  RegionCN779.o [1]
BandwidthsEU433          0x800'9190   0x20  Data  Lc  RegionEU433.o [1]
BandwidthsEU868          0x800'9c98   0x20  Data  Lc  RegionEU868.o [1]
BandwidthsIN865          0x800'a728   0x20  Data  Lc  RegionIN865.o [1]
BandwidthsRU864          0x800'bc60   0x20  Data  Lc  RegionRU864.o [1]
BandwidthsUS915          0x801'5940   0x40  Data  Lc  RegionUS915.o [1]
BusFault_Handler         0x800'f8e7    0xc  Code  Gb  stm32wlxx_it.o [1]
CSTACK$$Base            0x2000'2448          --   Gb  - Linker created -
CSTACK$$Limit           0x2000'2c48          --   Gb  - Linker created -
CalculateBackOff         0x800'1fb9   0x22  Code  Lc  LoRaMac.o [1]
CallNvmDataChangeCallback
                         0x800'276d   0x28  Code  Lc  LoRaMac.o [1]
CheckForClassBCollision
                         0x800'1c99   0x34  Code  Lc  LoRaMac.o [1]
CheckRetransConfirmedUplink
                         0x800'26e1   0x32  Code  Lc  LoRaMac.o [1]
CheckRetransUnconfirmedUplink
                         0x800'269f   0x42  Code  Lc  LoRaMac.o [1]
CommandsCtx             0x2000'1838   0xfc  Data  Lc  LoRaMacCommands.o [1]
CommissioningParams     0x2000'006c   0x18  Data  Lc  LmHandler.o [1]
ComplianceTestState     0x2000'00ac   0x14  Data  Lc  LmhpCompliance.o [1]
ComplianceTxNextPacketTimer
                        0x2000'00f8   0x18  Data  Lc  LmhpCompliance.o [1]
ComputeCmac              0x800'4851   0x76  Code  Lc  soft-se.o [1]
ComputeRxWindowParameters
                         0x800'1ccd   0x8c  Code  Lc  LoRaMac.o [1]
ConfirmQueueCtx         0x2000'226c   0x24  Data  Lc  LoRaMacConfirmQueue.o [1]
Crc32                    0x800'568f   0x32  Code  Gb  utilities.o [1]
CryptoNvm               0x2000'2420    0x4  Data  Lc  LoRaMacCrypto.o [1]
CtxRestoreDone          0x2000'2442    0x1  Data  Lc  LmHandler.o [1]
CurrentTaskIdx          0x2000'013c    0x4  Data  Lc  stm32_seq.o [1]
DMA1_Channel1_IRQHandler
                         0x800'f935    0xa  Code  Gb  stm32wlxx_it.o [1]
DMA1_Channel2_IRQHandler
                         0x800'f93f    0xa  Code  Gb  stm32wlxx_it.o [1]
DMA1_Channel4_IRQHandler
                         0x800'f949    0xa  Code  Gb  stm32wlxx_it.o [1]
DMA1_Channel5_IRQHandler
                         0x800'f921    0xa  Code  Gb  stm32wlxx_it.o [1]
DMA1_Channel6_IRQHandler
                         0x800'f92b    0xa  Code  Gb  stm32wlxx_it.o [1]
DMA2_Channel1_IRQHandler
                         0x800'f90d    0xa  Code  Gb  stm32wlxx_it.o [1]
DMA2_Channel2_IRQHandler
                         0x800'f917    0xa  Code  Gb  stm32wlxx_it.o [1]
DMA_CalcDMAMUXChannelBaseAndMask
                         0x801'1ad9   0x4c  Code  Lc  stm32wlxx_hal_dma.o [1]
DMA_CalcDMAMUXRequestGenBaseAndMask
                         0x801'1b25   0x20  Code  Lc  stm32wlxx_hal_dma.o [1]
DatarateOffsetsAU915     0x801'5b38   0x2c  Data  Lc  RegionAU915.o [1]
DatarateOffsetsUS915     0x800'b21c   0x14  Data  Lc  RegionUS915.o [1]
DataratesAS923           0x800'6974    0x8  Data  Lc  RegionAS923.o [1]
DataratesAU915           0x800'745c   0x10  Data  Lc  RegionAU915.o [1]
DataratesCN470           0x800'7cb0    0x8  Data  Lc  RegionCN470.o [1]
DataratesCN779           0x800'870c    0x8  Data  Lc  RegionCN779.o [1]
DataratesEU433           0x800'9188    0x8  Data  Lc  RegionEU433.o [1]
DataratesEU868           0x800'9c90    0x8  Data  Lc  RegionEU868.o [1]
DataratesIN865           0x800'a720    0x8  Data  Lc  RegionIN865.o [1]
DataratesRU864           0x800'bc58    0x8  Data  Lc  RegionRU864.o [1]
DataratesUS915           0x800'b20c   0x10  Data  Lc  RegionUS915.o [1]
DebugMon_Handler         0x800'f8fd    0x2  Code  Gb  stm32wlxx_it.o [1]
DeriveSessionKey10x      0x800'4dbf   0x6a  Code  Lc  LoRaMacCrypto.o [1]
DetermineFrameType       0x800'2637   0x68  Code  Lc  LoRaMac.o [1]
DisplayClassUpdate       0x801'4c4d   0x1c  Code  Lc  LmHandler.o [1]
EXTI0_IRQHandler         0x800'f9c1    0xa  Code  Gb  stm32wlxx_it.o [1]
EXTI15_10_IRQHandler     0x800'f9ff    0xc  Code  Gb  stm32wlxx_it.o [1]
EXTI1_IRQHandler         0x800'f9cb    0xa  Code  Gb  stm32wlxx_it.o [1]
EXTI2_IRQHandler         0x800'f9d5    0xa  Code  Gb  stm32wlxx_it.o [1]
EXTI3_IRQHandler         0x800'f9df    0xa  Code  Gb  stm32wlxx_it.o [1]
EXTI4_IRQHandler         0x800'f9e9    0xa  Code  Gb  stm32wlxx_it.o [1]
EXTI9_5_IRQHandler       0x800'f9f3    0xc  Code  Gb  stm32wlxx_it.o [1]
EffectiveRx1DrOffsetAS923
                         0x800'69b4    0x8  Data  Lc  RegionAS923.o [1]
EffectiveRx1DrOffsetIN865
                         0x800'a758    0x8  Data  Lc  RegionIN865.o [1]
Error_Handler            0x800'fa65    0xc  Code  Gb  stm32wlxx_it.o [1]
EvtSet                  0x2000'0134    0x4  Data  Lc  stm32_seq.o [1]
EvtWaited               0x2000'0138    0x4  Data  Lc  stm32_seq.o [1]
FrequencyError          0x2000'23b4    0x4  Data  Gb  radio_driver.o [1]
FskBandwidths            0x801'5518   0xb0  Data  Lc  radio_driver.o [1]
GPIO_EXTI_IRQHandler     0x800'f99d   0x24  Code  Gb  stm32wlxx_it.o [1]
GetBatteryLevel          0x800'ea6d   0x40  Code  Gb  sys_app.o [1]
GetDevAddr               0x800'eb3f   0x28  Code  Gb  sys_app.o [1]
GetDutyCycle             0x800'c42d   0x2e  Code  Lc  RegionCommon.o [1]
GetElement               0x800'5321   0x2a  Code  Lc  LoRaMacConfirmQueue.o [1]
GetFCntDown              0x800'1197   0x72  Code  Lc  LoRaMac.o [1]
GetKeyAddrItem           0x800'4d97   0x28  Code  Lc  LoRaMacCrypto.o [1]
GetKeyByID               0x800'4839   0x18  Code  Lc  soft-se.o [1]
GetLastFcntDown          0x800'4e29   0x40  Code  Lc  LoRaMacCrypto.o [1]
GetMaxAppPayloadWithoutFOptsLength
                         0x800'1337   0x36  Code  Lc  LoRaMac.o [1]
GetNvmData               0x800'251f    0x6  Code  Lc  LoRaMac.o [1]
GetTemperatureLevel      0x800'eaad   0x14  Code  Gb  sys_app.o [1]
GetTimeOnAir             0x800'5f31   0x54  Code  Lc  RegionAS923.o [1]
GetTimeOnAir             0x800'6a29   0x34  Code  Lc  RegionAU915.o [1]
GetTimeOnAir             0x800'7501   0x34  Code  Lc  RegionCN470.o [1]
GetTimeOnAir             0x800'7d11   0x54  Code  Lc  RegionCN779.o [1]
GetTimeOnAir             0x800'8799   0x54  Code  Lc  RegionEU433.o [1]
GetTimeOnAir             0x800'9279   0x54  Code  Lc  RegionEU868.o [1]
GetTimeOnAir             0x800'9d1d   0x54  Code  Lc  RegionIN865.o [1]
GetTimeOnAir             0x800'b281   0x54  Code  Lc  RegionRU864.o [1]
GetTimeOnAir             0x800'a80f   0x34  Code  Lc  RegionUS915.o [1]
GetTimerTicks            0x800'f873   0x12  Code  Lc  timer_if.o [1]
GetUniqueId              0x800'eac1   0x7e  Code  Gb  sys_app.o [1]
HAL_ADCEx_Calibration_Start
                         0x800'fd7d   0x9c  Code  Gb  stm32wlxx_hal_adc_ex.o [1]
HAL_ADC_ConfigChannel    0x801'027b  0x1a2  Code  Gb  stm32wlxx_hal_adc.o [1]
HAL_ADC_DeInit           0x801'0063   0xa0  Code  Gb  stm32wlxx_hal_adc.o [1]
HAL_ADC_GetValue         0x801'0275    0x6  Code  Gb  stm32wlxx_hal_adc.o [1]
HAL_ADC_Init             0x800'fe3f  0x218  Code  Gb  stm32wlxx_hal_adc.o [1]
HAL_ADC_MspDeInit        0x800'fd5b   0x16  Code  Gb  adc.o [1]
HAL_ADC_MspInit          0x800'fd45   0x16  Code  Gb  adc.o [1]
HAL_ADC_PollForConversion
                         0x801'0153   0xc0  Code  Gb  stm32wlxx_hal_adc.o [1]
HAL_ADC_Start            0x801'0103   0x30  Code  Gb  stm32wlxx_hal_adc.o [1]
HAL_ADC_Stop             0x801'0133   0x20  Code  Gb  stm32wlxx_hal_adc.o [1]
HAL_DBGMCU_DisableDBGSleepMode
                         0x800'f601    0x4  Code  Gb  stm32wlxx_hal.o [1]
HAL_DBGMCU_DisableDBGStandbyMode
                         0x800'f629    0xc  Code  Gb  stm32wlxx_hal.o [1]
HAL_DBGMCU_DisableDBGStopMode
                         0x800'f611    0xc  Code  Gb  stm32wlxx_hal.o [1]
HAL_DBGMCU_EnableDBGSleepMode
                         0x800'f5fd    0x4  Code  Gb  stm32wlxx_hal.o [1]
HAL_DBGMCU_EnableDBGStandbyMode
                         0x800'f61d    0xc  Code  Gb  stm32wlxx_hal.o [1]
HAL_DBGMCU_EnableDBGStopMode
                         0x800'f605    0xc  Code  Gb  stm32wlxx_hal.o [1]
HAL_DMA_Abort            0x801'190d   0x68  Code  Gb  stm32wlxx_hal_dma.o [1]
HAL_DMA_Abort_IT         0x801'1975   0x6c  Code  Gb  stm32wlxx_hal_dma.o [1]
HAL_DMA_ConfigChannelAttributes
                         0x801'1ab9   0x20  Code  Gb  stm32wlxx_hal_dma.o [1]
HAL_DMA_GetState         0x801'1ab3    0x6  Code  Gb  stm32wlxx_hal_dma.o [1]
HAL_DMA_IRQHandler       0x801'19e1   0xd0  Code  Gb  stm32wlxx_hal_dma.o [1]
HAL_DMA_Init             0x801'1831   0x90  Code  Gb  stm32wlxx_hal_dma.o [1]
HAL_Delay                0x800'eb75    0xa  Code  Gb  sys_app.o [1]
HAL_GPIO_EXTI_Callback   0x800'f98f    0xe  Code  Gb  stm32wlxx_it.o [1]
HAL_GPIO_Init            0x800'fb0d  0x182  Code  Gb  stm32wlxx_hal_gpio.o [1]
HAL_GPIO_ReadPin         0x800'fc8f    0xc  Code  Gb  stm32wlxx_hal_gpio.o [1]
HAL_GPIO_WritePin        0x800'fc9b    0xa  Code  Gb  stm32wlxx_hal_gpio.o [1]
HAL_GetTick              0x800'eb6d    0x8  Code  Gb  sys_app.o [1]
HAL_GetUIDw0             0x800'f5eb    0x6  Code  Gb  stm32wlxx_hal.o [1]
HAL_GetUIDw1             0x800'f5f1    0x6  Code  Gb  stm32wlxx_hal.o [1]
HAL_GetUIDw2             0x800'f5f7    0x6  Code  Gb  stm32wlxx_hal.o [1]
HAL_I2C_ER_IRQHandler    0x801'1b8d   0x60  Code  Gb  stm32wlxx_hal_i2c.o [1]
HAL_I2C_EV_IRQHandler    0x801'1b7d   0x10  Code  Gb  stm32wlxx_hal_i2c.o [1]
HAL_Init                 0x800'f5c5   0x26  Code  Gb  stm32wlxx_hal.o [1]
HAL_InitTick             0x800'eb67    0x6  Code  Gb  sys_app.o [1]
HAL_MspInit              0x801'0eb1    0x2  Code  Gb  stm32wlxx_hal_msp.o [1]
HAL_NVIC_EnableIRQ       0x800'fae1   0x16  Code  Gb  stm32wlxx_hal_cortex.o [1]
HAL_NVIC_SetPriority     0x800'faa5   0x3a  Code  Gb  stm32wlxx_hal_cortex.o [1]
HAL_NVIC_SetPriorityGrouping
                         0x800'fa8b   0x1a  Code  Gb  stm32wlxx_hal_cortex.o [1]
HAL_PWREx_DisableLowPowerRunMode
                         0x801'35e1   0x2e  Code  Gb  stm32wlxx_hal_pwr_ex.o [1]
HAL_PWREx_EnableLowPowerRunMode
                         0x801'35d5    0x2  Code  Gb  stm32wlxx_hal_pwr_ex.o [1]
HAL_PWREx_EnterSTOP2Mode
                         0x801'3627   0x26  Code  Gb  stm32wlxx_hal_pwr_ex.o [1]
HAL_PWREx_GetVoltageRange
                         0x801'35c9    0xc  Code  Gb  stm32wlxx_hal_pwr_ex.o [1]
HAL_PWR_EnableBkUpAccess
                         0x801'3575    0xc  Code  Gb  stm32wlxx_hal_pwr.o [1]
HAL_PWR_EnterSLEEPMode   0x801'3581   0x3a  Code  Gb  stm32wlxx_hal_pwr.o [1]
HAL_RCCEx_PeriphCLKConfig
                         0x801'3699  0x162  Code  Gb  stm32wlxx_hal_rcc_ex.o [1]
HAL_RCC_ClockConfig      0x801'0aa9  0x1ae  Code  Gb  stm32wlxx_hal_rcc.o [1]
HAL_RCC_GetHCLKFreq      0x801'0d2f    0xa  Code  Gb  stm32wlxx_hal_rcc.o [1]
HAL_RCC_GetPCLK1Freq     0x801'0d4b   0x10  Code  Gb  stm32wlxx_hal_rcc.o [1]
HAL_RCC_GetPCLK2Freq     0x801'0d5b    0xe  Code  Gb  stm32wlxx_hal_rcc.o [1]
HAL_RCC_GetSysClockFreq
                         0x801'0c6f   0xc0  Code  Gb  stm32wlxx_hal_rcc.o [1]
HAL_RCC_OscConfig        0x801'05fb  0x46c  Code  Gb  stm32wlxx_hal_rcc.o [1]
HAL_RTCEx_AlarmBEventCallback
                         0x801'380d    0x2  Code  Wk  stm32wlxx_hal_rtc_ex.o [1]
HAL_RTCEx_BKUPRead       0x801'163d    0xa  Code  Gb  stm32wlxx_hal_rtc_ex.o [1]
HAL_RTCEx_BKUPWrite      0x801'1633    0xa  Code  Gb  stm32wlxx_hal_rtc_ex.o [1]
HAL_RTCEx_EnableBypassShadow
                         0x801'15a9   0x2a  Code  Gb  stm32wlxx_hal_rtc_ex.o [1]
HAL_RTCEx_SSRUEventCallback
                         0x800'f7bb   0x12  Code  Gb  timer_if.o [1]
HAL_RTCEx_SSRUIRQHandler
                         0x801'1615   0x16  Code  Gb  stm32wlxx_hal_rtc_ex.o [1]
HAL_RTCEx_SetSSRU_IT     0x801'15d3   0x36  Code  Gb  stm32wlxx_hal_rtc_ex.o [1]
HAL_RTC_AlarmAEventCallback
                         0x800'f7b1    0xa  Code  Gb  timer_if.o [1]
HAL_RTC_AlarmIRQHandler
                         0x801'1481   0x30  Code  Gb  stm32wlxx_hal_rtc.o [1]
HAL_RTC_DeactivateAlarm
                         0x801'1417   0x6a  Code  Gb  stm32wlxx_hal_rtc.o [1]
HAL_RTC_Init             0x801'1211   0x96  Code  Gb  stm32wlxx_hal_rtc.o [1]
HAL_RTC_MspInit          0x801'119b   0x64  Code  Gb  rtc.o [1]
HAL_RTC_SetAlarm_IT      0x801'12a7   0x8c  Code  Gb  stm32wlxx_hal_rtc.o [1]
HAL_RTC_WaitForSynchro   0x801'14b1   0x2e  Code  Gb  stm32wlxx_hal_rtc.o [1]
HAL_ResumeTick           0x801'58a9   0x10  Code  Wk  stm32wlxx_hal.o [1]
HAL_SPI_IRQHandler       0x801'2141  0x100  Code  Gb  stm32wlxx_hal_spi.o [1]
HAL_SUBGHZ_CADStatusCallback
                         0x800'e90d   0x16  Code  Gb  radio_driver.o [1]
HAL_SUBGHZ_CRCErrorCallback
                         0x800'e905    0x8  Code  Gb  radio_driver.o [1]
HAL_SUBGHZ_ExecGetCmd    0x800'f131   0x42  Code  Gb  stm32wlxx_hal_subghz.o [1]
HAL_SUBGHZ_ExecSetCmd    0x800'f0cb   0x66  Code  Gb  stm32wlxx_hal_subghz.o [1]
HAL_SUBGHZ_HeaderErrorCallback
                         0x800'e92d    0x8  Code  Gb  radio_driver.o [1]
HAL_SUBGHZ_HeaderValidCallback
                         0x800'e945    0x8  Code  Gb  radio_driver.o [1]
HAL_SUBGHZ_IRQHandler    0x800'f26b   0x96  Code  Gb  stm32wlxx_hal_subghz.o [1]
HAL_SUBGHZ_Init          0x800'ef75   0x90  Code  Gb  stm32wlxx_hal_subghz.o [1]
HAL_SUBGHZ_MspInit       0x800'ebdd   0x1c  Code  Gb  subghz.o [1]
HAL_SUBGHZ_PreambleDetectedCallback
                         0x800'e935    0x8  Code  Gb  radio_driver.o [1]
HAL_SUBGHZ_ReadBuffer    0x800'f215   0x4a  Code  Gb  stm32wlxx_hal_subghz.o [1]
HAL_SUBGHZ_ReadRegisters
                         0x800'f06d   0x52  Code  Gb  stm32wlxx_hal_subghz.o [1]
HAL_SUBGHZ_RxCpltCallback
                         0x800'e8fd    0x8  Code  Gb  radio_driver.o [1]
HAL_SUBGHZ_RxTxTimeoutCallback
                         0x800'e923    0xa  Code  Gb  radio_driver.o [1]
HAL_SUBGHZ_SyncWordValidCallback
                         0x800'e93d    0x8  Code  Gb  radio_driver.o [1]
HAL_SUBGHZ_TxCpltCallback
                         0x800'e8f5    0x8  Code  Gb  radio_driver.o [1]
HAL_SUBGHZ_WriteBuffer   0x800'f1af   0x4c  Code  Gb  stm32wlxx_hal_subghz.o [1]
HAL_SUBGHZ_WriteRegisters
                         0x800'f011   0x5c  Code  Gb  stm32wlxx_hal_subghz.o [1]
HAL_SuspendTick          0x801'5899   0x10  Code  Wk  stm32wlxx_hal.o [1]
HAL_UARTEx_DisableFifoMode
                         0x801'415d   0x3c  Code  Gb  stm32wlxx_hal_uart_ex.o [1]
HAL_UARTEx_RxFifoFullCallback
                         0x801'380f    0x2  Code  Wk  stm32wlxx_hal_uart_ex.o [1]
HAL_UARTEx_SetRxFifoThreshold
                         0x801'41af   0x14  Code  Gb  stm32wlxx_hal_uart_ex.o [1]
HAL_UARTEx_SetTxFifoThreshold
                         0x801'4199   0x16  Code  Gb  stm32wlxx_hal_uart_ex.o [1]
HAL_UARTEx_TxFifoEmptyCallback
                         0x801'3be7    0x2  Code  Wk  stm32wlxx_hal_uart_ex.o [1]
HAL_UARTEx_WakeupCallback
                         0x801'4255    0x2  Code  Wk  stm32wlxx_hal_uart_ex.o [1]
HAL_UART_GetState        0x801'27ad    0xc  Code  Gb  stm32wlxx_hal_uart.o [1]
HAL_UART_IRQHandler      0x801'24a5  0x2b0  Code  Gb  stm32wlxx_hal_uart.o [1]
HAL_UART_Init            0x801'225d   0x34  Code  Gb  stm32wlxx_hal_uart.o [1]
HAL_UART_MspInit         0x801'0eb3  0x20e  Code  Gb  stm32wlxx_hal_msp.o [1]
HAL_UART_Receive_IT      0x801'2433   0x28  Code  Gb  stm32wlxx_hal_uart.o [1]
HAL_UART_RegisterCallback
                         0x801'22f1   0x96  Code  Gb  stm32wlxx_hal_uart.o [1]
HAL_UART_Transmit_IT     0x801'2389   0xaa  Code  Gb  stm32wlxx_hal_uart.o [1]
HAL_UART_TxCpltCallback
                         0x801'3a49   0x4e  Code  Gb  main.o [1]
HandleRadioRxErrorTimeout
                         0x800'0ab9   0xea  Code  Lc  LoRaMac.o [1]
HardFault_Handler        0x800'f8cf    0xc  Code  Gb  stm32wlxx_it.o [1]
I2C2_ER_IRQHandler       0x800'f95d    0xa  Code  Gb  stm32wlxx_it.o [1]
I2C2_EV_IRQHandler       0x800'f953    0xa  Code  Gb  stm32wlxx_it.o [1]
I2C_DMAAbort             0x801'20bd   0x14  Code  Lc  stm32wlxx_hal_i2c.o [1]
I2C_Disable_IRQ          0x801'20e1   0x5e  Code  Lc  stm32wlxx_hal_i2c.o [1]
I2C_Flush_TXDR           0x801'209f   0x1c  Code  Lc  stm32wlxx_hal_i2c.o [1]
I2C_ITAddrCplt           0x801'1d0d   0x90  Code  Lc  stm32wlxx_hal_i2c.o [1]
I2C_ITError              0x801'1fab   0xd2  Code  Lc  stm32wlxx_hal_i2c.o [1]
I2C_ITListenCplt         0x801'1f47   0x58  Code  Lc  stm32wlxx_hal_i2c.o [1]
I2C_ITSlaveCplt          0x801'1e13  0x11c  Code  Lc  stm32wlxx_hal_i2c.o [1]
I2C_ITSlaveSeqCplt       0x801'1d9d   0x66  Code  Lc  stm32wlxx_hal_i2c.o [1]
I2C_Slave_ISR_IT         0x801'1bed  0x120  Code  Lc  stm32wlxx_hal_i2c.o [1]
I2C_TreatErrorCallback   0x801'207d   0x22  Code  Lc  stm32wlxx_hal_i2c.o [1]
ImageCalibrated         0x2000'23a9    0x1  Data  Lc  radio_driver.o [1]
IncreaseBufferPointer    0x800'530d   0x14  Code  Lc  LoRaMacConfirmQueue.o [1]
IsRequestPending         0x800'2831   0x16  Code  Lc  LoRaMac.o [1]
JoinLedTimer            0x2000'22d8   0x18  Data  Lc  app.o [1]
JoinParams              0x2000'0090    0x4  Data  Lc  LmHandler.o [1]
KeyAddrList             0x2000'0110    0x8  Data  Lc  LoRaMacCrypto.o [1]
LL_ADC_REG_IsTriggerSourceSWStart
                         0x800'fe31    0xe  Code  Lc  stm32wlxx_hal_adc.o [1]
LL_ADC_SetSamplingTimeCommonChannels
                         0x800'fe19   0x18  Code  Lc  stm32wlxx_hal_adc.o [1]
LL_AHB1_GRP1_EnableClock
                         0x801'3831   0x18  Code  Lc  main.o [1]
LL_AHB2_GRP1_EnableClock
                         0x801'3849   0x18  Code  Lc  main.o [1]
LL_APB1_GRP1_EnableClock
                         0x801'1109   0x16  Code  Lc  rtc.o [1]
LL_APB1_GRP1_EnableClock
                         0x801'0e69   0x18  Code  Lc  stm32wlxx_hal_msp.o [1]
LL_APB1_GRP2_EnableClock
                         0x801'0e81   0x18  Code  Lc  stm32wlxx_hal_msp.o [1]
LL_APB2_GRP1_DisableClock
                         0x800'fcd3    0xa  Code  Lc  adc.o [1]
LL_APB2_GRP1_EnableClock
                         0x800'fcbd   0x16  Code  Lc  adc.o [1]
LL_APB2_GRP1_EnableClock
                         0x801'0e99   0x18  Code  Lc  stm32wlxx_hal_msp.o [1]
LL_APB3_GRP1_EnableClock
                         0x800'eba5   0x16  Code  Lc  subghz.o [1]
LL_EXTI_EnableIT_0_31    0x801'3861    0xc  Code  Lc  main.o [1]
LL_EXTI_EnableIT_32_63   0x801'1659    0xa  Code  Lc  debug.o [1]
LL_FLASH_GetDeviceID     0x800'ea4b    0xa  Code  Lc  sys_app.o [1]
LL_FLASH_GetSTCompanyID
                         0x800'ea55    0x8  Code  Lc  sys_app.o [1]
LL_FLASH_GetUDN          0x800'ea45    0x6  Code  Lc  sys_app.o [1]
LL_LPUART_ClearFlag_ORE
                         0x801'3895    0x6  Code  Lc  main.o [1]
LL_LPUART_ClearFlag_WKUP
                         0x801'389b    0x8  Code  Lc  main.o [1]
LL_LPUART_EnableIT_WKUP
                         0x801'38a3   0x1c  Code  Lc  main.o [1]
LL_LPUART_EnableInStopMode
                         0x801'386d   0x14  Code  Lc  main.o [1]
LL_LPUART_IsActiveFlag_BUSY
                         0x801'3881    0xa  Code  Lc  main.o [1]
LL_LPUART_IsActiveFlag_REACK
                         0x801'388b    0xa  Code  Lc  main.o [1]
LL_PWR_ClearFlag_C1STOP_C1STB
                         0x801'584d    0x8  Code  Lc  stm32_lpm_if.o [1]
LL_RCC_EnableRTC         0x801'10fd    0xc  Code  Lc  rtc.o [1]
LL_RCC_GetAHB3Prescaler
                         0x801'05ed    0xe  Code  Lc  stm32wlxx_hal_rcc.o [1]
LL_RCC_LSE_SetDriveCapability
                         0x801'3811   0x10  Code  Lc  main.o [1]
LL_RCC_SetClkAfterWakeFromStop
                         0x801'3821   0x10  Code  Lc  main.o [1]
LL_RCC_SetI2CClockSource
                         0x801'366b   0x14  Code  Lc  stm32wlxx_hal_rcc_ex.o [1]
LL_RCC_SetLPTIMClockSource
                         0x801'3685   0x14  Code  Lc  stm32wlxx_hal_rcc_ex.o [1]
LL_RCC_SetUSARTClockSource
                         0x801'365d    0xe  Code  Lc  stm32wlxx_hal_rcc_ex.o [1]
LL_RTC_TIME_GetSubSecond
                         0x800'f65d    0x4  Code  Lc  timer_if.o [1]
LPUART1_IRQHandler       0x800'f985    0xa  Code  Gb  stm32wlxx_it.o [1]
LimitTxPower             0x800'a795   0x36  Code  Lc  RegionUS915.o [1]
LmHandlerCallbacks      0x2000'0008   0x34  Data  Lc  app.o [1]
LmHandlerCallbacks      0x2000'2414    0x4  Data  Lc  LmHandler.o [1]
LmHandlerConfigure       0x801'4331  0x1bc  Code  Gb  LmHandler.o [1]
LmHandlerDeviceTimeReq   0x801'46f1   0x26  Code  Gb  LmHandler.o [1]
LmHandlerGetCurrentClass
                         0x801'4805   0x32  Code  Gb  LmHandler.o [1]
LmHandlerGetTxDatarate   0x801'4837   0x3a  Code  Gb  LmHandler.o [1]
LmHandlerInit            0x801'42d1   0x60  Code  Gb  LmHandler.o [1]
LmHandlerJoin            0x801'44fd   0x8e  Code  Gb  LmHandler.o [1]
LmHandlerJoinStatus      0x801'458b   0x30  Code  Gb  LmHandler.o [1]
LmHandlerPackageIsInitialized
                         0x801'4ae7   0x30  Code  Lc  LmHandler.o [1]
LmHandlerPackageRegister
                         0x801'4a63   0x84  Code  Gb  LmHandler.o [1]
LmHandlerPackages       0x2000'2334   0x14  Data  Lc  LmHandler.o [1]
LmHandlerPackagesNotify
                         0x801'4b17   0xb2  Code  Lc  LmHandler.o [1]
LmHandlerPackagesProcess
                         0x801'4bc9   0x46  Code  Lc  LmHandler.o [1]
LmHandlerParams         0x2000'003c   0x10  Data  Lc  app.o [1]
LmHandlerParams         0x2000'235c   0x10  Data  Lc  LmHandler.o [1]
LmHandlerProcess         0x801'44ed   0x10  Code  Gb  LmHandler.o [1]
LmHandlerRequestClass    0x801'4717   0xee  Code  Gb  LmHandler.o [1]
LmHandlerSend            0x801'45bb  0x136  Code  Gb  LmHandler.o [1]
LmHandlerSetSystemMaxRxError
                         0x801'4871   0x24  Code  Lc  LmHandler.o [1]
LmhpComplianceInit       0x801'4d75   0x1c  Code  Lc  LmhpCompliance.o [1]
LmhpComplianceIsInitialized
                         0x801'4d91    0x6  Code  Lc  LmhpCompliance.o [1]
LmhpComplianceIsRunning
                         0x801'4d97    0xa  Code  Lc  LmhpCompliance.o [1]
LmhpComplianceOnMcpsConfirm
                         0x801'4da1   0x1e  Code  Lc  LmhpCompliance.o [1]
LmhpComplianceOnMcpsIndication
                         0x801'4e61  0x1be  Code  Lc  LmhpCompliance.o [1]
LmhpComplianceOnMlmeConfirm
                         0x801'4dbf   0x22  Code  Lc  LmhpCompliance.o [1]
LmhpCompliancePackage   0x2000'00c0   0x34  Data  Lc  LmhpCompliance.o [1]
LmhpCompliancePackageFactory
                         0x801'4d71    0x4  Code  Gb  LmhpCompliance.o [1]
LmhpComplianceParams    0x2000'0084    0xc  Data  Lc  LmHandler.o [1]
LmhpComplianceParams    0x2000'00f4    0x4  Data  Lc  LmhpCompliance.o [1]
LmhpComplianceProcess    0x801'5055    0x2  Code  Lc  LmhpCompliance.o [1]
LmhpComplianceTxProcess
                         0x801'4de1   0x7e  Code  Lc  LmhpCompliance.o [1]
LoRaHeaderType          0x2000'23b1    0x1  Data  Lc  radio_driver.o [1]
LoRaMacAdrCalcNext       0x800'59fd   0xc8  Code  Gb  LoRaMacAdr.o [1]
LoRaMacCallbacks        0x2000'2348   0x14  Data  Lc  LmHandler.o [1]
LoRaMacCheckForBeaconAcquisition
                         0x800'0e9d   0x3e  Code  Lc  LoRaMac.o [1]
LoRaMacCheckForRxAbort   0x800'0edb   0x26  Code  Lc  LoRaMac.o [1]
LoRaMacClassBBeaconFreqReq
                         0x800'470b    0x4  Code  Gb  LoRaMacClassB.o [1]
LoRaMacClassBBeaconTimerEvent
                         0x800'46d5    0x2  Code  Gb  LoRaMacClassB.o [1]
LoRaMacClassBBeaconTimingAns
                         0x800'4707    0x2  Code  Gb  LoRaMacClassB.o [1]
LoRaMacClassBDeviceTimeAns
                         0x800'4709    0x2  Code  Gb  LoRaMacClassB.o [1]
LoRaMacClassBHaltBeaconing
                         0x800'46f1    0x2  Code  Gb  LoRaMacClassB.o [1]
LoRaMacClassBInit        0x800'46c9    0x2  Code  Gb  LoRaMacClassB.o [1]
LoRaMacClassBIsAcquisitionInProgress
                         0x800'46d1    0x4  Code  Gb  LoRaMacClassB.o [1]
LoRaMacClassBIsBeaconExpected
                         0x800'46df    0x4  Code  Gb  LoRaMacClassB.o [1]
LoRaMacClassBIsBeaconModeActive
                         0x800'46eb    0x4  Code  Gb  LoRaMacClassB.o [1]
LoRaMacClassBIsMulticastExpected
                         0x800'46e7    0x4  Code  Gb  LoRaMacClassB.o [1]
LoRaMacClassBIsPingExpected
                         0x800'46e3    0x4  Code  Gb  LoRaMacClassB.o [1]
LoRaMacClassBIsUplinkCollision
                         0x800'470f    0x4  Code  Gb  LoRaMacClassB.o [1]
LoRaMacClassBMibGetRequestConfirm
                         0x800'46f9    0x4  Code  Gb  LoRaMacClassB.o [1]
LoRaMacClassBMulticastSlotTimerEvent
                         0x800'46d9    0x2  Code  Gb  LoRaMacClassB.o [1]
LoRaMacClassBPingSlotChannelReq
                         0x800'4703    0x4  Code  Gb  LoRaMacClassB.o [1]
LoRaMacClassBPingSlotInfoAns
                         0x800'4701    0x2  Code  Gb  LoRaMacClassB.o [1]
LoRaMacClassBPingSlotTimerEvent
                         0x800'46d7    0x2  Code  Gb  LoRaMacClassB.o [1]
LoRaMacClassBProcess     0x800'4715    0x2  Code  Gb  LoRaMacClassB.o [1]
LoRaMacClassBResumeBeaconing
                         0x800'46f3    0x2  Code  Gb  LoRaMacClassB.o [1]
LoRaMacClassBRxBeacon    0x800'46db    0x4  Code  Gb  LoRaMacClassB.o [1]
LoRaMacClassBSetBeaconState
                         0x800'46cb    0x2  Code  Gb  LoRaMacClassB.o [1]
LoRaMacClassBSetMulticastSlotState
                         0x800'46cf    0x2  Code  Gb  LoRaMacClassB.o [1]
LoRaMacClassBSetPingSlotInfo
                         0x800'46ef    0x2  Code  Gb  LoRaMacClassB.o [1]
LoRaMacClassBSetPingSlotState
                         0x800'46cd    0x2  Code  Gb  LoRaMacClassB.o [1]
LoRaMacClassBStopRxSlots
                         0x800'4713    0x2  Code  Gb  LoRaMacClassB.o [1]
LoRaMacClassBSwitchClass
                         0x800'46f5    0x4  Code  Gb  LoRaMacClassB.o [1]
LoRaMacCommandsAddCmd    0x800'56f1   0x7e  Code  Gb  LoRaMacCommands.o [1]
LoRaMacCommandsGetCmdSize
                         0x800'5899   0x38  Code  Gb  LoRaMacCommands.o [1]
LoRaMacCommandsGetSizeSerializedCmds
                         0x800'5801   0x12  Code  Gb  LoRaMacCommands.o [1]
LoRaMacCommandsInit      0x800'56d9   0x18  Code  Gb  LoRaMacCommands.o [1]
LoRaMacCommandsRemoveCmd
                         0x800'576f   0x50  Code  Gb  LoRaMacCommands.o [1]
LoRaMacCommandsRemoveNoneStickyCmds
                         0x800'57bf   0x1c  Code  Gb  LoRaMacCommands.o [1]
LoRaMacCommandsRemoveStickyAnsCmds
                         0x800'57db   0x26  Code  Gb  LoRaMacCommands.o [1]
LoRaMacCommandsSerializeCmds
                         0x800'5813   0x5e  Code  Gb  LoRaMacCommands.o [1]
LoRaMacCommandsStickyCmdsPending
                         0x800'5871   0x22  Code  Gb  LoRaMacCommands.o [1]
LoRaMacConfirmQueueAdd   0x800'5373   0x34  Code  Gb  LoRaMacConfirmQueue.o [1]
LoRaMacConfirmQueueGetCnt
                         0x800'548d    0x8  Code  Gb  LoRaMacConfirmQueue.o [1]
LoRaMacConfirmQueueGetStatus
                         0x800'53e3   0x1c  Code  Gb  LoRaMacConfirmQueue.o [1]
LoRaMacConfirmQueueHandleCb
                         0x800'5439   0x54  Code  Gb  LoRaMacConfirmQueue.o [1]
LoRaMacConfirmQueueInit
                         0x800'534b   0x28  Code  Gb  LoRaMacConfirmQueue.o [1]
LoRaMacConfirmQueueIsCmdActive
                         0x800'5427   0x12  Code  Gb  LoRaMacConfirmQueue.o [1]
LoRaMacConfirmQueueIsFull
                         0x800'5495   0x12  Code  Gb  LoRaMacConfirmQueue.o [1]
LoRaMacConfirmQueueRemoveFirst
                         0x800'53a7   0x1c  Code  Gb  LoRaMacConfirmQueue.o [1]
LoRaMacConfirmQueueSetStatus
                         0x800'53c3   0x20  Code  Gb  LoRaMacConfirmQueue.o [1]
LoRaMacConfirmQueueSetStatusCmn
                         0x800'53ff   0x28  Code  Gb  LoRaMacConfirmQueue.o [1]
LoRaMacCryptoDeriveMcKEKey
                         0x800'52e1   0x20  Code  Gb  LoRaMacCrypto.o [1]
LoRaMacCryptoDeriveMcRootKey
                         0x800'52ad   0x34  Code  Gb  LoRaMacCrypto.o [1]
LoRaMacCryptoGetFCntDown
                         0x800'4ec3   0x70  Code  Gb  LoRaMacCrypto.o [1]
LoRaMacCryptoGetFCntUp   0x800'4ead   0x16  Code  Gb  LoRaMacCrypto.o [1]
LoRaMacCryptoHandleJoinAccept
                         0x800'4fdb   0xde  Code  Gb  LoRaMacCrypto.o [1]
LoRaMacCryptoInit        0x800'4e69   0x38  Code  Gb  LoRaMacCrypto.o [1]
LoRaMacCryptoPrepareJoinRequest
                         0x800'4f8f   0x4c  Code  Gb  LoRaMacCrypto.o [1]
LoRaMacCryptoSecureMessage
                         0x800'50b9   0xb8  Code  Gb  LoRaMacCrypto.o [1]
LoRaMacCryptoSetKey      0x800'4f5b   0x34  Code  Gb  LoRaMacCrypto.o [1]
LoRaMacCryptoSetLrWanVersion
                         0x800'4ea1    0xc  Code  Gb  LoRaMacCrypto.o [1]
LoRaMacCryptoSetMulticastReference
                         0x800'4f33   0x28  Code  Gb  LoRaMacCrypto.o [1]
LoRaMacCryptoUnsecureMessage
                         0x800'5171  0x134  Code  Gb  LoRaMacCrypto.o [1]
LoRaMacEnableRequests    0x800'0c27    0x8  Code  Lc  LoRaMac.o [1]
LoRaMacHandleIndicationEvents
                         0x800'0ce9   0x92  Code  Lc  LoRaMac.o [1]
LoRaMacHandleIrqEvents   0x800'0bbb   0x52  Code  Lc  LoRaMac.o [1]
LoRaMacHandleMcpsRequest
                         0x800'0d89   0xaa  Code  Lc  LoRaMac.o [1]
LoRaMacHandleMlmeRequest
                         0x800'0e39   0x5e  Code  Lc  LoRaMac.o [1]
LoRaMacHandleNvm         0x800'0f11   0xda  Code  Lc  LoRaMac.o [1]
LoRaMacHandleRequestEvents
                         0x800'0c2f   0x94  Code  Lc  LoRaMac.o [1]
LoRaMacHandleScheduleUplinkEvent
                         0x800'0cc3   0x26  Code  Lc  LoRaMac.o [1]
LoRaMacInitialization    0x800'284d  0x3be  Code  Gb  LoRaMac.o [1]
LoRaMacIsBusy            0x800'0c0d   0x1a  Code  Gb  LoRaMac.o [1]
LoRaMacMaxEirpTable      0x801'5e78   0x10  Data  Lc  LoRaMac.o [1]
LoRaMacMcpsRequest       0x800'36e5  0x1a0  Code  Gb  LoRaMac.o [1]
LoRaMacMibClassBSetRequestConfirm
                         0x800'46fd    0x4  Code  Gb  LoRaMacClassB.o [1]
LoRaMacMibGetRequestConfirm
                         0x800'2cf9  0x268  Code  Gb  LoRaMac.o [1]
LoRaMacMibSetRequestConfirm
                         0x800'2f71  0x55a  Code  Gb  LoRaMac.o [1]
LoRaMacMlmeRequest       0x800'34f9  0x1dc  Code  Gb  LoRaMac.o [1]
LoRaMacParserData        0x800'5555   0xc2  Code  Gb  LoRaMacParser.o [1]
LoRaMacParserJoinAccept
                         0x800'54ad   0xa8  Code  Gb  LoRaMacParser.o [1]
LoRaMacPrimitives       0x2000'236c   0x10  Data  Lc  LmHandler.o [1]
LoRaMacProcess           0x800'0ff1   0x70  Code  Gb  LoRaMac.o [1]
LoRaMacQueryTxPossible   0x800'2c1d   0xd2  Code  Gb  LoRaMac.o [1]
LoRaMacRadioEvents      0x2000'2418    0x4  Data  Gb  LoRaMac.o [1]
LoRaMacSerializerData    0x800'5b31   0xcc  Code  Gb  LoRaMacSerializer.o [1]
LoRaMacSerializerJoinRequest
                         0x800'5ac5   0x6c  Code  Gb  LoRaMacSerializer.o [1]
LoRaMacStart             0x800'2c0b    0xc  Code  Gb  LoRaMac.o [1]
LoRaMacTestSetDutyCycleOn
                         0x800'3885   0x20  Code  Gb  LoRaMac.o [1]
LoraInfo_GetPtr          0x801'42c9    0x4  Code  Gb  lora_info.o [1]
LoraInfo_Init            0x801'4259   0x70  Code  Gb  lora_info.o [1]
MSIRangeTable            0x801'571c   0x40  Data  Gb  system_stm32wlxx.o [1]
MX_ADC_Init              0x800'fcdd   0x68  Code  Gb  adc.o [1]
MX_AppISR                0x801'32f5    0x2  Code  Gb  appinit.o [1]
MX_AppMain               0x801'32d9   0x1c  Code  Gb  appinit.o [1]
MX_Breakpoint            0x800'f8b5    0xe  Code  Gb  stm32wlxx_it.o [1]
MX_DBG                   0x801'1681   0x14  Code  Gb  debug.o [1]
MX_DBG_Active            0x801'1677    0xa  Code  Gb  debug.o [1]
MX_DBG_Available         0x801'16ab   0x14  Code  Gb  debug.o [1]
MX_DBG_Init              0x801'178d   0x7c  Code  Gb  debug.o [1]
MX_DBG_Receive           0x801'16bf   0x54  Code  Gb  debug.o [1]
MX_DBG_Resume            0x801'169d    0xe  Code  Gb  debug.o [1]
MX_DBG_RxCallback        0x801'1671    0x6  Code  Gb  debug.o [1]
MX_DBG_Suspend           0x801'1695    0x8  Code  Gb  debug.o [1]
MX_DBG_TxCpltCallback    0x801'1663    0xe  Code  Gb  debug.o [1]
MX_DMA_Init              0x801'3a07   0x16  Code  Gb  main.o [1]
MX_GPIO_Init             0x801'399f   0x68  Code  Gb  main.o [1]
MX_LPUART1_UART_Init     0x801'3a97   0x7a  Code  Gb  main.o [1]
MX_LPUART1_UART_Resume   0x801'3b4b    0x2  Code  Gb  main.o [1]
MX_LPUART1_UART_Suspend
                         0x801'3b11   0x3a  Code  Gb  main.o [1]
MX_LPUART1_UART_Transmit
                         0x801'3b4d   0x40  Code  Gb  main.o [1]
MX_RTC_Init              0x801'111f   0x7c  Code  Gb  rtc.o [1]
MX_SUBGHZ_Init           0x800'ebbb   0x16  Code  Gb  subghz.o [1]
MX_UART_TxCpltCallback   0x801'3a1d   0x2c  Code  Gb  main.o [1]
MX_UTIL_Init             0x800'5e95   0x28  Code  Gb  util_if.o [1]
MacCtx                  0x2000'0888  0x508  Data  Lc  LoRaMac.o [1]
MaxPayloadLength        0x2000'0156    0x1  Data  Lc  radio.o [1]
MaxPayloadOfDatarateCN470
                         0x800'7cd0    0x8  Data  Lc  RegionCN470.o [1]
MaxPayloadOfDatarateCN779
                         0x800'8734    0x8  Data  Lc  RegionCN779.o [1]
MaxPayloadOfDatarateDwell0AS923
                         0x800'699c    0x8  Data  Lc  RegionAS923.o [1]
MaxPayloadOfDatarateDwell0AU915
                         0x800'746c   0x10  Data  Lc  RegionAU915.o [1]
MaxPayloadOfDatarateDwell1AS923
                         0x800'69ac    0x8  Data  Lc  RegionAS923.o [1]
MaxPayloadOfDatarateDwell1AU915
                         0x800'748c   0x10  Data  Lc  RegionAU915.o [1]
MaxPayloadOfDatarateEU433
                         0x800'91b0    0x8  Data  Lc  RegionEU433.o [1]
MaxPayloadOfDatarateEU868
                         0x800'9cb8    0x8  Data  Lc  RegionEU868.o [1]
MaxPayloadOfDatarateIN865
                         0x800'a748    0x8  Data  Lc  RegionIN865.o [1]
MaxPayloadOfDatarateRU864
                         0x800'bc80    0x8  Data  Lc  RegionRU864.o [1]
MaxPayloadOfDatarateRepeaterCN470
                         0x800'7cd8    0x8  Data  Lc  RegionCN470.o [1]
MaxPayloadOfDatarateRepeaterCN779
                         0x800'873c    0x8  Data  Lc  RegionCN779.o [1]
MaxPayloadOfDatarateRepeaterDwell0AS923
                         0x800'69a4    0x8  Data  Lc  RegionAS923.o [1]
MaxPayloadOfDatarateRepeaterDwell0AU915
                         0x800'747c   0x10  Data  Lc  RegionAU915.o [1]
MaxPayloadOfDatarateRepeaterDwell1AU915
                         0x800'749c   0x10  Data  Lc  RegionAU915.o [1]
MaxPayloadOfDatarateRepeaterEU433
                         0x800'91b8    0x8  Data  Lc  RegionEU433.o [1]
MaxPayloadOfDatarateRepeaterEU868
                         0x800'9cc0    0x8  Data  Lc  RegionEU868.o [1]
MaxPayloadOfDatarateRepeaterIN865
                         0x800'a750    0x8  Data  Lc  RegionIN865.o [1]
MaxPayloadOfDatarateRepeaterRU864
                         0x800'bc88    0x8  Data  Lc  RegionRU864.o [1]
MaxPayloadOfDatarateRepeaterUS915
                         0x800'b240   0x10  Data  Lc  RegionUS915.o [1]
MaxPayloadOfDatarateUS915
                         0x800'b230   0x10  Data  Lc  RegionUS915.o [1]
McpsConfirm              0x801'4895   0x3a  Code  Lc  LmHandler.o [1]
McpsIndication           0x801'48d1   0xa0  Code  Lc  LmHandler.o [1]
MemManage_Handler        0x800'f8db    0xc  Code  Gb  stm32wlxx_it.o [1]
MlmeConfirm              0x801'4971   0x90  Code  Lc  LmHandler.o [1]
MlmeIndication           0x801'4a01   0x62  Code  Lc  LmHandler.o [1]
NMI_Handler              0x800'f8c3    0xc  Code  Gb  stm32wlxx_it.o [1]
Nvm                     0x2000'0158  0x730  Data  Lc  LoRaMac.o [1]
NvmDataMgmtEvent         0x801'4d65    0x2  Code  Gb  NvmDataMgmt.o [1]
NvmDataMgmtRestore       0x801'4d6b    0x4  Code  Gb  NvmDataMgmt.o [1]
NvmDataMgmtStore         0x801'4d67    0x4  Code  Gb  NvmDataMgmt.o [1]
OffModeDisable          0x2000'2404    0x4  Data  Lc  stm32_lpm.o [1]
OnAckTimeoutTimerEvent   0x800'1145   0x52  Code  Lc  LoRaMac.o [1]
OnComplianceTxNextPacketTimerEvent
                         0x801'5059    0x2  Code  Lc  LmhpCompliance.o [1]
OnJoinRequest            0x801'3f15   0x68  Code  Lc  app.o [1]
OnJoinTimerLedEvent      0x801'3e7d    0xa  Code  Lc  app.o [1]
OnMacProcessNotify       0x801'4001    0xc  Code  Lc  app.o [1]
OnRadioRxDone            0x800'0191   0x64  Code  Lc  LoRaMac.o [1]
OnRadioRxError           0x800'0231   0x2e  Code  Lc  LoRaMac.o [1]
OnRadioRxTimeout         0x800'025f   0x3c  Code  Lc  LoRaMac.o [1]
OnRadioTxDone            0x800'0139   0x58  Code  Lc  LoRaMac.o [1]
OnRadioTxTimeout         0x800'01f5   0x3c  Code  Lc  LoRaMac.o [1]
OnRxData                 0x801'3d35   0xa6  Code  Lc  app.o [1]
OnRxData{1}{2}::slotStrings
                        0x2000'0054   0x18  Data  Lc  app.o [1]
OnRxTimerLedEvent        0x801'3e71    0xc  Code  Lc  app.o [1]
OnRxWindow1TimerEvent    0x800'10b3   0x46  Code  Lc  LoRaMac.o [1]
OnRxWindow2TimerEvent    0x800'10f9   0x4c  Code  Lc  LoRaMac.o [1]
OnTxData                 0x801'3e87   0x8e  Code  Lc  app.o [1]
OnTxDelayedTimerEvent    0x800'1061   0x52  Code  Lc  LoRaMac.o [1]
OnTxTimerEvent           0x801'3e55    0xe  Code  Lc  app.o [1]
OnTxTimerLedEvent        0x801'3e65    0xc  Code  Lc  app.o [1]
OpenContinuousRxCWindow
                         0x800'21b3   0x58  Code  Lc  LoRaMac.o [1]
OperatingMode           0x2000'23a8    0x1  Data  Lc  radio_driver.o [1]
PWR_EnterOffMode         0x801'5859    0x2  Code  Gb  stm32_lpm_if.o [1]
PWR_EnterSleepMode       0x801'587f   0x10  Code  Gb  stm32_lpm_if.o [1]
PWR_EnterStopMode        0x801'585d   0x16  Code  Gb  stm32_lpm_if.o [1]
PWR_ExitOffMode          0x801'585b    0x2  Code  Gb  stm32_lpm_if.o [1]
PWR_ExitSleepMode        0x801'588f    0x8  Code  Gb  stm32_lpm_if.o [1]
PWR_ExitStopMode         0x801'5873    0xc  Code  Gb  stm32_lpm_if.o [1]
PacketType              0x2000'23b0    0x1  Data  Lc  radio_driver.o [1]
PayloadEncrypt           0x800'4c91   0xc4  Code  Lc  LoRaMacCrypto.o [1]
PendSV_Handler           0x800'f8ff    0x2  Code  Gb  stm32wlxx_it.o [1]
PrepareB0                0x800'4d55   0x42  Code  Lc  LoRaMacCrypto.o [1]
[...]
SVC_Handler              0x800'f8fb    0x2  Code  Gb  stm32wlxx_it.o [1]
SYS_GetBatteryLevel      0x800'f4f3   0x3a  Code  Gb  adc_if.o [1]
SYS_GetTemperatureLevel
                         0x800'f471   0x82  Code  Gb  adc_if.o [1]
SYS_InitMeasurement      0x800'f469    0x8  Code  Gb  adc_if.o [1]
ScheduleTx               0x800'1df5  0x12e  Code  Lc  LoRaMac.o [1]
SeNvm                   0x2000'2434    0x4  Data  Lc  soft-se.o [1]
SecureElementAesEncrypt
                         0x800'49ff   0x6e  Code  Gb  soft-se.o [1]
SecureElementComputeAesCmac
                         0x800'49c1   0x14  Code  Gb  soft-se.o [1]
SecureElementDeriveAndStoreKey
                         0x800'4a6d   0x46  Code  Gb  soft-se.o [1]
SecureElementGetDevEui   0x800'4b4d    0x6  Code  Gb  soft-se.o [1]
SecureElementGetJoinEui
                         0x800'4b6f    0xa  Code  Gb  soft-se.o [1]
SecureElementGetKeyByID
                         0x800'4923   0x16  Code  Gb  soft-se.o [1]
SecureElementInit        0x800'48c7   0x52  Code  Gb  soft-se.o [1]
SecureElementProcessJoinAccept
                         0x800'4ab3   0x72  Code  Gb  soft-se.o [1]
SecureElementRandomNumber
                         0x800'4b25   0x16  Code  Gb  soft-se.o [1]
SecureElementSetDevEui   0x800'4b3b   0x12  Code  Gb  soft-se.o [1]
SecureElementSetJoinEui
                         0x800'4b53   0x14  Code  Gb  soft-se.o [1]
SecureElementSetKey      0x800'4955   0x6c  Code  Gb  soft-se.o [1]
SecureElementVerifyAesCmac
                         0x800'49d5   0x2a  Code  Gb  soft-se.o [1]
SecureFrame              0x800'1f29   0x90  Code  Lc  LoRaMac.o [1]
Send                     0x800'1aa9  0x17e  Code  Lc  LoRaMac.o [1]
SendFrameOnChannel       0x800'23af   0xf0  Code  Lc  LoRaMac.o [1]
SendReJoinReq            0x800'1c27   0x72  Code  Lc  LoRaMac.o [1]
SendTxData               0x801'3ddd   0x78  Code  Lc  app.o [1]
SerializeTxFrame         0x800'1d99   0x56  Code  Lc  LoRaMac.o [1]
SetMlmeScheduleUplinkIndication
                         0x800'13af   0x12  Code  Lc  LoRaMac.o [1]
SetTxContinuousWave      0x800'249f   0x4e  Code  Lc  LoRaMac.o [1]
SetTxContinuousWave1     0x800'24f1   0x2e  Code  Lc  LoRaMac.o [1]
StopModeDisable         0x2000'2400    0x4  Data  Lc  stm32_lpm.o [1]
StopRetransmission       0x800'2719   0x54  Code  Lc  LoRaMac.o [1]
SubgRf                  0x2000'1d74   0x58  Data  Gb  radio.o [1]
SuperMask               0x2000'0130    0x4  Data  Lc  stm32_seq.o [1]
SwitchClass              0x800'1209  0x12e  Code  Lc  LoRaMac.o [1]
SysTick_Handler          0x800'f901    0x2  Code  Gb  stm32wlxx_it.o [1]
SysTimeAdd               0x800'3b1d   0x3e  Code  Gb  stm32_systime.o [1]
SysTimeFromMs            0x800'3c73   0x40  Code  Gb  stm32_systime.o [1]
SysTimeGet               0x800'3bdd   0x32  Code  Gb  stm32_systime.o [1]
SysTimeGetMcuTime        0x800'3c11   0x22  Code  Gb  stm32_systime.o [1]
SysTimeSet               0x800'3ba5   0x36  Code  Gb  stm32_systime.o [1]
SysTimeSub               0x800'3b5b   0x3a  Code  Gb  stm32_systime.o [1]
SysTimeToMs              0x800'3c33   0x30  Code  Gb  stm32_systime.o [1]
SystemApp_Init           0x800'ea65    0x8  Code  Gb  sys_app.o [1]
SystemClock_Config       0x801'38ff   0xa0  Code  Gb  main.o [1]
SystemCoreClock         0x2000'014c    0x4  Data  Gb  system_stm32wlxx.o [1]
SystemInit               0x801'5f85    0x2  Code  Gb  system_stm32wlxx.o [1]
TAMP_STAMP_LSECSS_SSRU_IRQHandler
                         0x800'f903    0xa  Code  Gb  stm32wlxx_it.o [1]
TIMER_IF_BkUp_Read_MSBticks
                         0x800'f867    0xc  Code  Lc  timer_if.o [1]
TIMER_IF_BkUp_Read_Seconds
                         0x800'f83b    0xe  Code  Gb  timer_if.o [1]
TIMER_IF_BkUp_Read_SubSeconds
                         0x800'f849    0xe  Code  Gb  timer_if.o [1]
TIMER_IF_BkUp_Write_MSBticks
                         0x800'f857   0x10  Code  Lc  timer_if.o [1]
TIMER_IF_BkUp_Write_Seconds
                         0x800'f81b   0x10  Code  Gb  timer_if.o [1]
TIMER_IF_BkUp_Write_SubSeconds
                         0x800'f82b   0x10  Code  Gb  timer_if.o [1]
TIMER_IF_Convert_Tick2ms
                         0x800'f779   0x16  Code  Gb  timer_if.o [1]
TIMER_IF_Convert_ms2Tick
                         0x800'f75b   0x1e  Code  Gb  timer_if.o [1]
TIMER_IF_DelayMs         0x800'f78f   0x22  Code  Gb  timer_if.o [1]
TIMER_IF_GetMinimumTimeout
                         0x800'f755    0x6  Code  Gb  timer_if.o [1]
TIMER_IF_GetTime         0x800'f7cd   0x4e  Code  Gb  timer_if.o [1]
TIMER_IF_GetTimerContext
                         0x800'f727    0x6  Code  Gb  timer_if.o [1]
TIMER_IF_GetTimerElapsedTime
                         0x800'f72d   0x12  Code  Gb  timer_if.o [1]
TIMER_IF_GetTimerValue   0x800'f73f   0x16  Code  Gb  timer_if.o [1]
TIMER_IF_Init            0x800'f661   0x42  Code  Gb  timer_if.o [1]
TIMER_IF_SetTimerContext
                         0x800'f719    0xe  Code  Gb  timer_if.o [1]
TIMER_IF_StartTimer      0x800'f6a3   0x54  Code  Gb  timer_if.o [1]
TIMER_IF_StopTimer       0x800'f6f7   0x22  Code  Gb  timer_if.o [1]
TRACE_AllocateBufer      0x800'3f3f   0xac  Code  Lc  stm32_adv_trace.o [1]
TRACE_IsLocked           0x800'4013   0x10  Code  Lc  stm32_adv_trace.o [1]
TRACE_Lock               0x800'3feb   0x14  Code  Lc  stm32_adv_trace.o [1]
TRACE_Send               0x800'3e01   0x98  Code  Lc  stm32_adv_trace.o [1]
TRACE_TxCpltCallback     0x800'3e9d   0xa2  Code  Lc  stm32_adv_trace.o [1]
TRACE_UnLock             0x800'3fff   0x14  Code  Lc  stm32_adv_trace.o [1]
TaskCb                  0x2000'1e00   0x80  Data  Lc  stm32_seq.o [1]
TaskMask                0x2000'012c    0x4  Data  Lc  stm32_seq.o [1]
TaskPrio                0x2000'0118   0x10  Data  Lc  stm32_seq.o [1]
TaskSet                 0x2000'0128    0x4  Data  Lc  stm32_seq.o [1]
TimerExists              0x800'3a99   0x16  Code  Gb  stm32_timer.o [1]
TimerInsertNewHeadTimer
                         0x800'3b01   0x10  Code  Gb  stm32_timer.o [1]
TimerInsertTimer         0x800'3adb   0x26  Code  Gb  stm32_timer.o [1]
TimerListHead           0x2000'2438    0x4  Data  Lc  stm32_timer.o [1]
TimerSetTimeout          0x800'3aaf   0x2c  Code  Gb  stm32_timer.o [1]
TimestampNow             0x800'5ec1   0x2a  Code  Lc  util_if.o [1]
TxCpltCallback_LPUART1  0x2000'242c    0x4  Data  Lc  main.o [1]
TxCpltCallback_USART1   0x2000'2424    0x4  Data  Lc  main.o [1]
TxCpltCallback_USART2   0x2000'2428    0x4  Data  Lc  main.o [1]
TxDoneParams            0x2000'241c    0x4  Data  Gb  LoRaMac.o [1]
TxLedTimer              0x2000'22a8   0x18  Data  Lc  app.o [1]
TxParams                0x2000'22f0   0x18  Data  Lc  LmHandler.o [1]
TxTimeoutTimer          0x2000'1dd0   0x18  Data  Gb  radio.o [1]
TxTimer                 0x2000'2290   0x18  Data  Lc  app.o [1]
UARTEx_SetNbDataToProcess
                         0x801'4205   0x3e  Code  Lc  stm32wlxx_hal_uart_ex.o [1]
UARTEx_SetNbDataToProcess::denominator
                         0x801'424c    0x8  Data  Lc  stm32wlxx_hal_uart_ex.o [1]
UARTEx_SetNbDataToProcess::numerator
                         0x801'4244    0x8  Data  Lc  stm32wlxx_hal_uart_ex.o [1]
UARTPrescTable           0x801'2dd4   0x18  Data  Gb  stm32wlxx_hal_uart.o [1]
UART_AdvFeatureConfig    0x801'2a61   0xc6  Code  Gb  stm32wlxx_hal_uart.o [1]
UART_CheckIdleState      0x801'2b27   0x5c  Code  Gb  stm32wlxx_hal_uart.o [1]
UART_DMAAbortOnError     0x801'2dc1   0x12  Code  Lc  stm32wlxx_hal_uart.o [1]
UART_EndRxTransfer       0x801'2d3f   0x22  Code  Lc  stm32wlxx_hal_uart.o [1]
UART_InitCallbacksToDefault
                         0x801'27b9   0x4a  Code  Gb  stm32wlxx_hal_uart.o [1]
UART_RxISR_16BIT         0x801'2f85   0x4e  Code  Lc  stm32wlxx_hal_uart.o [1]
UART_RxISR_16BIT_FIFOEN
                         0x801'3125   0x96  Code  Lc  stm32wlxx_hal_uart.o [1]
UART_RxISR_8BIT          0x801'2f35   0x4e  Code  Lc  stm32wlxx_hal_uart.o [1]
UART_RxISR_8BIT_FIFOEN   0x801'3049   0x96  Code  Lc  stm32wlxx_hal_uart.o [1]
UART_SetConfig           0x801'2811  0x24c  Code  Gb  stm32wlxx_hal_uart.o [1]
UART_Start_Receive_IT    0x801'2c39   0xf0  Code  Gb  stm32wlxx_hal_uart.o [1]
UART_TxISR_16BIT         0x801'2e17   0x2e  Code  Lc  stm32wlxx_hal_uart.o [1]
UART_TxISR_16BIT_FIFOEN
                         0x801'2ecb   0x4c  Code  Lc  stm32wlxx_hal_uart.o [1]
UART_TxISR_8BIT          0x801'2ded   0x2a  Code  Lc  stm32wlxx_hal_uart.o [1]
UART_TxISR_8BIT_FIFOEN   0x801'2e6f   0x48  Code  Lc  stm32wlxx_hal_uart.o [1]
UART_WaitOnFlagUntilTimeout
                         0x801'2b83   0x7a  Code  Gb  stm32wlxx_hal_uart.o [1]
USART1_IRQHandler        0x800'f971    0xa  Code  Gb  stm32wlxx_it.o [1]
USART2_IRQHandler        0x800'f97b    0xa  Code  Gb  stm32wlxx_it.o [1]
UTIL_ADV_TRACE_COND_FSend
                         0x800'3d1b   0xda  Code  Gb  stm32_adv_trace.o [1]
UTIL_ADV_TRACE_Init      0x800'3cf1   0x2a  Code  Gb  stm32_adv_trace.o [1]
UTIL_ADV_TRACE_PostSendHook
                         0x800'5eef    0x2  Code  Gb  util_if.o [1]
UTIL_ADV_TRACE_PreSendHook
                         0x800'5eeb    0x4  Code  Gb  util_if.o [1]
UTIL_ADV_TRACE_RegisterTimeStampFunction
                         0x800'3df5    0x6  Code  Gb  stm32_adv_trace.o [1]
UTIL_ADV_TRACE_SetVerboseLevel
                         0x800'3dfb    0x6  Code  Gb  stm32_adv_trace.o [1]
UTIL_LPM_EnterLowPower   0x800'c3eb   0x36  Code  Gb  stm32_lpm.o [1]
UTIL_LPM_Init            0x800'c3a5    0xa  Code  Gb  stm32_lpm.o [1]
UTIL_LPM_SetOffMode      0x800'c3bf    0xe  Code  Gb  stm32_lpm.o [1]
UTIL_LPM_SetStopMode     0x800'c3af   0x10  Code  Gb  stm32_lpm.o [1]
UTIL_MEM_cpy_8           0x800'5c1d   0x16  Code  Gb  stm32_mem.o [1]
UTIL_MEM_set_8           0x800'5c33    0xe  Code  Gb  stm32_mem.o [1]
UTIL_PowerDriver         0x801'5dc8   0x18  Data  Gb  stm32_lpm_if.o [1]
UTIL_SEQ_Idle            0x800'5ebd    0x4  Code  Gb  util_if.o [1]
UTIL_SEQ_RegTask         0x801'40d5   0x1a  Code  Gb  stm32_seq.o [1]
UTIL_SEQ_Run             0x801'400d   0xc8  Code  Gb  stm32_seq.o [1]
UTIL_SEQ_SetTask         0x801'40ef   0x20  Code  Gb  stm32_seq.o [1]
UTIL_SYSTIMDriver        0x801'5df4   0x14  Data  Gb  timer_if.o [1]
UTIL_TIMER_Create        0x800'38c5   0x32  Code  Gb  stm32_timer.o [1]
UTIL_TIMER_GetCurrentTime
                         0x800'3a6d   0x10  Code  Gb  stm32_timer.o [1]
UTIL_TIMER_GetElapsedTime
                         0x800'3a7d   0x1c  Code  Gb  stm32_timer.o [1]
UTIL_TIMER_IRQ_Handler   0x800'39f1   0x7c  Code  Gb  stm32_timer.o [1]
UTIL_TIMER_Init          0x800'38b9    0xc  Code  Gb  stm32_timer.o [1]
UTIL_TIMER_SetPeriod     0x800'39c3   0x2e  Code  Gb  stm32_timer.o [1]
UTIL_TIMER_Start         0x800'38f7   0x70  Code  Gb  stm32_timer.o [1]
UTIL_TIMER_Stop          0x800'396d   0x56  Code  Gb  stm32_timer.o [1]
UTIL_TimerDriver         0x801'5b64   0x2c  Data  Gb  timer_if.o [1]
UTIL_TraceDriver         0x801'5e88   0x10  Data  Gb  usart_if.o [1]
UpdateRxSlotIdleState    0x800'029b   0x24  Code  Lc  LoRaMac.o [1]
UsageFault_Handler       0x800'f8f3    0x8  Code  Gb  stm32wlxx_it.o [1]
ValidatePayloadLength    0x800'136d   0x42  Code  Lc  LoRaMac.o [1]
VerifyRfFreq             0x800'5f11   0x20  Code  Lc  RegionAS923.o [1]
VerifyRfFreq             0x800'69e5   0x44  Code  Lc  RegionAU915.o [1]
VerifyRfFreq             0x800'74bd   0x44  Code  Lc  RegionCN470.o [1]
VerifyRfFreq             0x800'7cf1   0x20  Code  Lc  RegionCN779.o [1]
VerifyRfFreq             0x800'8779   0x20  Code  Lc  RegionEU433.o [1]
VerifyRfFreq             0x800'91f5   0x84  Code  Lc  RegionEU868.o [1]
VerifyRfFreq             0x800'9cfd   0x20  Code  Lc  RegionIN865.o [1]
VerifyRfFreq             0x800'b261   0x20  Code  Lc  RegionRU864.o [1]
VerifyRfFreq             0x800'a7cb   0x44  Code  Lc  RegionUS915.o [1]
VerifyTxFrame            0x800'1d59   0x3c  Code  Lc  LoRaMac.o [1]
__NVIC_SetPriority       0x800'fa71   0x1a  Code  Lc  stm32wlxx_hal_cortex.o [1]
__NVIC_SystemReset       0x800'f899   0x1a  Code  Lc  stm32wlxx_it.o [1]
__aeabi_d2iz             0x800'cd2d         Code  Gb  DblToS32.o [3]
__aeabi_f2d              0x800'cc8d         Code  Gb  FltToDbl.o [3]
__aeabi_fsub             0x800'cc0d         Code  Gb  FltSub.o [3]
__aeabi_ldiv0            0x800'fcb9         Code  Gb  I64DivZer.o [4]
__aeabi_memclr4          0x800'c389         Code  Gb  ABImemclr4.o [4]
__aeabi_memcpy           0x800'58d1         Code  Gb  ABImemcpy.o [4]
__aeabi_memcpy4          0x800'58f1         Code  Gb  ABImemcpy.o [4]
__aeabi_memcpy8          0x800'58f1         Code  Gb  ABImemcpy.o [4]
__aeabi_memset           0x800'5979         Code  Gb  ABImemset.o [4]
__aeabi_ui2f             0x800'59e1         Code  Gb  U32ToFlt.o [3]
__aeabi_uldivmod         0x800'ed45         Code  Gb  I64DivMod.o [4]
__cmain                  0x801'5ce1         Code  Gb  cmain.o [4]
__exit                   0x801'5d15   0x14  Code  Gb  exit.o [5]
__iar_Memset             0x800'5979         Code  Gb  ABImemset.o [4]
__iar_Memset4_word       0x800'cbd9         Code  Gb  ABImemset48.o [4]
__iar_Memset8_word       0x800'cbd9         Code  Gb  ABImemset48.o [4]
__iar_Memset_word        0x800'5981         Code  Gb  ABImemset.o [4]
__iar_data_init3         0x801'5bb9   0x28  Code  Gb  data_init.o [4]
__iar_fadd               0x800'cc19         Code  Gb  FltSub.o [3]
__iar_floor64            0x800'ccd5         Code  Gb  floor.o [3]
__iar_fsub               0x800'cd69         Code  Gb  FltAdd.o [3]
__iar_fsubStart          0x800'cd79         Code  Gb  FltAdd.o [3]
__iar_packbits_init_single3
                         0x801'5a39   0x38  Code  Gb  packbits_init_single.o [4]
__iar_program_start      0x801'5d7d         Code  Gb  cstartup_M.o [4]
__iar_small_strlen       0x800'c391         Code  Gb  strlen_small.o [4]
__iar_zero_init3         0x800'4717   0x3a  Code  Gb  zero_init3.o [4]
__low_level_init         0x801'5cff    0x4  Code  Gb  low_level_init.o [2]
__vector_table           0x800'0000         Data  Gb  startup_stm32wl55xx_cm4.o [1]
_call_main               0x801'5ced         Code  Gb  cmain.o [4]
_exit                    0x801'5d09         Code  Gb  cexit.o [4]
_main                    0x801'5cf7         Code  Gb  cmain.o [4]
binAppendByte            0x801'50b9   0x1e  Code  Gb  bin.o [1]
binAppendInt16           0x801'50db    0x8  Code  Gb  bin.o [1]
binAppendInt32           0x801'50e3    0xa  Code  Gb  bin.o [1]
binAppendInt64           0x801'5109   0x42  Code  Gb  bin.o [1]
binAppendInt8            0x801'50d7    0x4  Code  Gb  bin.o [1]
binBegin                 0x801'5065   0x18  Code  Gb  bin.o [1]
binEnd                   0x801'507d   0x3c  Code  Gb  bin.o [1]
binFlags                0x2000'2328    0x8  Data  Lc  bin.o [1]
binFlagsFound           0x2000'2321    0x1  Data  Lc  bin.o [1]
binMaxFlags             0x2000'2320    0x1  Data  Lc  bin.o [1]
binRecord               0x2000'2330    0x4  Data  Lc  bin.o [1]
binRecordAllocLen       0x2000'2322    0x1  Data  Lc  bin.o [1]
binRecordLen            0x2000'2323    0x1  Data  Lc  bin.o [1]
binSuccess              0x2000'2324    0x1  Data  Lc  bin.o [1]
buttonHeldAtBoot        0x2000'2440    0x1  Data  Gb  appinit.o [1]
copy_and_key             0x800'bf7b   0x84  Code  Lc  lorawan_aes.o [1]
copy_block               0x800'beb5   0x42  Code  Lc  lorawan_aes.o [1]
dbgReceiveBuffer        0x2000'1390  0x1f4  Data  Gb  debug.o [1]
dbgReceiveDrainIndex    0x2000'240c    0x4  Data  Gb  debug.o [1]
dbgReceiveFillIndex     0x2000'2408    0x4  Data  Gb  debug.o [1]
dbgReceiveOverrun       0x2000'2441    0x1  Data  Gb  debug.o [1]
dbgReceivedByteISR       0x801'172f   0x5e  Code  Gb  debug.o [1]
dbgRestartReceive        0x801'1713   0x1c  Code  Gb  debug.o [1]
dbgRxCallback           0x2000'2410    0x4  Data  Lc  debug.o [1]
exit                     0x801'5d03    0x4  Code  Gb  exit.o [2]
floor                    0x800'ccd5         Code  Gb  floor.o [3]
floorl                   0x800'ccd5         Code  Gb  floor.o [3]
gfm2_sbox                0x801'5158  0x100  Data  Lc  lorawan_aes.o [1]
gfm3_sbox                0x801'5258  0x100  Data  Lc  lorawan_aes.o [1]
hadc                    0x2000'1e80   0x64  Data  Gb  adc.o [1]
hdma_i2c2_rx            0x2000'2068   0x60  Data  Gb  main.o [1]
hdma_i2c2_tx            0x2000'20c8   0x60  Data  Gb  main.o [1]
hdma_spi1_rx            0x2000'2128   0x60  Data  Gb  main.o [1]
hdma_spi1_tx            0x2000'2188   0x60  Data  Gb  main.o [1]
hdma_usart1_rx          0x2000'1f48   0x60  Data  Gb  main.o [1]
hdma_usart1_tx          0x2000'1fa8   0x60  Data  Gb  main.o [1]
hdma_usart2_tx          0x2000'2008   0x60  Data  Gb  main.o [1]
hi2c2                   0x2000'21e8   0x4c  Data  Gb  main.o [1]
hlpuart1                0x2000'1b1c   0xc8  Data  Gb  main.o [1]
hrtc                    0x2000'2234   0x38  Data  Gb  rtc.o [1]
hspi1                   0x2000'1ee4   0x64  Data  Gb  main.o [1]
hsubghz                 0x2000'239c    0xc  Data  Gb  subghz.o [1]
huart1                  0x2000'1be4   0xc8  Data  Gb  main.o [1]
huart2                  0x2000'1cac   0xc8  Data  Gb  main.o [1]
ioInit                   0x801'33d5  0x18e  Code  Gb  appinit.o [1]
ledIndicateJoinInProgress
                         0x801'4cc1    0xa  Code  Gb  led.o [1]
ledIndicateReceiveInProgress
                         0x801'4ce5   0x10  Code  Gb  led.o [1]
ledIndicateTransmitInProgress
                         0x801'4cf9    0x8  Code  Gb  led.o [1]
ledJoined                0x801'4c95   0x22  Code  Gb  led.o [1]
ledToggleJoin            0x801'4ccb   0x1a  Code  Gb  led.o [1]
loraInfo                0x2000'237c   0x10  Data  Lc  lora_info.o [1]
lorawan_aes_encrypt      0x800'c0e5  0x29a  Code  Gb  lorawan_aes.o [1]
lorawan_aes_set_key      0x800'bfff   0xe6  Code  Gb  lorawan_aes.o [1]
main                     0x801'38bf   0x40  Code  Gb  main.o [1]
memcpy1                  0x800'5651   0x16  Code  Gb  utilities.o [1]
memcpyr                  0x800'5667   0x1a  Code  Gb  utilities.o [1]
memset                   0x800'5c09   0x14  Code  Gb  memset.o [4]
memset1                  0x800'5681    0xe  Code  Gb  utilities.o [1]
next                    0x2000'0150    0x4  Data  Lc  utilities.o [1]
peripherals             0x2000'2430    0x4  Data  Gb  main.o [1]
randr                    0x800'561f   0x32  Code  Gb  utilities.o [1]
sbox                     0x801'5358  0x100  Data  Lc  lorawan_aes.o [1]
sensorGetData            0x801'4d09   0x58  Code  Gb  sensor.o [1]
sensorSecsFailure       0x2000'0004    0x4  Data  Lc  app.o [1]
sensorSecsSuccess       0x2000'0000    0x4  Data  Lc  app.o [1]
srand1                   0x800'5619    0x6  Code  Gb  utilities.o [1]
startSensorTimer         0x801'3cf3   0x42  Code  Gb  app.o [1]
sztmp                   0x2000'1190  0x200  Data  Lc  stm32_adv_trace.o [1]
tiny_snprintf_like       0x800'5ef7    0xe  Code  Lc  util_if.o [1]
tiny_vsnprintf_like      0x800'5c41  0x242  Code  Gb  stm32_tiny_vsnprintf.o [1]
tristate                 0x801'32f7   0xde  Code  Gb  appinit.o [1]
uwTick                  0x2000'0144    0x4  Data  Gb  stm32wlxx_hal.o [1]
uwTickFreq              0x2000'0140    0x1  Data  Gb  stm32wlxx_hal.o [1]
uwTickPrio              0x2000'0148    0x4  Data  Gb  stm32wlxx_hal.o [1]
vcom_DeInit              0x801'5993    0xa  Code  Gb  usart_if.o [1]
vcom_Init                0x801'5981   0x12  Code  Gb  usart_if.o [1]
vcom_ReceiveInit         0x801'59b3    0xe  Code  Gb  usart_if.o [1]
vcom_Trace_DMA           0x801'599d   0x16  Code  Gb  usart_if.o [1]
vector_t                0x2000'1600  0x138  Data  Lc  main.o [1]
xor_block                0x800'bef7   0x84  Code  Lc  lorawan_aes.o [1]


[1] = C:\Users\ray\dev\sparrow-lorawan\Application\EWARM\sparrow\Obj
[2] = dl7M_tlf.a
[3] = m7M_tl.a
[4] = rt7M_tl.a
[5] = shb_l.a

  86'888 bytes of readonly  code memory
   3'286 bytes of readonly  data memory
  11'331 bytes of readwrite data memory

Errors: none
Warnings: none
