###############################################################################
#
# IAR ELF Linker V8.50.9.278/W32 for ARM                  05/Oct/2021  19:14:09
# Copyright 2007-2020 IAR Systems AB.
#
#    Output file  =
#        C:\Users\ray\dev\sparrow-lorawan\Application\EWARM\sparrow\Exe\sparrow.out
#    Map file     =
#        C:\Users\ray\dev\sparrow-lorawan\Application\EWARM\sparrow\List\sparrow.map
#    Command line =
#        -f C:\Users\ray\AppData\Local\Temp\EW21D4.tmp
#        (C:\Users\ray\dev\sparrow-lorawan\Application\EWARM\sparrow\Obj\adc.o
#        C:\Users\ray\dev\sparrow-lorawan\Application\EWARM\sparrow\Obj\adc_if.o
#        C:\Users\ray\dev\sparrow-lorawan\Application\EWARM\sparrow\Obj\app_lorawan.o
#        C:\Users\ray\dev\sparrow-lorawan\Application\EWARM\sparrow\Obj\cmac.o
#        C:\Users\ray\dev\sparrow-lorawan\Application\EWARM\sparrow\Obj\dma.o
#        C:\Users\ray\dev\sparrow-lorawan\Application\EWARM\sparrow\Obj\LmHandler.o
#        C:\Users\ray\dev\sparrow-lorawan\Application\EWARM\sparrow\Obj\LmhpCompliance.o
#        C:\Users\ray\dev\sparrow-lorawan\Application\EWARM\sparrow\Obj\lora_app.o
#        C:\Users\ray\dev\sparrow-lorawan\Application\EWARM\sparrow\Obj\lora_info.o
#        C:\Users\ray\dev\sparrow-lorawan\Application\EWARM\sparrow\Obj\LoRaMac.o
#        C:\Users\ray\dev\sparrow-lorawan\Application\EWARM\sparrow\Obj\LoRaMacAdr.o
#        C:\Users\ray\dev\sparrow-lorawan\Application\EWARM\sparrow\Obj\LoRaMacClassB.o
#        C:\Users\ray\dev\sparrow-lorawan\Application\EWARM\sparrow\Obj\LoRaMacCommands.o
#        C:\Users\ray\dev\sparrow-lorawan\Application\EWARM\sparrow\Obj\LoRaMacConfirmQueue.o
#        C:\Users\ray\dev\sparrow-lorawan\Application\EWARM\sparrow\Obj\LoRaMacCrypto.o
#        C:\Users\ray\dev\sparrow-lorawan\Application\EWARM\sparrow\Obj\LoRaMacParser.o
#        C:\Users\ray\dev\sparrow-lorawan\Application\EWARM\sparrow\Obj\LoRaMacSerializer.o
#        C:\Users\ray\dev\sparrow-lorawan\Application\EWARM\sparrow\Obj\lorawan_aes.o
#        C:\Users\ray\dev\sparrow-lorawan\Application\EWARM\sparrow\Obj\main.o
#        C:\Users\ray\dev\sparrow-lorawan\Application\EWARM\sparrow\Obj\NvmDataMgmt.o
#        C:\Users\ray\dev\sparrow-lorawan\Application\EWARM\sparrow\Obj\radio.o
#        C:\Users\ray\dev\sparrow-lorawan\Application\EWARM\sparrow\Obj\radio_board_if.o
#        C:\Users\ray\dev\sparrow-lorawan\Application\EWARM\sparrow\Obj\radio_driver.o
#        C:\Users\ray\dev\sparrow-lorawan\Application\EWARM\sparrow\Obj\radio_fw.o
#        C:\Users\ray\dev\sparrow-lorawan\Application\EWARM\sparrow\Obj\Region.o
#        C:\Users\ray\dev\sparrow-lorawan\Application\EWARM\sparrow\Obj\RegionAS923.o
#        C:\Users\ray\dev\sparrow-lorawan\Application\EWARM\sparrow\Obj\RegionAU915.o
#        C:\Users\ray\dev\sparrow-lorawan\Application\EWARM\sparrow\Obj\RegionBaseUS.o
#        C:\Users\ray\dev\sparrow-lorawan\Application\EWARM\sparrow\Obj\RegionCN470.o
#        C:\Users\ray\dev\sparrow-lorawan\Application\EWARM\sparrow\Obj\RegionCN779.o
#        C:\Users\ray\dev\sparrow-lorawan\Application\EWARM\sparrow\Obj\RegionCommon.o
#        C:\Users\ray\dev\sparrow-lorawan\Application\EWARM\sparrow\Obj\RegionEU433.o
#        C:\Users\ray\dev\sparrow-lorawan\Application\EWARM\sparrow\Obj\RegionEU868.o
#        C:\Users\ray\dev\sparrow-lorawan\Application\EWARM\sparrow\Obj\RegionIN865.o
#        C:\Users\ray\dev\sparrow-lorawan\Application\EWARM\sparrow\Obj\RegionKR920.o
#        C:\Users\ray\dev\sparrow-lorawan\Application\EWARM\sparrow\Obj\RegionRU864.o
#        C:\Users\ray\dev\sparrow-lorawan\Application\EWARM\sparrow\Obj\RegionUS915.o
#        C:\Users\ray\dev\sparrow-lorawan\Application\EWARM\sparrow\Obj\rtc.o
#        C:\Users\ray\dev\sparrow-lorawan\Application\EWARM\sparrow\Obj\soft-se.o
#        C:\Users\ray\dev\sparrow-lorawan\Application\EWARM\sparrow\Obj\startup_stm32wl55xx_cm4.o
#        C:\Users\ray\dev\sparrow-lorawan\Application\EWARM\sparrow\Obj\stm32_adv_trace.o
#        C:\Users\ray\dev\sparrow-lorawan\Application\EWARM\sparrow\Obj\stm32_lpm.o
#        C:\Users\ray\dev\sparrow-lorawan\Application\EWARM\sparrow\Obj\stm32_lpm_if.o
#        C:\Users\ray\dev\sparrow-lorawan\Application\EWARM\sparrow\Obj\stm32_mem.o
#        C:\Users\ray\dev\sparrow-lorawan\Application\EWARM\sparrow\Obj\stm32_seq.o
#        C:\Users\ray\dev\sparrow-lorawan\Application\EWARM\sparrow\Obj\stm32_systime.o
#        C:\Users\ray\dev\sparrow-lorawan\Application\EWARM\sparrow\Obj\stm32_timer.o
#        C:\Users\ray\dev\sparrow-lorawan\Application\EWARM\sparrow\Obj\stm32_tiny_sscanf.o
#        C:\Users\ray\dev\sparrow-lorawan\Application\EWARM\sparrow\Obj\stm32_tiny_vsnprintf.o
#        C:\Users\ray\dev\sparrow-lorawan\Application\EWARM\sparrow\Obj\stm32wlxx_hal.o
#        C:\Users\ray\dev\sparrow-lorawan\Application\EWARM\sparrow\Obj\stm32wlxx_hal_adc.o
#        C:\Users\ray\dev\sparrow-lorawan\Application\EWARM\sparrow\Obj\stm32wlxx_hal_adc_ex.o
#        C:\Users\ray\dev\sparrow-lorawan\Application\EWARM\sparrow\Obj\stm32wlxx_hal_cortex.o
#        C:\Users\ray\dev\sparrow-lorawan\Application\EWARM\sparrow\Obj\stm32wlxx_hal_dma.o
#        C:\Users\ray\dev\sparrow-lorawan\Application\EWARM\sparrow\Obj\stm32wlxx_hal_dma_ex.o
#        C:\Users\ray\dev\sparrow-lorawan\Application\EWARM\sparrow\Obj\stm32wlxx_hal_exti.o
#        C:\Users\ray\dev\sparrow-lorawan\Application\EWARM\sparrow\Obj\stm32wlxx_hal_flash.o
#        C:\Users\ray\dev\sparrow-lorawan\Application\EWARM\sparrow\Obj\stm32wlxx_hal_flash_ex.o
#        C:\Users\ray\dev\sparrow-lorawan\Application\EWARM\sparrow\Obj\stm32wlxx_hal_gpio.o
#        C:\Users\ray\dev\sparrow-lorawan\Application\EWARM\sparrow\Obj\stm32wlxx_hal_msp.o
#        C:\Users\ray\dev\sparrow-lorawan\Application\EWARM\sparrow\Obj\stm32wlxx_hal_pwr.o
#        C:\Users\ray\dev\sparrow-lorawan\Application\EWARM\sparrow\Obj\stm32wlxx_hal_pwr_ex.o
#        C:\Users\ray\dev\sparrow-lorawan\Application\EWARM\sparrow\Obj\stm32wlxx_hal_rcc.o
#        C:\Users\ray\dev\sparrow-lorawan\Application\EWARM\sparrow\Obj\stm32wlxx_hal_rcc_ex.o
#        C:\Users\ray\dev\sparrow-lorawan\Application\EWARM\sparrow\Obj\stm32wlxx_hal_rtc.o
#        C:\Users\ray\dev\sparrow-lorawan\Application\EWARM\sparrow\Obj\stm32wlxx_hal_rtc_ex.o
#        C:\Users\ray\dev\sparrow-lorawan\Application\EWARM\sparrow\Obj\stm32wlxx_hal_subghz.o
#        C:\Users\ray\dev\sparrow-lorawan\Application\EWARM\sparrow\Obj\stm32wlxx_hal_tim.o
#        C:\Users\ray\dev\sparrow-lorawan\Application\EWARM\sparrow\Obj\stm32wlxx_hal_tim_ex.o
#        C:\Users\ray\dev\sparrow-lorawan\Application\EWARM\sparrow\Obj\stm32wlxx_hal_uart.o
#        C:\Users\ray\dev\sparrow-lorawan\Application\EWARM\sparrow\Obj\stm32wlxx_hal_uart_ex.o
#        C:\Users\ray\dev\sparrow-lorawan\Application\EWARM\sparrow\Obj\stm32wlxx_it.o
#        C:\Users\ray\dev\sparrow-lorawan\Application\EWARM\sparrow\Obj\stm32wlxx_ll_adc.o
#        C:\Users\ray\dev\sparrow-lorawan\Application\EWARM\sparrow\Obj\stm32wlxx_nucleo.o
#        C:\Users\ray\dev\sparrow-lorawan\Application\EWARM\sparrow\Obj\stm32wlxx_nucleo_radio.o
#        C:\Users\ray\dev\sparrow-lorawan\Application\EWARM\sparrow\Obj\subghz.o
#        C:\Users\ray\dev\sparrow-lorawan\Application\EWARM\sparrow\Obj\sys_app.o
#        C:\Users\ray\dev\sparrow-lorawan\Application\EWARM\sparrow\Obj\sys_debug.o
#        C:\Users\ray\dev\sparrow-lorawan\Application\EWARM\sparrow\Obj\sys_sensors.o
#        C:\Users\ray\dev\sparrow-lorawan\Application\EWARM\sparrow\Obj\system_stm32wlxx.o
#        C:\Users\ray\dev\sparrow-lorawan\Application\EWARM\sparrow\Obj\timer_if.o
#        C:\Users\ray\dev\sparrow-lorawan\Application\EWARM\sparrow\Obj\usart.o
#        C:\Users\ray\dev\sparrow-lorawan\Application\EWARM\sparrow\Obj\usart_if.o
#        C:\Users\ray\dev\sparrow-lorawan\Application\EWARM\sparrow\Obj\utilities.o
#        --redirect _Printf=_PrintfFull --redirect _Scanf=_ScanfFull
#        --no_out_extension -o
#        C:\Users\ray\dev\sparrow-lorawan\Application\EWARM\sparrow\Exe\sparrow.out
#        --map
#        C:\Users\ray\dev\sparrow-lorawan\Application\EWARM\sparrow\List\sparrow.map
#        --config
#        C:\Users\ray\dev\sparrow-lorawan\Application\EWARM/stm32wl55xx_flash_cm4.icf
#        --semihosting --entry __iar_program_start --vfe --text_out locale)
#
###############################################################################

*******************************************************************************
*** RUNTIME MODEL ATTRIBUTES
***

CppFlavor       = *
__SystemLibrary = DLib
__dlib_version  = 6


*******************************************************************************
*** HEAP SELECTION
***

The basic heap was selected because no calls to memory allocation
functions were found in the application outside of system library
functions, and there are calls to deallocation functions in the
application.


*******************************************************************************
*** PLACEMENT SUMMARY
***

"A0":  place at address 0x800'0000 { ro section .intvec };
"P1":  place in [from 0x800'0000 to 0x803'ffff] { ro };
define block CSTACK with size = 2K, alignment = 8 { };
define block HEAP with size = 512, alignment = 8 { };
"P2":  place in [from 0x2000'0000 to 0x2000'7fff] {
          rw, block CSTACK, block HEAP };
initialize by copy { rw };

  Section            Kind         Address      Size  Object
  -------            ----         -------      ----  ------
"A0":                                         0x138
  .intvec            ro code   0x800'0000     0x138  startup_stm32wl55xx_cm4.o [1]
                             - 0x800'0138     0x138

"P1":                                      0x1'41cc
  .text              ro code   0x800'0138    0x2660  LoRaMac.o [1]
  .text              ro code   0x800'2798     0x264  stm32_timer.o [1]
  .text              ro code   0x800'29fc     0x1d4  stm32_systime.o [1]
  .text              ro code   0x800'2bd0     0x358  stm32_adv_trace.o [1]
  .text              ro code   0x800'2f28      0x4e  LoRaMacClassB.o [1]
  .text              ro code   0x800'2f76      0x3a  zero_init3.o [4]
  .text              ro code   0x800'2fb0     0x1a0  LoRaMacConfirmQueue.o [1]
  .text              ro code   0x800'3150     0x694  Region.o [1]
  .text              ro code   0x800'37e4      0xc0  utilities.o [1]
  .text              ro code   0x800'38a4     0x16a  LoRaMacParser.o [1]
  .rodata            const     0x800'3a0e       0x2  lora_app.o [1]
  .text              ro code   0x800'3a10     0x67c  LoRaMacCrypto.o [1]
  .text              ro code   0x800'408c     0x1f8  LoRaMacCommands.o [1]
  .text              ro code   0x800'4284     0x540  soft-se.o [1]
  .text              ro code   0x800'47c4      0x18  ABImemcpy_small.o [4]
  .text              ro code   0x800'47dc      0x1c  U32ToFlt.o [3]
  .text              ro code   0x800'47f8     0x144  LoRaMacSerializer.o [1]
  .text              ro code   0x800'493c      0xc8  LoRaMacAdr.o [1]
  .text              ro code   0x800'4a04      0x14  memset.o [4]
  .text              ro code   0x800'4a18      0x24  stm32_mem.o [1]
  .text              ro code   0x800'4a3c     0x254  stm32_tiny_vsnprintf.o [1]
  .text              ro code   0x800'4c90     0x202  sys_app.o [1]
  .rodata            const     0x800'4e92       0x2  lora_app.o [1]
  .text              ro code   0x800'4e94     0xad4  RegionAS923.o [1]
  .text              ro code   0x800'5968     0xad8  RegionAU915.o [1]
  .text              ro code   0x800'6440     0x834  RegionCN470.o [1]
  .text              ro code   0x800'6c74     0xa88  RegionCN779.o [1]
  .text              ro code   0x800'76fc     0xa7c  RegionEU433.o [1]
  .text              ro code   0x800'8178     0xb08  RegionEU868.o [1]
  .text              ro code   0x800'8c80     0xa98  RegionIN865.o [1]
  .text              ro code   0x800'9718     0xacc  RegionUS915.o [1]
  .text              ro code   0x800'a1e4     0xa58  RegionRU864.o [1]
  .text              ro code   0x800'ac3c      0x66  ABImemset.o [4]
  .rodata            const     0x800'aca2       0x2  lora_app.o [1]
  .text              ro code   0x800'aca4       0x6  ABImemclr4.o [4]
  .text              ro code   0x800'acaa     0x1fa  cmac.o [1]
  .text              ro code   0x800'aea4     0x4d4  lorawan_aes.o [1]
  .text              ro code   0x800'b378      0x36  strlen.o [4]
  .rodata            const     0x800'b3ae       0x2  RegionCommon.o [1]
  .text              ro code   0x800'b3b0      0x50  sys_debug.o [1]
  .text              ro code   0x800'b400     0x174  adc_if.o [1]
  .text              ro code   0x800'b574      0x38  sys_sensors.o [1]
  .text              ro code   0x800'b5ac      0x88  stm32_lpm.o [1]
  .text              ro code   0x800'b634      0x98  stm32wlxx_hal.o [1]
  .text              ro code   0x800'b6cc     0x23c  timer_if.o [1]
  .text              ro code   0x800'b908     0x71c  RegionCommon.o [1]
  .text              ro code   0x800'c024      0x90  RegionBaseUS.o [1]
  .text              ro code   0x800'c0b4      0x32  ABImemset48.o [4]
  .rodata            const     0x800'c0e6       0x2  RegionCommon.o [1]
  .text              ro code   0x800'c0e8      0xc0  adc.o [1]
  .text              ro code   0x800'c1a8      0x9c  stm32wlxx_hal_adc_ex.o [1]
  .text              ro code   0x800'c244      0xbc  main.o [1]
  .text              ro code   0x800'c300     0x7d4  stm32wlxx_hal_adc.o [1]
  .text              ro code   0x800'cad4      0xbc  stm32wlxx_hal_cortex.o [1]
  .text              ro code   0x800'cb90     0x87c  stm32wlxx_hal_rcc.o [1]
  .text              ro code   0x800'd40c       0x2  stm32wlxx_hal_msp.o [1]
  .rodata            const     0x800'd40e       0x2  RegionCommon.o [1]
  .text              ro code   0x800'd410     0x110  rtc.o [1]
  .text              ro code   0x800'd520     0x386  stm32wlxx_hal_rtc.o [1]
  .rodata            const     0x800'd8a6       0x2  RegionCommon.o [1]
  .text              ro code   0x800'd8a8      0xc0  stm32wlxx_hal_rtc_ex.o [1]
  .text              ro code   0x800'd968     0x230  I64DivMod.o [4]
  .text              ro code   0x800'db98      0x80  FltSub.o [3]
  .text              ro code   0x800'dc18      0x48  FltToDbl.o [3]
  .text              ro code   0x800'dc60      0x58  floor.o [3]
  .text              ro code   0x800'dcb8      0x3a  DblToS32.o [3]
  .text              ro code   0x800'dcf2      0x18  app_lorawan.o [1]
  .text              ro code   0x800'dd0c      0x54  stm32wlxx_hal_pwr.o [1]
  .text              ro code   0x800'dd60      0x94  stm32wlxx_hal_pwr_ex.o [1]
  .text              ro code   0x800'ddf4     0x1b0  stm32wlxx_hal_rcc_ex.o [1]
  .text              ro code   0x800'dfa4       0x2  stm32wlxx_hal_rtc_ex.o [1]
  .text              ro code   0x800'dfa8       0x2  I64DivZer.o [4]
  .text              ro code   0x800'dfac      0xd6  FltAdd.o [3]
  .text              ro code   0x800'e084     0x5d4  lora_app.o [1]
  .text              ro code   0x800'e658     0x150  stm32_seq.o [1]
  .text              ro code   0x800'e7a8     0x17e  stm32wlxx_nucleo.o [1]
  .text              ro code   0x800'e928      0x90  lora_info.o [1]
  .text              ro code   0x800'e9b8     0x770  LmHandler.o [1]
  .text              ro code   0x800'f128      0xd8  FltMul.o [3]
  .text              ro code   0x800'f200      0xfc  FltDiv.o [3]
  .text              ro code   0x800'f2fc      0x2a  FltToS32.o [3]
  .text              ro code   0x800'f326       0x2  stm32_seq.o [1]
  .text              ro code   0x800'f328       0x2  stm32_seq.o [1]
  .text              ro code   0x800'f32c     0x2a0  stm32wlxx_hal_gpio.o [1]
  .text              ro code   0x800'f5cc      0x1a  stm32wlxx_hal_exti.o [1]
  .text              ro code   0x800'f5e6       0xa  NvmDataMgmt.o [1]
  .text              ro code   0x800'f5f0     0x2f4  LmhpCompliance.o [1]
  .text              ro code   0x800'f8e4    0x1275  radio.o [1]
  .text              ro code   0x801'0b5c     0x98c  radio_driver.o [1]
  .text              ro code   0x801'14e8      0x24  radio_fw.o [1]
  .text              ro code   0x801'150c      0x54  subghz.o [1]
  .text              ro code   0x801'1560      0x14  radio_board_if.o [1]
  .text              ro code   0x801'1574     0x4f4  stm32wlxx_hal_subghz.o [1]
  .text              ro code   0x801'1a68      0xe4  stm32wlxx_nucleo_radio.o [1]
  .text              ro code   0x801'1b4c     0xeee  stm32wlxx_hal_uart.o [1]
  .text              ro code   0x801'2a3c     0x1b0  usart.o [1]
  .text              ro code   0x801'2bec     0x478  stm32wlxx_hal_dma.o [1]
  .text              ro code   0x801'3064       0x2  stm32wlxx_hal_uart.o [1]
  .text              ro code   0x801'3066       0x2  stm32wlxx_hal_uart.o [1]
  .text              ro code   0x801'3068     0x1d2  stm32wlxx_hal_uart_ex.o [1]
  .text              ro code   0x801'323c     0x130  usart_if.o [1]
  .text              ro code   0x801'336c       0x2  stm32wlxx_hal_uart_ex.o [1]
  .text              ro code   0x801'336e       0x2  stm32wlxx_hal_uart_ex.o [1]
  .text              ro code   0x801'3370       0x2  stm32wlxx_hal_uart.o [1]
  .text              ro code   0x801'3374      0x3c  dma.o [1]
  .rodata            const     0x801'33b0     0x200  lorawan_aes.o [1]
  .rodata            const     0x801'35b0     0x100  lorawan_aes.o [1]
  .rodata            const     0x801'36b0      0xec  LmHandler.o [1]
  .rodata            const     0x801'379c      0xc0  soft-se.o [1]
  .rodata            const     0x801'385c      0xb0  radio_driver.o [1]
  .rodata            const     0x801'390c      0x90  RegionEU868.o [1]
  .rodata            const     0x801'399c      0x84  radio.o [1]
  .rodata            const     0x801'3a20      0x80  system_stm32wlxx.o [1]
  .text              ro code   0x801'3aa0      0x78  lz77_init_single.o [4]
  .text              ro code   0x801'3b18      0x68  stm32wlxx_it.o [1]
  .rodata            const     0x801'3b80      0x54  soft-se.o [1]
  .rodata            const     0x801'3bd4      0x50  lora_info.o [1]
  .rodata            const     0x801'3c24      0x50  stm32_tiny_vsnprintf.o [1]
  .rodata            const     0x801'3c74      0x48  lora_app.o [1]
  .text              ro code   0x801'3cbc      0x46  stm32_lpm_if.o [1]
  .text              ro code   0x801'3d04      0x10  stm32wlxx_hal.o [1]
  .text              ro code   0x801'3d14      0x10  stm32wlxx_hal.o [1]
  .rodata            const     0x801'3d24      0x40  RegionAU915.o [1]
  .rodata            const     0x801'3d64      0x40  RegionUS915.o [1]
  .rodata            const     0x801'3da4      0x34  lora_app.o [1]
  .rodata            const     0x801'3dd8      0x34  lora_app.o [1]
  .rodata            const     0x801'3e0c      0x34  lora_app.o [1]
  .rodata            const     0x801'3e40      0x2c  RegionAU915.o [1]
  .rodata            const     0x801'3e6c      0x2c  timer_if.o [1]
  .text              ro code   0x801'3e98      0x28  data_init.o [4]
  .iar.init_table    const     0x801'3ec0      0x20  - Linker created -
  .rodata            const     0x801'3ee0      0x20  lora_app.o [1]
  .rodata            const     0x801'3f00      0x20  lora_app.o [1]
  .rodata            const     0x801'3f20      0x20  lora_app.o [1]
  .rodata            const     0x801'3f40      0x20  lora_app.o [1]
  .rodata            const     0x801'3f60      0x20  lora_app.o [1]
  .rodata            const     0x801'3f80      0x20  lora_app.o [1]
  .rodata            const     0x801'3fa0      0x20  system_stm32wlxx.o [1]
  .text              ro code   0x801'3fc0      0x1e  cmain.o [4]
  .text              ro code   0x801'3fde       0x4  low_level_init.o [2]
  .text              ro code   0x801'3fe2       0x4  exit.o [2]
  .text              ro code   0x801'3fe8       0xa  cexit.o [4]
  .text              ro code   0x801'3ff4      0x14  exit.o [5]
  .rodata            const     0x801'4008      0x1c  lora_app.o [1]
  .text              ro code   0x801'4024      0x1c  cstartup_M.o [4]
  .rodata            const     0x801'4040      0x18  lora_app.o [1]
  .rodata            const     0x801'4058      0x18  lora_app.o [1]
  .rodata            const     0x801'4070      0x18  stm32_lpm_if.o [1]
  .rodata            const     0x801'4088      0x14  lora_app.o [1]
  .rodata            const     0x801'409c      0x14  timer_if.o [1]
  .rodata            const     0x801'40b0      0x10  lora_app.o [1]
  .rodata            const     0x801'40c0      0x10  lora_app.o [1]
  .rodata            const     0x801'40d0      0x10  lora_app.o [1]
  .rodata            const     0x801'40e0      0x10  usart_if.o [1]
  .text              ro code   0x801'40f0      0x10  startup_stm32wl55xx_cm4.o [1]
  .rodata            const     0x801'4100       0xc  adc_if.o [1]
  .rodata            const     0x801'410c       0xc  lora_app.o [1]
  .rodata            const     0x801'4118       0xc  lora_app.o [1]
  .rodata            const     0x801'4124       0xc  lora_app.o [1]
  .rodata            const     0x801'4130       0xc  lora_app.o [1]
  .rodata            const     0x801'413c       0xc  sys_app.o [1]
  .rodata            const     0x801'4148       0xc  sys_app.o [1]
  .rodata            const     0x801'4154       0x8  lora_app.o [1]
  .rodata            const     0x801'415c       0x8  RegionCommon.o [1]
  .rodata            const     0x801'4164       0x8  RegionCommon.o [1]
  .text              ro code   0x801'416c       0x4  startup_stm32wl55xx_cm4.o [1]
  .text              ro code   0x801'4170       0x4  startup_stm32wl55xx_cm4.o [1]
  .text              ro code   0x801'4174       0x4  startup_stm32wl55xx_cm4.o [1]
  .text              ro code   0x801'4178       0x4  startup_stm32wl55xx_cm4.o [1]
  .text              ro code   0x801'417c       0x4  startup_stm32wl55xx_cm4.o [1]
  .text              ro code   0x801'4180       0x4  startup_stm32wl55xx_cm4.o [1]
  .text              ro code   0x801'4184       0x4  startup_stm32wl55xx_cm4.o [1]
  .text              ro code   0x801'4188       0x4  startup_stm32wl55xx_cm4.o [1]
  .text              ro code   0x801'418c       0x4  startup_stm32wl55xx_cm4.o [1]
  .text              ro code   0x801'4190       0x4  startup_stm32wl55xx_cm4.o [1]
  .text              ro code   0x801'4194       0x4  startup_stm32wl55xx_cm4.o [1]
  .text              ro code   0x801'4198       0x4  startup_stm32wl55xx_cm4.o [1]
  .text              ro code   0x801'419c       0x4  startup_stm32wl55xx_cm4.o [1]
  .text              ro code   0x801'41a0       0x4  startup_stm32wl55xx_cm4.o [1]
  .text              ro code   0x801'41a4       0x4  startup_stm32wl55xx_cm4.o [1]
  .text              ro code   0x801'41a8       0x4  startup_stm32wl55xx_cm4.o [1]
  .text              ro code   0x801'41ac       0x4  startup_stm32wl55xx_cm4.o [1]
  .text              ro code   0x801'41b0       0x4  startup_stm32wl55xx_cm4.o [1]
  .text              ro code   0x801'41b4       0x4  startup_stm32wl55xx_cm4.o [1]
  .text              ro code   0x801'41b8       0x4  startup_stm32wl55xx_cm4.o [1]
  .text              ro code   0x801'41bc       0x4  startup_stm32wl55xx_cm4.o [1]
  .text              ro code   0x801'41c0       0x4  startup_stm32wl55xx_cm4.o [1]
  .text              ro code   0x801'41c4       0x4  startup_stm32wl55xx_cm4.o [1]
  .text              ro code   0x801'41c8       0x4  startup_stm32wl55xx_cm4.o [1]
  .text              ro code   0x801'41cc       0x4  startup_stm32wl55xx_cm4.o [1]
  .text              ro code   0x801'41d0       0x4  startup_stm32wl55xx_cm4.o [1]
  .text              ro code   0x801'41d4       0x4  startup_stm32wl55xx_cm4.o [1]
  .text              ro code   0x801'41d8       0x4  startup_stm32wl55xx_cm4.o [1]
  .text              ro code   0x801'41dc       0x4  startup_stm32wl55xx_cm4.o [1]
  .text              ro code   0x801'41e0       0x4  startup_stm32wl55xx_cm4.o [1]
  .text              ro code   0x801'41e4       0x4  startup_stm32wl55xx_cm4.o [1]
  .text              ro code   0x801'41e8       0x4  startup_stm32wl55xx_cm4.o [1]
  .text              ro code   0x801'41ec       0x4  startup_stm32wl55xx_cm4.o [1]
  .text              ro code   0x801'41f0       0x4  startup_stm32wl55xx_cm4.o [1]
  .text              ro code   0x801'41f4       0x4  startup_stm32wl55xx_cm4.o [1]
  .text              ro code   0x801'41f8       0x4  startup_stm32wl55xx_cm4.o [1]
  .text              ro code   0x801'41fc       0x4  startup_stm32wl55xx_cm4.o [1]
  .text              ro code   0x801'4200       0x4  startup_stm32wl55xx_cm4.o [1]
  .text              ro code   0x801'4204       0x4  startup_stm32wl55xx_cm4.o [1]
  .text              ro code   0x801'4208       0x4  startup_stm32wl55xx_cm4.o [1]
  .text              ro code   0x801'420c       0x4  startup_stm32wl55xx_cm4.o [1]
  .text              ro code   0x801'4210       0x4  startup_stm32wl55xx_cm4.o [1]
  .text              ro code   0x801'4214       0x4  startup_stm32wl55xx_cm4.o [1]
  .text              ro code   0x801'4218       0x4  startup_stm32wl55xx_cm4.o [1]
  .text              ro code   0x801'421c       0x4  startup_stm32wl55xx_cm4.o [1]
  .text              ro code   0x801'4220       0x4  startup_stm32wl55xx_cm4.o [1]
  .text              ro code   0x801'4224       0x4  startup_stm32wl55xx_cm4.o [1]
  .text              ro code   0x801'4228       0x4  startup_stm32wl55xx_cm4.o [1]
  .text              ro code   0x801'422c       0x4  startup_stm32wl55xx_cm4.o [1]
  .text              ro code   0x801'4230       0x4  startup_stm32wl55xx_cm4.o [1]
  .text              ro code   0x801'4234       0x4  startup_stm32wl55xx_cm4.o [1]
  .text              ro code   0x801'4238       0x4  startup_stm32wl55xx_cm4.o [1]
  .text              ro code   0x801'423c       0x4  startup_stm32wl55xx_cm4.o [1]
  .text              ro code   0x801'4240       0x4  startup_stm32wl55xx_cm4.o [1]
  .text              ro code   0x801'4244       0x4  startup_stm32wl55xx_cm4.o [1]
  .text              ro code   0x801'4248       0x2  system_stm32wlxx.o [1]
  .rodata            const     0x801'424a       0x0  zero_init3.o [4]
  .rodata            const     0x801'424a       0x0  lz77_init_single.o [4]
  Initializer bytes  const     0x801'424a      0xba  <for P2-1>
                             - 0x801'4304  0x1'41cc

"P2", part 1 of 3:                            0x2d2
  P2-1                        0x2000'0000     0x2d2  <Init block>
    .data            inited   0x2000'0000      0x18  LmHandler.o [1]
    .data            inited   0x2000'0018     0x154  LmHandler.o [1]
    .data            inited   0x2000'016c      0x10  LmHandler.o [1]
    .data            inited   0x2000'017c      0x64  LmhpCompliance.o [1]
    .data            inited   0x2000'01e0      0x34  lora_app.o [1]
    .data            inited   0x2000'0214      0x10  lora_app.o [1]
    .data            inited   0x2000'0224       0x8  lora_app.o [1]
    .data            inited   0x2000'022c      0x18  lora_app.o [1]
    .data            inited   0x2000'0244       0x8  LoRaMacCrypto.o [1]
    .data            inited   0x2000'024c      0x28  stm32_seq.o [1]
    .data            inited   0x2000'0274       0xc  stm32wlxx_hal.o [1]
    .data            inited   0x2000'0280      0x3c  stm32wlxx_nucleo.o [1]
    .data            inited   0x2000'02bc       0xc  stm32wlxx_nucleo.o [1]
    .data            inited   0x2000'02c8       0x4  system_stm32wlxx.o [1]
    .data            inited   0x2000'02cc       0x4  utilities.o [1]
    .data            inited   0x2000'02d0       0x1  lora_app.o [1]
    .data            inited   0x2000'02d1       0x1  radio.o [1]
                            - 0x2000'02d2     0x2d2

"P2", part 2 of 3:                           0x1924
  .bss               zero     0x2000'02d4     0xc38  LoRaMac.o [1]
  .bss               zero     0x2000'0f0c     0x400  stm32_adv_trace.o [1]
  .bss               zero     0x2000'130c     0x200  stm32_adv_trace.o [1]
  .bss               zero     0x2000'150c     0x100  radio.o [1]
  .bss               zero     0x2000'160c      0xfc  LoRaMacCommands.o [1]
  .bss               zero     0x2000'1708      0xf4  lora_app.o [1]
  .bss               zero     0x2000'17fc      0x90  usart.o [1]
  .bss               zero     0x2000'188c      0x8c  radio.o [1]
  .bss               zero     0x2000'1918      0x80  stm32_seq.o [1]
  .bss               zero     0x2000'1998      0x64  adc.o [1]
  .bss               zero     0x2000'19fc      0x60  usart.o [1]
  .bss               zero     0x2000'1a5c      0x38  rtc.o [1]
  .bss               zero     0x2000'1a94      0x24  LoRaMacConfirmQueue.o [1]
  .bss               zero     0x2000'1ab8      0x18  LmHandler.o [1]
  .bss               zero     0x2000'1ad0      0x18  lora_app.o [1]
  .bss               zero     0x2000'1ae8      0x18  lora_app.o [1]
  .bss               zero     0x2000'1b00      0x18  lora_app.o [1]
  .bss               zero     0x2000'1b18      0x18  lora_app.o [1]
  .bss               zero     0x2000'1b30      0x18  LoRaMac.o [1]
  .bss               zero     0x2000'1b48      0x18  stm32_adv_trace.o [1]
  .bss               zero     0x2000'1b60      0x10  lora_info.o [1]
  .bss               zero     0x2000'1b70       0xc  subghz.o [1]
  .bss               zero     0x2000'1b7c       0x8  radio_driver.o [1]
  .bss               zero     0x2000'1b84       0x8  radio_driver.o [1]
  .bss               zero     0x2000'1b8c       0x8  RegionAS923.o [1]
  .bss               zero     0x2000'1b94       0x8  RegionAU915.o [1]
  .bss               zero     0x2000'1b9c       0x8  RegionCN470.o [1]
  .bss               zero     0x2000'1ba4       0x8  RegionCN779.o [1]
  .bss               zero     0x2000'1bac       0x8  RegionEU433.o [1]
  .bss               zero     0x2000'1bb4       0x8  RegionEU868.o [1]
  .bss               zero     0x2000'1bbc       0x8  RegionIN865.o [1]
  .bss               zero     0x2000'1bc4       0x8  RegionRU864.o [1]
  .bss               zero     0x2000'1bcc       0x8  RegionUS915.o [1]
  .bss               zero     0x2000'1bd4       0x8  stm32_lpm.o [1]
  .bss               zero     0x2000'1bdc       0x4  LoRaMacCrypto.o [1]
  .bss               zero     0x2000'1be0       0x4  soft-se.o [1]
  .bss               zero     0x2000'1be4       0x4  stm32_timer.o [1]
  .bss               zero     0x2000'1be8       0x4  timer_if.o [1]
  .bss               zero     0x2000'1bec       0x4  usart_if.o [1]
  .bss               zero     0x2000'1bf0       0x4  usart_if.o [1]
  .bss               zero     0x2000'1bf4       0x1  lora_app.o [1]
  .bss               zero     0x2000'1bf5       0x1  lora_app.o [1]
  .bss               zero     0x2000'1bf6       0x1  timer_if.o [1]
  .bss               zero     0x2000'1bf7       0x1  usart_if.o [1]
                            - 0x2000'1bf8    0x1924

"P2", part 3 of 3:                            0x800
  CSTACK                      0x2000'1bf8     0x800  <Block>
    CSTACK           uninit   0x2000'1bf8     0x800  <Block tail>
                            - 0x2000'23f8     0x800

Unused ranges:

         From           To      Size
         ----           --      ----
   0x801'4304   0x803'ffff  0x2'bcfc
  0x2000'02d2  0x2000'02d3       0x2
  0x2000'23f8  0x2000'7fff    0x5c08


*******************************************************************************
*** INIT TABLE
***

          Address      Size
          -------      ----
Zero (__iar_zero_init3)
    1 destination range, total size 0x1924:
          0x2000'02d4  0x1924

Copy/lz77 (__iar_lz77_init_single3)
    1 source range, total size 0xba (25% of destination):
           0x801'424a    0xba
    1 destination range, total size 0x2d2:
          0x2000'0000   0x2d2



*******************************************************************************
*** MODULE SUMMARY
***

    Module                     ro code  ro data  rw data
    ------                     -------  -------  -------
command line/config:
    ----------------------------------------------------
    Total:

C:\Users\ray\dev\sparrow-lorawan\Application\EWARM\sparrow\Obj: [1]
    LmHandler.o                  1'904      333      404
    LmhpCompliance.o               756       26      100
    LoRaMac.o                    9'824             3'152
    LoRaMacAdr.o                   200
    LoRaMacClassB.o                 78
    LoRaMacCommands.o              504               252
    LoRaMacConfirmQueue.o          416                36
    LoRaMacCrypto.o              1'660        2       12
    LoRaMacParser.o                362
    LoRaMacSerializer.o            324
    NvmDataMgmt.o                   10
    Region.o                     1'684
    RegionAS923.o                2'772                 8
    RegionAU915.o                2'776      108        8
    RegionBaseUS.o                 144
    RegionCN470.o                2'100                 8
    RegionCN779.o                2'696                 8
    RegionCommon.o               1'820       24
    RegionEU433.o                2'684                 8
    RegionEU868.o                2'824      144        8
    RegionIN865.o                2'712                 8
    RegionRU864.o                2'648                 8
    RegionUS915.o                2'764       64        8
    adc.o                          192               100
    adc_if.o                       372       12
    app_lorawan.o                   24
    cmac.o                         506
    dma.o                           60
    lora_app.o                   1'492      652      443
    lora_info.o                    144       80       16
    lorawan_aes.o                1'236      768
    main.o                         188
    radio.o                      4'725      133      397
    radio_board_if.o                20
    radio_driver.o               2'444      176       16
    radio_fw.o                      36
    rtc.o                          272                56
    soft-se.o                    1'344      276        4
    startup_stm32wl55xx_cm4.o      548
    stm32_adv_trace.o              856             1'560
    stm32_lpm.o                    136                 8
    stm32_lpm_if.o                  70       24
    stm32_mem.o                     36
    stm32_seq.o                    340       10      168
    stm32_systime.o                468
    stm32_timer.o                  612                 4
    stm32_tiny_vsnprintf.o         596       80
    stm32wlxx_hal.o                184        3       12
    stm32wlxx_hal_adc.o          2'004
    stm32wlxx_hal_adc_ex.o         156
    stm32wlxx_hal_cortex.o         188
    stm32wlxx_hal_dma.o          1'144
    stm32wlxx_hal_exti.o            26
    stm32wlxx_hal_gpio.o           672
    stm32wlxx_hal_msp.o              2
    stm32wlxx_hal_pwr.o             84
    stm32wlxx_hal_pwr_ex.o         148
    stm32wlxx_hal_rcc.o          2'172
    stm32wlxx_hal_rcc_ex.o         432
    stm32wlxx_hal_rtc.o            902
    stm32wlxx_hal_rtc_ex.o         194
    stm32wlxx_hal_subghz.o       1'268
    stm32wlxx_hal_uart.o         3'828
    stm32wlxx_hal_uart_ex.o        470
    stm32wlxx_it.o                 104
    stm32wlxx_nucleo.o             382       19       72
    stm32wlxx_nucleo_radio.o       228
    subghz.o                        84                12
    sys_app.o                      514       24
    sys_debug.o                     80
    sys_sensors.o                   56
    system_stm32wlxx.o               2      161        4
    timer_if.o                     572       64        5
    usart.o                        432               240
    usart_if.o                     304       16        9
    utilities.o                    192        1        4
    ----------------------------------------------------
    Total:                      77'203    3'200    7'158

dl7M_tlf.a: [2]
    exit.o                           4
    low_level_init.o                 4
    ----------------------------------------------------
    Total:                           8

m7M_tl.a: [3]
    DblToS32.o                      58
    FltAdd.o                       214
    FltDiv.o                       252
    FltMul.o                       216
    FltSub.o                       128
    FltToDbl.o                      72
    FltToS32.o                      42
    U32ToFlt.o                      28
    floor.o                         88
    ----------------------------------------------------
    Total:                       1'098

rt7M_tl.a: [4]
    ABImemclr4.o                     6
    ABImemcpy_small.o               24
    ABImemset.o                    102
    ABImemset48.o                   50
    I64DivMod.o                    560
    I64DivZer.o                      2
    cexit.o                         10
    cmain.o                         30
    cstartup_M.o                    28
    data_init.o                     40
    lz77_init_single.o             120
    memset.o                        20
    strlen.o                        54
    zero_init3.o                    58
    ----------------------------------------------------
    Total:                       1'104

shb_l.a: [5]
    exit.o                          20
    ----------------------------------------------------
    Total:                          20

    Gaps                            27
    Linker created                           32    2'048
--------------------------------------------------------
    Grand Total:                79'460    3'232    9'206


*******************************************************************************
*** ENTRY LIST
***

Entry                       Address   Size  Type      Object
-----                       -------   ----  ----      ------
.iar.init_table$$Base    0x801'3ec0          --   Gb  - Linker created -
.iar.init_table$$Limit   0x801'3ee0          --   Gb  - Linker created -
?main                    0x801'3fc1         Code  Gb  cmain.o [4]
ADC_ConversionStop       0x800'c927   0x4a  Code  Gb  stm32wlxx_hal_adc.o [1]
ADC_Disable              0x800'ca5d   0x64  Code  Gb  stm32wlxx_hal_adc.o [1]
ADC_Enable               0x800'c979   0x88  Code  Gb  stm32wlxx_hal_adc.o [1]
ADC_ReadChannels         0x800'b4d9   0x70  Code  Lc  adc_if.o [1]
ADV_TRACE_Buffer        0x2000'0f0c  0x400  Data  Lc  stm32_adv_trace.o [1]
ADV_TRACE_Ctx           0x2000'1b48   0x18  Data  Lc  stm32_adv_trace.o [1]
AES_CMAC_Final           0x800'ad91   0xac  Code  Gb  cmac.o [1]
AES_CMAC_Init            0x800'acab   0x22  Code  Gb  cmac.o [1]
AES_CMAC_SetKey          0x800'accd    0xa  Code  Gb  cmac.o [1]
AES_CMAC_Update          0x800'acd7   0x9c  Code  Gb  cmac.o [1]
AHBPrescTable            0x801'3a20   0x40  Data  Gb  system_stm32wlxx.o [1]
APBPrescTable            0x801'3fa0   0x20  Data  Gb  system_stm32wlxx.o [1]
ActivationType          0x2000'02d0    0x1  Data  Lc  lora_app.o [1]
AppData                 0x2000'0224    0x8  Data  Lc  lora_app.o [1]
AppDataBuffer           0x2000'0078   0xf4  Data  Lc  LmHandler.o [1]
AppDataBuffer           0x2000'1708   0xf4  Data  Lc  lora_app.o [1]
AppLedStateOn           0x2000'1bf5    0x1  Data  Lc  lora_app.o [1]
BSP_LED_Init             0x800'e7c1   0x3a  Code  Gb  stm32wlxx_nucleo.o [1]
BSP_LED_Off              0x800'e813    0x8  Code  Gb  stm32wlxx_nucleo.o [1]
BSP_LED_On               0x800'e809    0xa  Code  Gb  stm32wlxx_nucleo.o [1]
BSP_LED_Toggle           0x800'e835   0x18  Code  Gb  stm32wlxx_nucleo.o [1]
BSP_PB_Init              0x800'e84d   0x8e  Code  Gb  stm32wlxx_nucleo.o [1]
BSP_PB_Init::button_callback
                        0x2000'028c    0xc  Data  Lc  stm32wlxx_nucleo.o [1]
BSP_PB_Init::button_exti_line
                         0x800'e918    0xc  Data  Lc  stm32wlxx_nucleo.o [1]
BSP_PB_Init::button_interrupt_priority
                        0x2000'0298    0xc  Data  Lc  stm32wlxx_nucleo.o [1]
BSP_RADIO_ConfigRFSwitch
                         0x801'1ae9   0x4e  Code  Gb  stm32wlxx_nucleo_radio.o [1]
BSP_RADIO_GetTxConfig    0x801'1b41    0x4  Code  Gb  stm32wlxx_nucleo_radio.o [1]
BSP_RADIO_Init           0x801'1a7f   0x54  Code  Gb  stm32wlxx_nucleo_radio.o [1]
BSP_RADIO_IsDCDC         0x801'1b49    0x4  Code  Gb  stm32wlxx_nucleo_radio.o [1]
BSP_RADIO_IsTCXO         0x801'1b45    0x4  Code  Gb  stm32wlxx_nucleo_radio.o [1]
BUTTON_IRQn              0x800'e914    0x4  Data  Lc  stm32wlxx_nucleo.o [1]
BUTTON_PIN               0x800'e90c    0x8  Data  Lc  stm32wlxx_nucleo.o [1]
BUTTON_PORT             0x2000'0280    0xc  Data  Lc  stm32wlxx_nucleo.o [1]
BUTTON_SW1_EXTI_Callback
                         0x800'e8f1    0x6  Code  Lc  stm32wlxx_nucleo.o [1]
BUTTON_SW2_EXTI_Callback
                         0x800'e8f7    0x6  Code  Lc  stm32wlxx_nucleo.o [1]
BUTTON_SW3_EXTI_Callback
                         0x800'e8fd    0x6  Code  Lc  stm32wlxx_nucleo.o [1]
Bandwidths               0x800'ffc4    0x4  Data  Gb  radio.o [1]
BandwidthsAS923          0x800'5900   0x20  Data  Lc  RegionAS923.o [1]
BandwidthsAU915          0x801'3d24   0x40  Data  Lc  RegionAU915.o [1]
BandwidthsCN470          0x800'6c3c   0x18  Data  Lc  RegionCN470.o [1]
BandwidthsCN779          0x800'7698   0x20  Data  Lc  RegionCN779.o [1]
BandwidthsEU433          0x800'8114   0x20  Data  Lc  RegionEU433.o [1]
BandwidthsEU868          0x800'8c1c   0x20  Data  Lc  RegionEU868.o [1]
BandwidthsIN865          0x800'96ac   0x20  Data  Lc  RegionIN865.o [1]
BandwidthsRU864          0x800'abe4   0x20  Data  Lc  RegionRU864.o [1]
BandwidthsUS915          0x801'3d64   0x40  Data  Lc  RegionUS915.o [1]
BusFault_Handler         0x801'3b1f    0x2  Code  Gb  stm32wlxx_it.o [1]
CSTACK$$Base            0x2000'1bf8          --   Gb  - Linker created -
CSTACK$$Limit           0x2000'23f8          --   Gb  - Linker created -
CommandsCtx             0x2000'160c   0xfc  Data  Lc  LoRaMacCommands.o [1]
CommissioningParams     0x2000'0000   0x18  Data  Lc  LmHandler.o [1]
ComplianceTestState     0x2000'017c   0x14  Data  Lc  LmhpCompliance.o [1]
ComplianceTxNextPacketTimer
                        0x2000'01c8   0x18  Data  Lc  LmhpCompliance.o [1]
ComputeCmac              0x800'4385   0x76  Code  Lc  soft-se.o [1]
ConfirmQueueCtx         0x2000'1a94   0x24  Data  Lc  LoRaMacConfirmQueue.o [1]
Crc32                    0x800'385b   0x32  Code  Gb  utilities.o [1]
CryptoNvm               0x2000'1bdc    0x4  Data  Lc  LoRaMacCrypto.o [1]
CtxRestoreDone          0x2000'002c    0x1  Data  Lc  LmHandler.o [1]
CurrentTaskIdx          0x2000'0270    0x4  Data  Lc  stm32_seq.o [1]
DBG_ConfigForLpm         0x800'b3cb   0x2a  Code  Gb  sys_debug.o [1]
DBG_Disable              0x800'b3c1    0xa  Code  Gb  sys_debug.o [1]
DBG_ProbesInit           0x800'b3f5    0xc  Code  Gb  sys_debug.o [1]
DMA1_Channel5_IRQHandler
                         0x801'3b49    0xa  Code  Gb  stm32wlxx_it.o [1]
DMA_CalcDMAMUXChannelBaseAndMask
                         0x801'2fc3   0x4c  Code  Lc  stm32wlxx_hal_dma.o [1]
DMA_CalcDMAMUXRequestGenBaseAndMask
                         0x801'300f   0x20  Code  Lc  stm32wlxx_hal_dma.o [1]
DMA_SetConfig            0x801'2f8b   0x38  Code  Lc  stm32wlxx_hal_dma.o [1]
DatarateOffsetsAU915     0x801'3e40   0x2c  Data  Lc  RegionAU915.o [1]
DatarateOffsetsUS915     0x800'a1a0   0x14  Data  Lc  RegionUS915.o [1]
DataratesAS923           0x800'58f8    0x8  Data  Lc  RegionAS923.o [1]
DataratesAU915           0x800'63e0   0x10  Data  Lc  RegionAU915.o [1]
DataratesCN470           0x800'6c34    0x8  Data  Lc  RegionCN470.o [1]
DataratesCN779           0x800'7690    0x8  Data  Lc  RegionCN779.o [1]
DataratesEU433           0x800'810c    0x8  Data  Lc  RegionEU433.o [1]
DataratesEU868           0x800'8c14    0x8  Data  Lc  RegionEU868.o [1]
DataratesIN865           0x800'96a4    0x8  Data  Lc  RegionIN865.o [1]
DataratesRU864           0x800'abdc    0x8  Data  Lc  RegionRU864.o [1]
DataratesUS915           0x800'a190   0x10  Data  Lc  RegionUS915.o [1]
DebugMon_Handler         0x801'3b25    0x2  Code  Gb  stm32wlxx_it.o [1]
DeriveSessionKey10x      0x800'3b3f   0x6a  Code  Lc  LoRaMacCrypto.o [1]
DisplayClassUpdate       0x800'f0b5   0x10  Code  Lc  LmHandler.o [1]
EXTI0_IRQHandler         0x801'3b35    0xa  Code  Gb  stm32wlxx_it.o [1]
EXTI1_IRQHandler         0x801'3b3f    0xa  Code  Gb  stm32wlxx_it.o [1]
EffectiveRx1DrOffsetAS923
                         0x800'5938    0x8  Data  Lc  RegionAS923.o [1]
EffectiveRx1DrOffsetIN865
                         0x800'96dc    0x8  Data  Lc  RegionIN865.o [1]
EnvSensors_Init          0x800'b5a9    0x4  Code  Gb  sys_sensors.o [1]
EnvSensors_Read          0x800'b575   0x1e  Code  Gb  sys_sensors.o [1]
Error_Handler            0x800'c2fd    0x4  Code  Gb  main.o [1]
EventType               0x2000'1bf4    0x1  Data  Lc  lora_app.o [1]
EvtSet                  0x2000'0268    0x4  Data  Lc  stm32_seq.o [1]
EvtWaited               0x2000'026c    0x4  Data  Lc  stm32_seq.o [1]
FrequencyError          0x2000'1b88    0x4  Data  Gb  radio_driver.o [1]
FskBandwidths            0x801'385c   0xb0  Data  Lc  radio_driver.o [1]
GetBatteryLevel          0x800'4cfb   0x54  Code  Gb  sys_app.o [1]
GetDevAddr               0x800'4de1   0x28  Code  Gb  sys_app.o [1]
GetDutyCycle             0x800'b909   0x2e  Code  Lc  RegionCommon.o [1]
GetElement               0x800'2fc5   0x2a  Code  Lc  LoRaMacConfirmQueue.o [1]
GetKeyAddrItem           0x800'3b17   0x28  Code  Lc  LoRaMacCrypto.o [1]
GetKeyByID               0x800'436d   0x18  Code  Lc  soft-se.o [1]
GetLastFcntDown          0x800'3ba9   0x40  Code  Lc  LoRaMacCrypto.o [1]
GetMaxAppPayloadWithoutFOptsLength
                         0x800'0f05   0x34  Code  Lc  LoRaMac.o [1]
GetTemperatureLevel      0x800'4d4f   0x14  Code  Gb  sys_app.o [1]
GetTimeOnAir             0x800'4eb5   0x54  Code  Lc  RegionAS923.o [1]
GetTimeOnAir             0x800'59ad   0x34  Code  Lc  RegionAU915.o [1]
GetTimeOnAir             0x800'6485   0x34  Code  Lc  RegionCN470.o [1]
GetTimeOnAir             0x800'6c95   0x54  Code  Lc  RegionCN779.o [1]
GetTimeOnAir             0x800'771d   0x54  Code  Lc  RegionEU433.o [1]
GetTimeOnAir             0x800'81fd   0x54  Code  Lc  RegionEU868.o [1]
GetTimeOnAir             0x800'8ca1   0x54  Code  Lc  RegionIN865.o [1]
GetTimeOnAir             0x800'a205   0x54  Code  Lc  RegionRU864.o [1]
GetTimeOnAir             0x800'9793   0x34  Code  Lc  RegionUS915.o [1]
GetTimerTicks            0x800'b8e3   0x12  Code  Lc  timer_if.o [1]
GetUniqueId              0x800'4d63   0x7e  Code  Gb  sys_app.o [1]
HAL_ADCEx_Calibration_Start
                         0x800'c1a9   0x9c  Code  Gb  stm32wlxx_hal_adc_ex.o [1]
HAL_ADC_ConfigChannel    0x800'c763  0x1a2  Code  Gb  stm32wlxx_hal_adc.o [1]
HAL_ADC_DeInit           0x800'c54b   0xa0  Code  Gb  stm32wlxx_hal_adc.o [1]
HAL_ADC_GetValue         0x800'c75d    0x6  Code  Gb  stm32wlxx_hal_adc.o [1]
HAL_ADC_Init             0x800'c327  0x218  Code  Gb  stm32wlxx_hal_adc.o [1]
HAL_ADC_MspDeInit        0x800'c187   0x16  Code  Gb  adc.o [1]
HAL_ADC_MspInit          0x800'c171   0x16  Code  Gb  adc.o [1]
HAL_ADC_PollForConversion
                         0x800'c63b   0xc0  Code  Gb  stm32wlxx_hal_adc.o [1]
HAL_ADC_Start            0x800'c5eb   0x30  Code  Gb  stm32wlxx_hal_adc.o [1]
HAL_ADC_Stop             0x800'c61b   0x20  Code  Gb  stm32wlxx_hal_adc.o [1]
HAL_DBGMCU_DisableDBGSleepMode
                         0x800'b671    0x4  Code  Gb  stm32wlxx_hal.o [1]
HAL_DBGMCU_DisableDBGStandbyMode
                         0x800'b699    0xc  Code  Gb  stm32wlxx_hal.o [1]
HAL_DBGMCU_DisableDBGStopMode
                         0x800'b681    0xc  Code  Gb  stm32wlxx_hal.o [1]
HAL_DBGMCU_EnableDBGSleepMode
                         0x800'b66d    0x4  Code  Gb  stm32wlxx_hal.o [1]
HAL_DBGMCU_EnableDBGStandbyMode
                         0x800'b68d    0xc  Code  Gb  stm32wlxx_hal.o [1]
HAL_DBGMCU_EnableDBGStopMode
                         0x800'b675    0xc  Code  Gb  stm32wlxx_hal.o [1]
HAL_DMA_Abort            0x801'2dbb   0x68  Code  Gb  stm32wlxx_hal_dma.o [1]
HAL_DMA_Abort_IT         0x801'2e23   0x6c  Code  Gb  stm32wlxx_hal_dma.o [1]
HAL_DMA_ConfigChannelAttributes
                         0x801'2f6b   0x20  Code  Gb  stm32wlxx_hal_dma.o [1]
HAL_DMA_DeInit           0x801'2c7d   0x70  Code  Gb  stm32wlxx_hal_dma.o [1]
HAL_DMA_IRQHandler       0x801'2e99   0xd0  Code  Gb  stm32wlxx_hal_dma.o [1]
HAL_DMA_Init             0x801'2bed   0x90  Code  Gb  stm32wlxx_hal_dma.o [1]
HAL_DMA_Start_IT         0x801'2d39   0x82  Code  Gb  stm32wlxx_hal_dma.o [1]
HAL_Delay                0x800'4e89    0xa  Code  Gb  sys_app.o [1]
HAL_EXTI_GetHandle       0x800'f5db    0xc  Code  Gb  stm32wlxx_hal_exti.o [1]
HAL_EXTI_RegisterCallback
                         0x800'f5cd    0xe  Code  Gb  stm32wlxx_hal_exti.o [1]
HAL_GPIO_DeInit          0x800'f4af   0xda  Code  Gb  stm32wlxx_hal_gpio.o [1]
HAL_GPIO_EXTI_Callback   0x800'e1cf   0x26  Code  Gb  lora_app.o [1]
HAL_GPIO_EXTI_IRQHandler
                         0x800'f5a3   0x10  Code  Gb  stm32wlxx_hal_gpio.o [1]
HAL_GPIO_Init            0x800'f32d  0x182  Code  Gb  stm32wlxx_hal_gpio.o [1]
HAL_GPIO_TogglePin       0x800'f593   0x10  Code  Gb  stm32wlxx_hal_gpio.o [1]
HAL_GPIO_WritePin        0x800'f589    0xa  Code  Gb  stm32wlxx_hal_gpio.o [1]
HAL_GetTick              0x800'4e81    0x8  Code  Gb  sys_app.o [1]
HAL_GetUIDw0             0x800'b65b    0x6  Code  Gb  stm32wlxx_hal.o [1]
HAL_GetUIDw1             0x800'b661    0x6  Code  Gb  stm32wlxx_hal.o [1]
HAL_GetUIDw2             0x800'b667    0x6  Code  Gb  stm32wlxx_hal.o [1]
HAL_Init                 0x800'b635   0x26  Code  Gb  stm32wlxx_hal.o [1]
HAL_InitTick             0x800'4e7b    0x6  Code  Gb  sys_app.o [1]
HAL_MspInit              0x800'd40d    0x2  Code  Gb  stm32wlxx_hal_msp.o [1]
HAL_NVIC_DisableIRQ      0x800'cb5b   0x1e  Code  Gb  stm32wlxx_hal_cortex.o [1]
HAL_NVIC_EnableIRQ       0x800'cb45   0x16  Code  Gb  stm32wlxx_hal_cortex.o [1]
HAL_NVIC_SetPriority     0x800'cb09   0x3a  Code  Gb  stm32wlxx_hal_cortex.o [1]
HAL_NVIC_SetPriorityGrouping
                         0x800'caef   0x1a  Code  Gb  stm32wlxx_hal_cortex.o [1]
HAL_PWREx_DisableLowPowerRunMode
                         0x800'dd79   0x2e  Code  Gb  stm32wlxx_hal_pwr_ex.o [1]
HAL_PWREx_EnableLowPowerRunMode
                         0x800'dd6d    0x2  Code  Gb  stm32wlxx_hal_pwr_ex.o [1]
HAL_PWREx_EnterSTOP2Mode
                         0x800'ddbf   0x26  Code  Gb  stm32wlxx_hal_pwr_ex.o [1]
HAL_PWREx_GetVoltageRange
                         0x800'dd61    0xc  Code  Gb  stm32wlxx_hal_pwr_ex.o [1]
HAL_PWR_EnableBkUpAccess
                         0x800'dd0d    0xc  Code  Gb  stm32wlxx_hal_pwr.o [1]
HAL_PWR_EnterSLEEPMode   0x800'dd19   0x3a  Code  Gb  stm32wlxx_hal_pwr.o [1]
HAL_RCCEx_PeriphCLKConfig
                         0x800'de31  0x162  Code  Gb  stm32wlxx_hal_rcc_ex.o [1]
HAL_RCC_ClockConfig      0x800'd04d  0x1ae  Code  Gb  stm32wlxx_hal_rcc.o [1]
HAL_RCC_GetHCLKFreq      0x800'd2d3    0xa  Code  Gb  stm32wlxx_hal_rcc.o [1]
HAL_RCC_GetPCLK1Freq     0x800'd2ef   0x10  Code  Gb  stm32wlxx_hal_rcc.o [1]
HAL_RCC_GetPCLK2Freq     0x800'd2ff    0xe  Code  Gb  stm32wlxx_hal_rcc.o [1]
HAL_RCC_GetSysClockFreq
                         0x800'd213   0xc0  Code  Gb  stm32wlxx_hal_rcc.o [1]
HAL_RCC_OscConfig        0x800'cb9f  0x46c  Code  Gb  stm32wlxx_hal_rcc.o [1]
HAL_RTCEx_AlarmBEventCallback
                         0x800'dfa5    0x2  Code  Wk  stm32wlxx_hal_rtc_ex.o [1]
HAL_RTCEx_BKUPRead       0x800'd94d    0xa  Code  Gb  stm32wlxx_hal_rtc_ex.o [1]
HAL_RTCEx_BKUPWrite      0x800'd943    0xa  Code  Gb  stm32wlxx_hal_rtc_ex.o [1]
HAL_RTCEx_EnableBypassShadow
                         0x800'd8b9   0x2a  Code  Gb  stm32wlxx_hal_rtc_ex.o [1]
HAL_RTCEx_SSRUEventCallback
                         0x800'b82b   0x12  Code  Gb  timer_if.o [1]
HAL_RTCEx_SSRUIRQHandler
                         0x800'd925   0x16  Code  Gb  stm32wlxx_hal_rtc_ex.o [1]
HAL_RTCEx_SetSSRU_IT     0x800'd8e3   0x36  Code  Gb  stm32wlxx_hal_rtc_ex.o [1]
HAL_RTC_AlarmAEventCallback
                         0x800'b821    0xa  Code  Gb  timer_if.o [1]
HAL_RTC_AlarmIRQHandler
                         0x800'd791   0x30  Code  Gb  stm32wlxx_hal_rtc.o [1]
HAL_RTC_DeactivateAlarm
                         0x800'd727   0x6a  Code  Gb  stm32wlxx_hal_rtc.o [1]
HAL_RTC_Init             0x800'd521   0x96  Code  Gb  stm32wlxx_hal_rtc.o [1]
HAL_RTC_MspInit          0x800'd4ad   0x62  Code  Gb  rtc.o [1]
HAL_RTC_SetAlarm_IT      0x800'd5b7   0x8c  Code  Gb  stm32wlxx_hal_rtc.o [1]
HAL_RTC_WaitForSynchro   0x800'd7c1   0x2e  Code  Gb  stm32wlxx_hal_rtc.o [1]
HAL_ResumeTick           0x801'3d15   0x10  Code  Wk  stm32wlxx_hal.o [1]
HAL_SUBGHZ_CADStatusCallback
                         0x801'13b1   0x16  Code  Gb  radio_driver.o [1]
HAL_SUBGHZ_CRCErrorCallback
                         0x801'13a9    0x8  Code  Gb  radio_driver.o [1]
HAL_SUBGHZ_ExecGetCmd    0x801'1731   0x42  Code  Gb  stm32wlxx_hal_subghz.o [1]
HAL_SUBGHZ_ExecSetCmd    0x801'16cb   0x66  Code  Gb  stm32wlxx_hal_subghz.o [1]
HAL_SUBGHZ_HeaderErrorCallback
                         0x801'13d1    0x8  Code  Gb  radio_driver.o [1]
HAL_SUBGHZ_HeaderValidCallback
                         0x801'13e9    0x8  Code  Gb  radio_driver.o [1]
HAL_SUBGHZ_IRQHandler    0x801'186b   0x96  Code  Gb  stm32wlxx_hal_subghz.o [1]
HAL_SUBGHZ_Init          0x801'1575   0x90  Code  Gb  stm32wlxx_hal_subghz.o [1]
HAL_SUBGHZ_MspInit       0x801'1545   0x1c  Code  Gb  subghz.o [1]
HAL_SUBGHZ_PreambleDetectedCallback
                         0x801'13d9    0x8  Code  Gb  radio_driver.o [1]
HAL_SUBGHZ_ReadBuffer    0x801'1815   0x4a  Code  Gb  stm32wlxx_hal_subghz.o [1]
HAL_SUBGHZ_ReadRegisters
                         0x801'166d   0x52  Code  Gb  stm32wlxx_hal_subghz.o [1]
HAL_SUBGHZ_RxCpltCallback
                         0x801'13a1    0x8  Code  Gb  radio_driver.o [1]
HAL_SUBGHZ_RxTxTimeoutCallback
                         0x801'13c7    0xa  Code  Gb  radio_driver.o [1]
HAL_SUBGHZ_SyncWordValidCallback
                         0x801'13e1    0x8  Code  Gb  radio_driver.o [1]
HAL_SUBGHZ_TxCpltCallback
                         0x801'1399    0x8  Code  Gb  radio_driver.o [1]
HAL_SUBGHZ_WriteBuffer   0x801'17af   0x4c  Code  Gb  stm32wlxx_hal_subghz.o [1]
HAL_SUBGHZ_WriteRegisters
                         0x801'1611   0x5c  Code  Gb  stm32wlxx_hal_subghz.o [1]
HAL_SuspendTick          0x801'3d05   0x10  Code  Wk  stm32wlxx_hal.o [1]
HAL_UARTEx_EnableFifoMode
                         0x801'313b   0x42  Code  Gb  stm32wlxx_hal_uart_ex.o [1]
HAL_UARTEx_EnableStopMode
                         0x801'310b   0x28  Code  Gb  stm32wlxx_hal_uart_ex.o [1]
HAL_UARTEx_RxFifoFullCallback
                         0x801'336f    0x2  Code  Wk  stm32wlxx_hal_uart_ex.o [1]
HAL_UARTEx_SetRxFifoThreshold
                         0x801'3193   0x14  Code  Gb  stm32wlxx_hal_uart_ex.o [1]
HAL_UARTEx_SetTxFifoThreshold
                         0x801'317d   0x16  Code  Gb  stm32wlxx_hal_uart_ex.o [1]
HAL_UARTEx_StopModeWakeUpSourceConfig
                         0x801'3069   0x8a  Code  Gb  stm32wlxx_hal_uart_ex.o [1]
HAL_UARTEx_TxFifoEmptyCallback
                         0x801'336d    0x2  Code  Wk  stm32wlxx_hal_uart_ex.o [1]
HAL_UARTEx_WakeupCallback
                         0x801'3239    0x2  Code  Wk  stm32wlxx_hal_uart_ex.o [1]
HAL_UART_IRQHandler      0x801'1cd9  0x2b0  Code  Gb  stm32wlxx_hal_uart.o [1]
HAL_UART_Init            0x801'1b4d   0x30  Code  Gb  stm32wlxx_hal_uart.o [1]
HAL_UART_MspDeInit       0x801'2ba3   0x2c  Code  Gb  usart.o [1]
HAL_UART_MspInit         0x801'2ae3   0xc0  Code  Gb  usart.o [1]
HAL_UART_Receive_IT      0x801'1bcd   0x28  Code  Gb  stm32wlxx_hal_uart.o [1]
HAL_UART_RxCpltCallback
                         0x801'3327   0x2a  Code  Gb  usart_if.o [1]
HAL_UART_Transmit_DMA    0x801'1bf5   0x8a  Code  Gb  stm32wlxx_hal_uart.o [1]
HAL_UART_TxCpltCallback
                         0x801'3319    0xe  Code  Gb  usart_if.o [1]
HandleRadioRxErrorTimeout
                         0x800'02bf   0xba  Code  Lc  LoRaMac.o [1]
HardFault_Handler        0x801'3b1b    0x2  Code  Gb  stm32wlxx_it.o [1]
ImageCalibrated         0x2000'1b7d    0x1  Data  Lc  radio_driver.o [1]
IncreaseBufferPointer    0x800'2fb1   0x14  Code  Lc  LoRaMacConfirmQueue.o [1]
JoinLedTimer            0x2000'1b18   0x18  Data  Lc  lora_app.o [1]
JoinParams              0x2000'0028    0x4  Data  Lc  LmHandler.o [1]
KeyAddrList             0x2000'0244    0x8  Data  Lc  LoRaMacCrypto.o [1]
LED_PIN                  0x800'e904    0x8  Data  Lc  stm32wlxx_nucleo.o [1]
LED_PORT                0x2000'02bc    0xc  Data  Lc  stm32wlxx_nucleo.o [1]
LL_ADC_REG_IsTriggerSourceSWStart
                         0x800'c319    0xe  Code  Lc  stm32wlxx_hal_adc.o [1]
LL_ADC_SetSamplingTimeCommonChannels
                         0x800'c301   0x18  Code  Lc  stm32wlxx_hal_adc.o [1]
LL_AHB1_GRP1_EnableClock
                         0x801'3375   0x16  Code  Lc  dma.o [1]
LL_AHB2_GRP1_EnableClock
                         0x800'e7a9   0x16  Code  Lc  stm32wlxx_nucleo.o [1]
LL_AHB2_GRP1_EnableClock
                         0x801'1a69   0x16  Code  Lc  stm32wlxx_nucleo_radio.o [1]
LL_AHB2_GRP1_EnableClock
                         0x801'2a3d   0x16  Code  Lc  usart.o [1]
LL_APB1_GRP1_DisableClock
                         0x801'2a69    0xa  Code  Lc  usart.o [1]
LL_APB1_GRP1_EnableClock
                         0x800'd41d   0x16  Code  Lc  rtc.o [1]
LL_APB1_GRP1_EnableClock
                         0x801'2a53   0x16  Code  Lc  usart.o [1]
LL_APB1_GRP1_ForceReset
                         0x801'323d    0xa  Code  Lc  usart_if.o [1]
LL_APB1_GRP1_ReleaseReset
                         0x801'3247    0xa  Code  Lc  usart_if.o [1]
LL_APB2_GRP1_DisableClock
                         0x800'c0ff    0xa  Code  Lc  adc.o [1]
LL_APB2_GRP1_EnableClock
                         0x800'c0e9   0x16  Code  Lc  adc.o [1]
LL_APB3_GRP1_EnableClock
                         0x801'150d   0x16  Code  Lc  subghz.o [1]
LL_EXTI_EnableIT_0_31    0x801'3251    0xa  Code  Lc  usart_if.o [1]
LL_EXTI_EnableIT_32_63   0x800'b3b1    0xa  Code  Lc  sys_debug.o [1]
LL_FLASH_GetDeviceID     0x800'4ca5    0xa  Code  Lc  sys_app.o [1]
LL_FLASH_GetSTCompanyID
                         0x800'4caf    0x8  Code  Lc  sys_app.o [1]
LL_FLASH_GetUDN          0x800'4c9f    0x6  Code  Lc  sys_app.o [1]
LL_PWR_ClearFlag_C1STOP_C1STB
                         0x801'3cbd    0x8  Code  Lc  stm32_lpm_if.o [1]
LL_RCC_EnableRTC         0x800'd411    0xc  Code  Lc  rtc.o [1]
LL_RCC_GetAHB3Prescaler
                         0x800'cb91    0xe  Code  Lc  stm32wlxx_hal_rcc.o [1]
LL_RCC_LSE_SetDriveCapability
                         0x800'c245    0xe  Code  Lc  main.o [1]
LL_RCC_SetClkAfterWakeFromStop
                         0x800'4c91    0xe  Code  Lc  sys_app.o [1]
LL_RCC_SetI2CClockSource
                         0x800'de03   0x14  Code  Lc  stm32wlxx_hal_rcc_ex.o [1]
LL_RCC_SetLPTIMClockSource
                         0x800'de1d   0x14  Code  Lc  stm32wlxx_hal_rcc_ex.o [1]
LL_RCC_SetUSARTClockSource
                         0x800'ddf5    0xe  Code  Lc  stm32wlxx_hal_rcc_ex.o [1]
LL_RTC_TIME_GetSubSecond
                         0x800'b6cd    0x4  Code  Lc  timer_if.o [1]
LimitTxPower             0x800'9719   0x36  Code  Lc  RegionUS915.o [1]
LmHandlerCallbacks      0x2000'0068    0x4  Data  Lc  LmHandler.o [1]
LmHandlerCallbacks      0x2000'01e0   0x34  Data  Lc  lora_app.o [1]
LmHandlerConfigure       0x800'e9ff  0x15c  Code  Gb  LmHandler.o [1]
LmHandlerDeviceTimeReq   0x800'ed51    0x6  Code  Gb  LmHandler.o [1]
LmHandlerGetCurrentClass
                         0x800'edf9   0x22  Code  Gb  LmHandler.o [1]
LmHandlerGetTxDatarate   0x800'ee1b   0x28  Code  Gb  LmHandler.o [1]
LmHandlerInit            0x800'e9b9   0x46  Code  Gb  LmHandler.o [1]
LmHandlerJoin            0x800'ebb9   0x70  Code  Gb  LmHandler.o [1]
LmHandlerJoinStatus      0x800'ec29   0x20  Code  Gb  LmHandler.o [1]
LmHandlerPackageRegister
                         0x800'eff3   0x3c  Code  Gb  LmHandler.o [1]
LmHandlerPackages       0x2000'0054   0x14  Data  Lc  LmHandler.o [1]
LmHandlerPackagesNotify
                         0x800'f02f   0x60  Code  Lc  LmHandler.o [1]
LmHandlerParams         0x2000'0018   0x10  Data  Lc  LmHandler.o [1]
LmHandlerParams         0x2000'0214   0x10  Data  Lc  lora_app.o [1]
LmHandlerProcess         0x800'eb73   0x46  Code  Gb  LmHandler.o [1]
LmHandlerRequestClass    0x800'ed6b   0x8e  Code  Gb  LmHandler.o [1]
LmHandlerSend            0x800'ec49  0x108  Code  Gb  LmHandler.o [1]
LmhpComplianceInit       0x800'f5f5   0x1c  Code  Lc  LmhpCompliance.o [1]
LmhpComplianceIsInitialized
                         0x800'f611    0x6  Code  Lc  LmhpCompliance.o [1]
LmhpComplianceIsRunning
                         0x800'f617    0xa  Code  Lc  LmhpCompliance.o [1]
LmhpComplianceOnMcpsConfirm
                         0x800'f621   0x1e  Code  Lc  LmhpCompliance.o [1]
LmhpComplianceOnMcpsIndication
                         0x800'f6e1  0x1be  Code  Lc  LmhpCompliance.o [1]
LmhpComplianceOnMlmeConfirm
                         0x800'f63f   0x22  Code  Lc  LmhpCompliance.o [1]
LmhpCompliancePackage   0x2000'0190   0x34  Data  Lc  LmhpCompliance.o [1]
LmhpCompliancePackageFactory
                         0x800'f5f1    0x4  Code  Gb  LmhpCompliance.o [1]
LmhpComplianceParams    0x2000'006c    0xc  Data  Lc  LmHandler.o [1]
LmhpComplianceParams    0x2000'01c4    0x4  Data  Lc  LmhpCompliance.o [1]
LmhpComplianceProcess    0x800'f8d5    0x2  Code  Lc  LmhpCompliance.o [1]
LmhpComplianceTxProcess
                         0x800'f661   0x7e  Code  Lc  LmhpCompliance.o [1]
LoRaHeaderType          0x2000'1b85    0x1  Data  Lc  radio_driver.o [1]
LoRaMacAdrCalcNext       0x800'493d   0xc8  Code  Gb  LoRaMacAdr.o [1]
LoRaMacCallbacks        0x2000'0030   0x14  Data  Lc  LmHandler.o [1]
LoRaMacClassBBeaconFreqReq
                         0x800'2f6b    0x4  Code  Gb  LoRaMacClassB.o [1]
LoRaMacClassBBeaconTimerEvent
                         0x800'2f35    0x2  Code  Gb  LoRaMacClassB.o [1]
LoRaMacClassBBeaconTimingAns
                         0x800'2f67    0x2  Code  Gb  LoRaMacClassB.o [1]
LoRaMacClassBDeviceTimeAns
                         0x800'2f69    0x2  Code  Gb  LoRaMacClassB.o [1]
LoRaMacClassBHaltBeaconing
                         0x800'2f51    0x2  Code  Gb  LoRaMacClassB.o [1]
LoRaMacClassBInit        0x800'2f29    0x2  Code  Gb  LoRaMacClassB.o [1]
LoRaMacClassBIsAcquisitionInProgress
                         0x800'2f31    0x4  Code  Gb  LoRaMacClassB.o [1]
LoRaMacClassBIsBeaconExpected
                         0x800'2f3f    0x4  Code  Gb  LoRaMacClassB.o [1]
LoRaMacClassBIsBeaconModeActive
                         0x800'2f4b    0x4  Code  Gb  LoRaMacClassB.o [1]
LoRaMacClassBIsMulticastExpected
                         0x800'2f47    0x4  Code  Gb  LoRaMacClassB.o [1]
LoRaMacClassBIsPingExpected
                         0x800'2f43    0x4  Code  Gb  LoRaMacClassB.o [1]
LoRaMacClassBIsUplinkCollision
                         0x800'2f6f    0x4  Code  Gb  LoRaMacClassB.o [1]
LoRaMacClassBMibGetRequestConfirm
                         0x800'2f59    0x4  Code  Gb  LoRaMacClassB.o [1]
LoRaMacClassBMulticastSlotTimerEvent
                         0x800'2f39    0x2  Code  Gb  LoRaMacClassB.o [1]
LoRaMacClassBPingSlotChannelReq
                         0x800'2f63    0x4  Code  Gb  LoRaMacClassB.o [1]
LoRaMacClassBPingSlotInfoAns
                         0x800'2f61    0x2  Code  Gb  LoRaMacClassB.o [1]
LoRaMacClassBPingSlotTimerEvent
                         0x800'2f37    0x2  Code  Gb  LoRaMacClassB.o [1]
LoRaMacClassBProcess     0x800'2f75    0x2  Code  Gb  LoRaMacClassB.o [1]
LoRaMacClassBResumeBeaconing
                         0x800'2f53    0x2  Code  Gb  LoRaMacClassB.o [1]
LoRaMacClassBRxBeacon    0x800'2f3b    0x4  Code  Gb  LoRaMacClassB.o [1]
LoRaMacClassBSetBeaconState
                         0x800'2f2b    0x2  Code  Gb  LoRaMacClassB.o [1]
LoRaMacClassBSetMulticastSlotState
                         0x800'2f2f    0x2  Code  Gb  LoRaMacClassB.o [1]
LoRaMacClassBSetPingSlotInfo
                         0x800'2f4f    0x2  Code  Gb  LoRaMacClassB.o [1]
LoRaMacClassBSetPingSlotState
                         0x800'2f2d    0x2  Code  Gb  LoRaMacClassB.o [1]
LoRaMacClassBStopRxSlots
                         0x800'2f73    0x2  Code  Gb  LoRaMacClassB.o [1]
LoRaMacClassBSwitchClass
                         0x800'2f55    0x4  Code  Gb  LoRaMacClassB.o [1]
LoRaMacCommandsAddCmd    0x800'40a5   0x7e  Code  Gb  LoRaMacCommands.o [1]
LoRaMacCommandsGetCmdSize
                         0x800'424d   0x38  Code  Gb  LoRaMacCommands.o [1]
LoRaMacCommandsGetSizeSerializedCmds
                         0x800'41b5   0x12  Code  Gb  LoRaMacCommands.o [1]
LoRaMacCommandsInit      0x800'408d   0x18  Code  Gb  LoRaMacCommands.o [1]
LoRaMacCommandsRemoveCmd
                         0x800'4123   0x50  Code  Gb  LoRaMacCommands.o [1]
LoRaMacCommandsRemoveNoneStickyCmds
                         0x800'4173   0x1c  Code  Gb  LoRaMacCommands.o [1]
LoRaMacCommandsRemoveStickyAnsCmds
                         0x800'418f   0x26  Code  Gb  LoRaMacCommands.o [1]
LoRaMacCommandsSerializeCmds
                         0x800'41c7   0x5e  Code  Gb  LoRaMacCommands.o [1]
LoRaMacCommandsStickyCmdsPending
                         0x800'4225   0x22  Code  Gb  LoRaMacCommands.o [1]
LoRaMacConfirmQueueAdd   0x800'3017   0x34  Code  Gb  LoRaMacConfirmQueue.o [1]
LoRaMacConfirmQueueGetCnt
                         0x800'3131    0x8  Code  Gb  LoRaMacConfirmQueue.o [1]
LoRaMacConfirmQueueGetStatus
                         0x800'3087   0x1c  Code  Gb  LoRaMacConfirmQueue.o [1]
LoRaMacConfirmQueueHandleCb
                         0x800'30dd   0x54  Code  Gb  LoRaMacConfirmQueue.o [1]
LoRaMacConfirmQueueInit
                         0x800'2fef   0x28  Code  Gb  LoRaMacConfirmQueue.o [1]
LoRaMacConfirmQueueIsCmdActive
                         0x800'30cb   0x12  Code  Gb  LoRaMacConfirmQueue.o [1]
LoRaMacConfirmQueueIsFull
                         0x800'3139   0x12  Code  Gb  LoRaMacConfirmQueue.o [1]
LoRaMacConfirmQueueRemoveFirst
                         0x800'304b   0x1c  Code  Gb  LoRaMacConfirmQueue.o [1]
LoRaMacConfirmQueueSetStatus
                         0x800'3067   0x20  Code  Gb  LoRaMacConfirmQueue.o [1]
LoRaMacConfirmQueueSetStatusCmn
                         0x800'30a3   0x28  Code  Gb  LoRaMacConfirmQueue.o [1]
LoRaMacCryptoDeriveMcKEKey
                         0x800'4061   0x20  Code  Gb  LoRaMacCrypto.o [1]
LoRaMacCryptoDeriveMcRootKey
                         0x800'402d   0x34  Code  Gb  LoRaMacCrypto.o [1]
LoRaMacCryptoGetFCntDown
                         0x800'3c43   0x70  Code  Gb  LoRaMacCrypto.o [1]
LoRaMacCryptoGetFCntUp   0x800'3c2d   0x16  Code  Gb  LoRaMacCrypto.o [1]
LoRaMacCryptoHandleJoinAccept
                         0x800'3d5b   0xde  Code  Gb  LoRaMacCrypto.o [1]
LoRaMacCryptoInit        0x800'3be9   0x38  Code  Gb  LoRaMacCrypto.o [1]
LoRaMacCryptoPrepareJoinRequest
                         0x800'3d0f   0x4c  Code  Gb  LoRaMacCrypto.o [1]
LoRaMacCryptoSecureMessage
                         0x800'3e39   0xb8  Code  Gb  LoRaMacCrypto.o [1]
LoRaMacCryptoSetKey      0x800'3cdb   0x34  Code  Gb  LoRaMacCrypto.o [1]
LoRaMacCryptoSetLrWanVersion
                         0x800'3c21    0xc  Code  Gb  LoRaMacCrypto.o [1]
LoRaMacCryptoSetMulticastReference
                         0x800'3cb3   0x28  Code  Gb  LoRaMacCrypto.o [1]
LoRaMacCryptoUnsecureMessage
                         0x800'3ef1  0x134  Code  Gb  LoRaMacCrypto.o [1]
LoRaMacInitialization    0x800'19a1  0x2ac  Code  Gb  LoRaMac.o [1]
LoRaMacIsBusy            0x800'0379   0x1c  Code  Gb  LoRaMac.o [1]
LoRaMacMaxEirpTable      0x800'1448   0x10  Data  Lc  LoRaMac.o [1]
LoRaMacMcpsRequest       0x800'2439  0x320  Code  Gb  LoRaMac.o [1]
LoRaMacMibClassBSetRequestConfirm
                         0x800'2f5d    0x4  Code  Gb  LoRaMacClassB.o [1]
LoRaMacMibGetRequestConfirm
                         0x800'1d25  0x120  Code  Gb  LoRaMac.o [1]
LoRaMacMibSetRequestConfirm
                         0x800'1e51  0x3ac  Code  Gb  LoRaMac.o [1]
LoRaMacMlmeRequest       0x800'2229  0x1e4  Code  Gb  LoRaMac.o [1]
LoRaMacParserData        0x800'394d   0xc2  Code  Gb  LoRaMacParser.o [1]
LoRaMacParserJoinAccept
                         0x800'38a5   0xa8  Code  Gb  LoRaMacParser.o [1]
LoRaMacPrimitives       0x2000'0044   0x10  Data  Lc  LmHandler.o [1]
LoRaMacProcess           0x800'0395  0x994  Code  Gb  LoRaMac.o [1]
LoRaMacQueryTxPossible   0x800'1c65   0xc0  Code  Gb  LoRaMac.o [1]
LoRaMacRadioEvents      0x2000'1b30    0x4  Data  Gb  LoRaMac.o [1]
LoRaMacSerializerData    0x800'4865   0xcc  Code  Gb  LoRaMacSerializer.o [1]
LoRaMacSerializerJoinRequest
                         0x800'47f9   0x6c  Code  Gb  LoRaMacSerializer.o [1]
LoRaMacStart             0x800'1c57    0xa  Code  Gb  LoRaMac.o [1]
LoRaMacTestSetDutyCycleOn
                         0x800'2759   0x20  Code  Gb  LoRaMac.o [1]
LoRaWAN_Init             0x800'e085  0x14a  Code  Gb  lora_app.o [1]
LoraInfo_GetPtr          0x800'e9ab    0x4  Code  Gb  lora_info.o [1]
LoraInfo_Init            0x800'e929   0x82  Code  Gb  lora_info.o [1]
MSIRangeTable            0x801'3a60   0x40  Data  Gb  system_stm32wlxx.o [1]
MX_ADC_Init              0x800'c109   0x68  Code  Gb  adc.o [1]
MX_DMA_Init              0x801'3391   0x20  Code  Gb  dma.o [1]
MX_LoRaWAN_Init          0x800'dcf3    0xc  Code  Gb  app_lorawan.o [1]
MX_LoRaWAN_Process       0x800'dcff    0xc  Code  Gb  app_lorawan.o [1]
MX_RTC_Init              0x800'd433   0x7a  Code  Gb  rtc.o [1]
MX_SUBGHZ_Init           0x801'1523   0x16  Code  Gb  subghz.o [1]
MX_USART2_UART_Init      0x801'2a73   0x70  Code  Gb  usart.o [1]
MacCtx                  0x2000'0a04  0x508  Data  Lc  LoRaMac.o [1]
MaxPayloadLength        0x2000'02d1    0x1  Data  Lc  radio.o [1]
MaxPayloadOfDatarateCN470
                         0x800'6c54    0x8  Data  Lc  RegionCN470.o [1]
MaxPayloadOfDatarateCN779
                         0x800'76b8    0x8  Data  Lc  RegionCN779.o [1]
MaxPayloadOfDatarateDwell0AS923
                         0x800'5920    0x8  Data  Lc  RegionAS923.o [1]
MaxPayloadOfDatarateDwell0AU915
                         0x800'63f0   0x10  Data  Lc  RegionAU915.o [1]
MaxPayloadOfDatarateDwell1AS923
                         0x800'5930    0x8  Data  Lc  RegionAS923.o [1]
MaxPayloadOfDatarateDwell1AU915
                         0x800'6410   0x10  Data  Lc  RegionAU915.o [1]
MaxPayloadOfDatarateEU433
                         0x800'8134    0x8  Data  Lc  RegionEU433.o [1]
MaxPayloadOfDatarateEU868
                         0x800'8c3c    0x8  Data  Lc  RegionEU868.o [1]
MaxPayloadOfDatarateIN865
                         0x800'96cc    0x8  Data  Lc  RegionIN865.o [1]
MaxPayloadOfDatarateRU864
                         0x800'ac04    0x8  Data  Lc  RegionRU864.o [1]
MaxPayloadOfDatarateRepeaterCN470
                         0x800'6c5c    0x8  Data  Lc  RegionCN470.o [1]
MaxPayloadOfDatarateRepeaterCN779
                         0x800'76c0    0x8  Data  Lc  RegionCN779.o [1]
MaxPayloadOfDatarateRepeaterDwell0AS923
                         0x800'5928    0x8  Data  Lc  RegionAS923.o [1]
MaxPayloadOfDatarateRepeaterDwell0AU915
                         0x800'6400   0x10  Data  Lc  RegionAU915.o [1]
MaxPayloadOfDatarateRepeaterDwell1AU915
                         0x800'6420   0x10  Data  Lc  RegionAU915.o [1]
MaxPayloadOfDatarateRepeaterEU433
                         0x800'813c    0x8  Data  Lc  RegionEU433.o [1]
MaxPayloadOfDatarateRepeaterEU868
                         0x800'8c44    0x8  Data  Lc  RegionEU868.o [1]
MaxPayloadOfDatarateRepeaterIN865
                         0x800'96d4    0x8  Data  Lc  RegionIN865.o [1]
MaxPayloadOfDatarateRepeaterRU864
                         0x800'ac0c    0x8  Data  Lc  RegionRU864.o [1]
MaxPayloadOfDatarateRepeaterUS915
                         0x800'a1c4   0x10  Data  Lc  RegionUS915.o [1]
MaxPayloadOfDatarateUS915
                         0x800'a1b4   0x10  Data  Lc  RegionUS915.o [1]
McpsConfirm              0x800'ee45   0x3a  Code  Lc  LmHandler.o [1]
McpsIndication           0x800'ee81   0x98  Code  Lc  LmHandler.o [1]
MemManage_Handler        0x801'3b1d    0x2  Code  Gb  stm32wlxx_it.o [1]
MlmeConfirm              0x800'ef19   0x80  Code  Lc  LmHandler.o [1]
MlmeIndication           0x800'ef99   0x5a  Code  Lc  LmHandler.o [1]
NMI_Handler              0x801'3b19    0x2  Code  Gb  stm32wlxx_it.o [1]
Nvm                     0x2000'02d4  0x730  Data  Lc  LoRaMac.o [1]
NvmDataMgmtEvent         0x800'f5e7    0x2  Code  Gb  NvmDataMgmt.o [1]
NvmDataMgmtRestore       0x800'f5ed    0x4  Code  Gb  NvmDataMgmt.o [1]
NvmDataMgmtStore         0x800'f5e9    0x4  Code  Gb  NvmDataMgmt.o [1]
OffModeDisable          0x2000'1bd8    0x4  Data  Lc  stm32_lpm.o [1]
OnAckTimeoutTimerEvent   0x800'0de7   0x46  Code  Lc  LoRaMac.o [1]
OnComplianceTxNextPacketTimerEvent
                         0x800'f8d9    0x2  Code  Lc  LmhpCompliance.o [1]
OnJoinRequest            0x800'e56b   0x58  Code  Lc  lora_app.o [1]
OnJoinTimerLedEvent      0x800'e4dd    0xc  Code  Lc  lora_app.o [1]
OnMacProcessNotify       0x800'e64d    0xc  Code  Lc  lora_app.o [1]
OnRadioRxDone            0x800'018d   0x42  Code  Lc  LoRaMac.o [1]
OnRadioRxError           0x800'0221   0x20  Code  Lc  LoRaMac.o [1]
OnRadioRxTimeout         0x800'0241   0x28  Code  Lc  LoRaMac.o [1]
OnRadioTxDone            0x800'0139   0x44  Code  Lc  LoRaMac.o [1]
OnRadioTxTimeout         0x800'01e9   0x28  Code  Lc  LoRaMac.o [1]
OnRxData                 0x800'e1f5   0xe0  Code  Lc  lora_app.o [1]
OnRxData{1}{2}::slotStrings
                        0x2000'022c   0x18  Data  Lc  lora_app.o [1]
OnRxTimerLedEvent        0x800'e4d1    0xc  Code  Lc  lora_app.o [1]
OnRxWindow1TimerEvent    0x800'0d81   0x2a  Code  Lc  LoRaMac.o [1]
OnRxWindow2TimerEvent    0x800'0dab   0x34  Code  Lc  LoRaMac.o [1]
OnTxData                 0x800'e4e9   0x82  Code  Lc  lora_app.o [1]
OnTxDelayedTimerEvent    0x800'0d3d   0x44  Code  Lc  LoRaMac.o [1]
OnTxTimerEvent           0x800'e4b1   0x14  Code  Lc  lora_app.o [1]
OnTxTimerLedEvent        0x800'e4c5    0xc  Code  Lc  lora_app.o [1]
OpenContinuousRxCWindow
                         0x800'1911   0x4a  Code  Lc  LoRaMac.o [1]
OperatingMode           0x2000'1b7c    0x1  Data  Lc  radio_driver.o [1]
PWR_EnterOffMode         0x801'3cc9    0x2  Code  Gb  stm32_lpm_if.o [1]
PWR_EnterSleepMode       0x801'3ceb   0x10  Code  Gb  stm32_lpm_if.o [1]
PWR_EnterStopMode        0x801'3ccd   0x12  Code  Gb  stm32_lpm_if.o [1]
PWR_ExitOffMode          0x801'3ccb    0x2  Code  Gb  stm32_lpm_if.o [1]
PWR_ExitSleepMode        0x801'3cfb    0x8  Code  Gb  stm32_lpm_if.o [1]
PWR_ExitStopMode         0x801'3cdf    0xc  Code  Gb  stm32_lpm_if.o [1]
PacketType              0x2000'1b84    0x1  Data  Lc  radio_driver.o [1]
PayloadEncrypt           0x800'3a11   0xc4  Code  Lc  LoRaMacCrypto.o [1]
PendSV_Handler           0x801'3b27    0x2  Code  Gb  stm32wlxx_it.o [1]
PrepareB0                0x800'3ad5   0x42  Code  Lc  LoRaMacCrypto.o [1]
PrepareRxDoneAbort       0x800'028d   0x32  Code  Lc  LoRaMac.o [1]
PrintKey                 0x800'4285   0xe8  Code  Lc  soft-se.o [1]
ProcessMacCommands       0x800'0f5d  0x4e4  Code  Lc  LoRaMac.o [1]
RBI_ConfigRFSwitch       0x801'1565    0x4  Code  Gb  radio_board_if.o [1]
RBI_GetTxConfig          0x801'1569    0x4  Code  Gb  radio_board_if.o [1]
RBI_Init                 0x801'1561    0x4  Code  Gb  radio_board_if.o [1]
RBI_IsDCDC               0x801'1571    0x4  Code  Gb  radio_board_if.o [1]
RBI_IsTCXO               0x801'156d    0x4  Code  Gb  radio_board_if.o [1]
RCC_SetFlashLatency::FLASH_CLK_SRC_RANGE_VOS1
                         0x800'd3f0    0x8  Data  Lc  stm32wlxx_hal_rcc.o [1]
RCC_SetFlashLatency::FLASH_CLK_SRC_RANGE_VOS2
                         0x800'd3f8    0x8  Data  Lc  stm32wlxx_hal_rcc.o [1]
RCC_SetFlashLatency::FLASH_LATENCY_RANGE
                         0x800'd400    0xc  Data  Lc  stm32wlxx_hal_rcc.o [1]
RCC_SetFlashLatencyFromMSIRange
                         0x800'd31d   0x92  Code  Lc  stm32wlxx_hal_rcc.o [1]
RFW_DeInit               0x801'14f7    0x2  Code  Gb  radio_fw.o [1]
RFW_DeInit_TxLongPacket
                         0x801'1507    0x2  Code  Gb  radio_fw.o [1]
RFW_Init                 0x801'14f5    0x2  Code  Gb  radio_fw.o [1]
RFW_Is_Init              0x801'14f9    0x4  Code  Gb  radio_fw.o [1]
RFW_Is_LongPacketModeEnabled
                         0x801'14fd    0x4  Code  Gb  radio_fw.o [1]
RFW_ReceiveInit          0x801'1505    0x2  Code  Gb  radio_fw.o [1]
RFW_ReceiveLongPacket    0x801'14ed    0x2  Code  Gb  radio_fw.o [1]
RFW_ReceivePayload       0x801'1509    0x2  Code  Gb  radio_fw.o [1]
RFW_SetAntSwitch         0x801'1501    0x2  Code  Gb  radio_fw.o [1]
RFW_SetRadioModem        0x801'150b    0x2  Code  Gb  radio_fw.o [1]
RFW_TransmitInit         0x801'1503    0x2  Code  Gb  radio_fw.o [1]
RFW_TransmitLongPacket   0x801'14e9    0x2  Code  Gb  radio_fw.o [1]
RTC_Alarm_IRQHandler     0x801'3b5d    0xa  Code  Gb  stm32wlxx_it.o [1]
RTC_ByteToBcd2           0x800'd891   0x16  Code  Gb  stm32wlxx_hal_rtc.o [1]
RTC_EnterInitMode        0x800'd7ef   0x40  Code  Gb  stm32wlxx_hal_rtc.o [1]
RTC_ExitInitMode         0x800'd82f   0x4c  Code  Gb  stm32wlxx_hal_rtc.o [1]
RTC_Initialized         0x2000'1bf6    0x1  Data  Lc  timer_if.o [1]
Radio                    0x801'399c   0x84  Data  Gb  radio.o [1]
RadioBuffer             0x2000'150c  0x100  Data  Lc  radio.o [1]
RadioCheckRfFrequency    0x800'fea1    0x4  Code  Lc  radio.o [1]
RadioEvents             0x2000'18e4    0x4  Data  Lc  radio.o [1]
RadioGetStatus           0x800'f967   0x24  Code  Lc  radio.o [1]
RadioGetWakeupTime       0x801'031d    0xa  Code  Lc  radio.o [1]
RadioInit                0x800'f8e5   0x82  Code  Lc  radio.o [1]
RadioIrqProcess          0x801'04e7  0x178  Code  Lc  radio.o [1]
RadioIsChannelFree       0x800'f9d1   0xf4  Code  Lc  radio.o [1]
RadioOnDioIrq            0x801'0351  0x178  Code  Lc  radio.o [1]
RadioOnDioIrqCb         0x2000'1b80    0x4  Data  Lc  radio_driver.o [1]
RadioOnRxTimeoutIrq      0x801'033d   0x12  Code  Lc  radio.o [1]
RadioOnTxTimeoutIrq      0x801'0329   0x12  Code  Lc  radio.o [1]
RadioRandom              0x800'fad3   0x1a  Code  Lc  radio.o [1]
RadioRead                0x801'02b5    0x4  Code  Lc  radio.o [1]
RadioReadRegisters       0x801'02bd    0x4  Code  Lc  radio.o [1]
RadioRssi                0x801'02ad    0x4  Code  Lc  radio.o [1]
RadioRx                  0x801'019d   0x40  Code  Lc  radio.o [1]
RadioRxBoosted           0x801'01eb   0x40  Code  Lc  radio.o [1]
RadioSend                0x800'ffc9  0x1b0  Code  Lc  radio.o [1]
RadioSetChannel          0x800'f9cd    0x4  Code  Lc  radio.o [1]
RadioSetMaxPayloadLength
                         0x801'02c1   0x22  Code  Lc  radio.o [1]
RadioSetModem            0x800'f98b   0x42  Code  Lc  radio.o [1]
RadioSetPublicNetwork    0x801'02e3   0x3a  Code  Lc  radio.o [1]
RadioSetRxConfig         0x800'faed  0x234  Code  Lc  radio.o [1]
RadioSetRxDutyCycle      0x801'0235   0x1c  Code  Lc  radio.o [1]
RadioSetRxGenericConfig
                         0x801'0725  0x1ce  Code  Lc  radio.o [1]
RadioSetTxConfig         0x800'fd4d  0x126  Code  Lc  radio.o [1]
RadioSetTxContinuousWave
                         0x801'0277   0x36  Code  Lc  radio.o [1]
RadioSetTxGenericConfig
                         0x801'090b  0x1a4  Code  Lc  radio.o [1]
RadioSleep               0x801'0179   0x10  Code  Lc  radio.o [1]
RadioStandby             0x801'0197    0x6  Code  Lc  radio.o [1]
RadioStartCad            0x801'0251   0x1c  Code  Lc  radio.o [1]
RadioTimeOnAir           0x800'fea5  0x11e  Code  Lc  radio.o [1]
RadioTxCw                0x801'0713   0x12  Code  Lc  radio.o [1]
[...]
SUBGRF_GetPacketStatus   0x801'1257   0x70  Code  Gb  radio_driver.o [1]
SUBGRF_GetPayload        0x801'0bc1   0x2e  Code  Gb  radio_driver.o [1]
SUBGRF_GetRadioWakeUpTime
                         0x801'1395    0x4  Code  Gb  radio_driver.o [1]
SUBGRF_GetRandom         0x801'0c8b   0x60  Code  Gb  radio_driver.o [1]
SUBGRF_GetRssiInst       0x801'1209   0x18  Code  Gb  radio_driver.o [1]
SUBGRF_GetRxBufferStatus
                         0x801'1221   0x36  Code  Gb  radio_driver.o [1]
SUBGRF_Init              0x801'0b5d   0x5c  Code  Gb  radio_driver.o [1]
SUBGRF_ReadBuffer        0x801'1315    0xc  Code  Gb  radio_driver.o [1]
SUBGRF_ReadCommand       0x801'133d    0xc  Code  Lc  radio_driver.o [1]
SUBGRF_ReadRegister      0x801'12d3   0x10  Code  Gb  radio_driver.o [1]
SUBGRF_ReadRegisters     0x801'12f9    0xa  Code  Gb  radio_driver.o [1]
SUBGRF_SendPayload       0x801'0bef   0x16  Code  Gb  radio_driver.o [1]
SUBGRF_SetBufferBaseAddress
                         0x801'11f7   0x12  Code  Gb  radio_driver.o [1]
SUBGRF_SetCad            0x801'0ddd   0x16  Code  Gb  radio_driver.o [1]
SUBGRF_SetCrcPolynomial
                         0x801'0c2d   0x16  Code  Gb  radio_driver.o [1]
SUBGRF_SetCrcSeed        0x801'0c17   0x16  Code  Gb  radio_driver.o [1]
SUBGRF_SetDioIrqParams   0x801'0ef9   0x36  Code  Gb  radio_driver.o [1]
SUBGRF_SetLoRaSymbNumTimeout
                         0x801'0e0d   0x34  Code  Gb  radio_driver.o [1]
SUBGRF_SetModulationParams
                         0x801'104d   0xb0  Code  Gb  radio_driver.o [1]
SUBGRF_SetPaConfig       0x801'0ee3   0x16  Code  Gb  radio_driver.o [1]
SUBGRF_SetPacketParams   0x801'1125   0xd2  Code  Gb  radio_driver.o [1]
SUBGRF_SetPacketType     0x801'0f9d   0x20  Code  Gb  radio_driver.o [1]
SUBGRF_SetRegulatorMode
                         0x801'0e41   0x1c  Code  Gb  radio_driver.o [1]
SUBGRF_SetRfFrequency    0x801'0f51   0x42  Code  Gb  radio_driver.o [1]
SUBGRF_SetRfTxPower      0x801'136f   0x26  Code  Gb  radio_driver.o [1]
SUBGRF_SetRx             0x801'0d53   0x12  Code  Gb  radio_driver.o [1]
SUBGRF_SetRxBoosted      0x801'0d75   0x26  Code  Gb  radio_driver.o [1]
SUBGRF_SetRxDutyCycle    0x801'0da7   0x36  Code  Gb  radio_driver.o [1]
SUBGRF_SetSleep          0x801'0ceb   0x30  Code  Gb  radio_driver.o [1]
SUBGRF_SetStandby        0x801'0d1b   0x20  Code  Gb  radio_driver.o [1]
SUBGRF_SetStopRxTimerOnPreambleDetect
                         0x801'0e03    0xa  Code  Gb  radio_driver.o [1]
SUBGRF_SetSwitch         0x801'1349   0x26  Code  Gb  radio_driver.o [1]
SUBGRF_SetSyncWord       0x801'0c05   0x12  Code  Gb  radio_driver.o [1]
SUBGRF_SetTcxoMode       0x801'0f2f   0x22  Code  Gb  radio_driver.o [1]
SUBGRF_SetTx             0x801'0d3b   0x18  Code  Gb  radio_driver.o [1]
SUBGRF_SetTxContinuousWave
                         0x801'0df3    0x8  Code  Gb  radio_driver.o [1]
SUBGRF_SetTxInfinitePreamble
                         0x801'0dfb    0x8  Code  Gb  radio_driver.o [1]
SUBGRF_SetTxParams       0x801'0fbd   0x8e  Code  Gb  radio_driver.o [1]
SUBGRF_SetWhiteningSeed
                         0x801'0c55   0x36  Code  Gb  radio_driver.o [1]
SUBGRF_WriteBuffer       0x801'1309    0xc  Code  Gb  radio_driver.o [1]
SUBGRF_WriteCommand      0x801'1331    0xc  Code  Lc  radio_driver.o [1]
SUBGRF_WriteRegister     0x801'12c7    0xc  Code  Gb  radio_driver.o [1]
SUBGRF_WriteRegisters    0x801'12ed    0xc  Code  Gb  radio_driver.o [1]
SVC_Handler              0x801'3b23    0x2  Code  Gb  stm32wlxx_it.o [1]
SYS_GetBatteryLevel      0x800'b49f   0x3a  Code  Gb  adc_if.o [1]
SYS_GetTemperatureLevel
                         0x800'b409   0x96  Code  Gb  adc_if.o [1]
SYS_InitMeasurement      0x800'b401    0x8  Code  Gb  adc_if.o [1]
ScheduleTx               0x800'14b3  0x2f4  Code  Lc  LoRaMac.o [1]
SeNvm                   0x2000'1be0    0x4  Data  Lc  soft-se.o [1]
SecureElementAesEncrypt
                         0x800'4533   0x6e  Code  Gb  soft-se.o [1]
SecureElementComputeAesCmac
                         0x800'44f5   0x14  Code  Gb  soft-se.o [1]
SecureElementDeriveAndStoreKey
                         0x800'45a1   0x46  Code  Gb  soft-se.o [1]
SecureElementGetDevEui   0x800'4681    0x6  Code  Gb  soft-se.o [1]
SecureElementGetJoinEui
                         0x800'46a3    0xa  Code  Gb  soft-se.o [1]
SecureElementGetKeyByID
                         0x800'4457   0x16  Code  Gb  soft-se.o [1]
SecureElementInit        0x800'43fb   0x52  Code  Gb  soft-se.o [1]
SecureElementProcessJoinAccept
                         0x800'45e7   0x72  Code  Gb  soft-se.o [1]
SecureElementRandomNumber
                         0x800'4659   0x16  Code  Gb  soft-se.o [1]
SecureElementSetDevEui   0x800'466f   0x12  Code  Gb  soft-se.o [1]
SecureElementSetJoinEui
                         0x800'4687   0x14  Code  Gb  soft-se.o [1]
SecureElementSetKey      0x800'4489   0x6c  Code  Gb  soft-se.o [1]
SecureElementVerifyAesCmac
                         0x800'4509   0x2a  Code  Gb  soft-se.o [1]
SendTxData               0x800'e2d5  0x1da  Code  Lc  lora_app.o [1]
SetMlmeScheduleUplinkIndication
                         0x800'0f39   0x12  Code  Lc  LoRaMac.o [1]
StopModeDisable         0x2000'1bd4    0x4  Data  Lc  stm32_lpm.o [1]
StopRetransmission       0x800'195b   0x42  Code  Lc  LoRaMac.o [1]
SubgRf                  0x2000'188c   0x58  Data  Gb  radio.o [1]
SuperMask               0x2000'0264    0x4  Data  Lc  stm32_seq.o [1]
SwitchClass              0x800'0e35   0xd0  Code  Lc  LoRaMac.o [1]
SysTick_Handler          0x801'3b29    0x2  Code  Gb  stm32wlxx_it.o [1]
SysTimeAdd               0x800'29fd   0x3e  Code  Gb  stm32_systime.o [1]
SysTimeFromMs            0x800'2b53   0x40  Code  Gb  stm32_systime.o [1]
SysTimeGet               0x800'2abd   0x32  Code  Gb  stm32_systime.o [1]
SysTimeGetMcuTime        0x800'2af1   0x22  Code  Gb  stm32_systime.o [1]
SysTimeSet               0x800'2a85   0x36  Code  Gb  stm32_systime.o [1]
SysTimeSub               0x800'2a3b   0x3a  Code  Gb  stm32_systime.o [1]
SysTimeToMs              0x800'2b13   0x30  Code  Gb  stm32_systime.o [1]
SystemApp_Init           0x800'4cb7   0x3c  Code  Gb  sys_app.o [1]
SystemClock_Config       0x800'c267   0x8c  Code  Gb  main.o [1]
SystemCoreClock         0x2000'02c8    0x4  Data  Gb  system_stm32wlxx.o [1]
SystemInit               0x801'4249    0x2  Code  Gb  system_stm32wlxx.o [1]
TAMP_STAMP_LSECSS_SSRU_IRQHandler
                         0x801'3b2b    0xa  Code  Gb  stm32wlxx_it.o [1]
TIMER_IF_BkUp_Read_MSBticks
                         0x800'b8d7    0xc  Code  Lc  timer_if.o [1]
TIMER_IF_BkUp_Read_Seconds
                         0x800'b8ab    0xe  Code  Gb  timer_if.o [1]
TIMER_IF_BkUp_Read_SubSeconds
                         0x800'b8b9    0xe  Code  Gb  timer_if.o [1]
TIMER_IF_BkUp_Write_MSBticks
                         0x800'b8c7   0x10  Code  Lc  timer_if.o [1]
TIMER_IF_BkUp_Write_Seconds
                         0x800'b88b   0x10  Code  Gb  timer_if.o [1]
TIMER_IF_BkUp_Write_SubSeconds
                         0x800'b89b   0x10  Code  Gb  timer_if.o [1]
TIMER_IF_Convert_Tick2ms
                         0x800'b7e9   0x16  Code  Gb  timer_if.o [1]
TIMER_IF_Convert_ms2Tick
                         0x800'b7cb   0x1e  Code  Gb  timer_if.o [1]
TIMER_IF_DelayMs         0x800'b7ff   0x22  Code  Gb  timer_if.o [1]
TIMER_IF_GetMinimumTimeout
                         0x800'b7c5    0x6  Code  Gb  timer_if.o [1]
TIMER_IF_GetTime         0x800'b83d   0x4e  Code  Gb  timer_if.o [1]
TIMER_IF_GetTimerContext
                         0x800'b797    0x6  Code  Gb  timer_if.o [1]
TIMER_IF_GetTimerElapsedTime
                         0x800'b79d   0x12  Code  Gb  timer_if.o [1]
TIMER_IF_GetTimerValue   0x800'b7af   0x16  Code  Gb  timer_if.o [1]
TIMER_IF_Init            0x800'b6d1   0x42  Code  Gb  timer_if.o [1]
TIMER_IF_SetTimerContext
                         0x800'b789    0xe  Code  Gb  timer_if.o [1]
TIMER_IF_StartTimer      0x800'b713   0x54  Code  Gb  timer_if.o [1]
TIMER_IF_StopTimer       0x800'b767   0x22  Code  Gb  timer_if.o [1]
TRACE_AllocateBufer      0x800'2e33   0xac  Code  Lc  stm32_adv_trace.o [1]
TRACE_IsLocked           0x800'2f07   0x10  Code  Lc  stm32_adv_trace.o [1]
TRACE_Lock               0x800'2edf   0x14  Code  Lc  stm32_adv_trace.o [1]
TRACE_Send               0x800'2cf5   0x98  Code  Lc  stm32_adv_trace.o [1]
TRACE_TxCpltCallback     0x800'2d91   0xa2  Code  Lc  stm32_adv_trace.o [1]
TRACE_UnLock             0x800'2ef3   0x14  Code  Lc  stm32_adv_trace.o [1]
TaskCb                  0x2000'1918   0x80  Data  Lc  stm32_seq.o [1]
TaskMask                0x2000'0260    0x4  Data  Lc  stm32_seq.o [1]
TaskPrio                0x2000'024c   0x10  Data  Lc  stm32_seq.o [1]
TaskSet                 0x2000'025c    0x4  Data  Lc  stm32_seq.o [1]
TimerExists              0x800'2979   0x16  Code  Gb  stm32_timer.o [1]
TimerInsertNewHeadTimer
                         0x800'29e1   0x10  Code  Gb  stm32_timer.o [1]
TimerInsertTimer         0x800'29bb   0x26  Code  Gb  stm32_timer.o [1]
TimerListHead           0x2000'1be4    0x4  Data  Lc  stm32_timer.o [1]
TimerSetTimeout          0x800'298f   0x2c  Code  Gb  stm32_timer.o [1]
TimestampNow             0x800'4e09   0x28  Code  Lc  sys_app.o [1]
TxCpltCallback          0x2000'1bec    0x4  Data  Lc  usart_if.o [1]
TxDoneParams            0x2000'1b44    0x4  Data  Gb  LoRaMac.o [1]
TxLedTimer              0x2000'1ae8   0x18  Data  Lc  lora_app.o [1]
TxParams                0x2000'1ab8   0x18  Data  Lc  LmHandler.o [1]
TxTimeoutTimer          0x2000'18e8   0x18  Data  Gb  radio.o [1]
TxTimer                 0x2000'1ad0   0x18  Data  Lc  lora_app.o [1]
UARTEx_SetNbDataToProcess
                         0x801'31e9   0x3e  Code  Lc  stm32wlxx_hal_uart_ex.o [1]
UARTEx_SetNbDataToProcess::denominator
                         0x801'3230    0x8  Data  Lc  stm32wlxx_hal_uart_ex.o [1]
UARTEx_SetNbDataToProcess::numerator
                         0x801'3228    0x8  Data  Lc  stm32wlxx_hal_uart_ex.o [1]
UARTPrescTable           0x801'224c   0x18  Data  Gb  stm32wlxx_hal_uart.o [1]
UART_AdvFeatureConfig    0x801'2265   0xc6  Code  Gb  stm32wlxx_hal_uart.o [1]
UART_CheckIdleState      0x801'232b   0x5c  Code  Gb  stm32wlxx_hal_uart.o [1]
UART_DMAAbortOnError     0x801'2699   0x10  Code  Lc  stm32wlxx_hal_uart.o [1]
UART_DMAError            0x801'2649   0x4e  Code  Lc  stm32wlxx_hal_uart.o [1]
UART_DMATransmitCplt     0x801'2601   0x40  Code  Lc  stm32wlxx_hal_uart.o [1]
UART_DMATxHalfCplt       0x801'2641    0x6  Code  Lc  stm32wlxx_hal_uart.o [1]
UART_EndRxTransfer       0x801'258b   0x28  Code  Lc  stm32wlxx_hal_uart.o [1]
UART_EndTxTransfer       0x801'2547   0x16  Code  Lc  stm32wlxx_hal_uart.o [1]
UART_RxISR_16BIT         0x801'270d   0x4e  Code  Lc  stm32wlxx_hal_uart.o [1]
UART_RxISR_16BIT_FIFOEN
                         0x801'2881   0x96  Code  Lc  stm32wlxx_hal_uart.o [1]
UART_RxISR_8BIT          0x801'26bd   0x4e  Code  Lc  stm32wlxx_hal_uart.o [1]
UART_RxISR_8BIT_FIFOEN   0x801'27d9   0x96  Code  Lc  stm32wlxx_hal_uart.o [1]
UART_SetConfig           0x801'1ff9  0x24a  Code  Gb  stm32wlxx_hal_uart.o [1]
UART_Start_Receive_IT    0x801'243d   0xf4  Code  Gb  stm32wlxx_hal_uart.o [1]
UART_WaitOnFlagUntilTimeout
                         0x801'2387   0x7a  Code  Gb  stm32wlxx_hal_uart.o [1]
USART2_IRQHandler        0x801'3b53    0xa  Code  Gb  stm32wlxx_it.o [1]
UTIL_ADV_TRACE_COND_FSend
                         0x800'2c0f   0xda  Code  Gb  stm32_adv_trace.o [1]
UTIL_ADV_TRACE_Init      0x800'2bd1   0x2a  Code  Gb  stm32_adv_trace.o [1]
UTIL_ADV_TRACE_IsBufferEmpty
                         0x800'2bfb   0x14  Code  Gb  stm32_adv_trace.o [1]
UTIL_ADV_TRACE_PostSendHook
                         0x800'4e51    0xc  Code  Gb  sys_app.o [1]
UTIL_ADV_TRACE_PreSendHook
                         0x800'4e45    0xc  Code  Gb  sys_app.o [1]
UTIL_ADV_TRACE_RegisterTimeStampFunction
                         0x800'2ce9    0x6  Code  Gb  stm32_adv_trace.o [1]
UTIL_ADV_TRACE_SetVerboseLevel
                         0x800'2cef    0x6  Code  Gb  stm32_adv_trace.o [1]
UTIL_LPM_EnterLowPower   0x800'b5f3   0x36  Code  Gb  stm32_lpm.o [1]
UTIL_LPM_Init            0x800'b5ad    0xa  Code  Gb  stm32_lpm.o [1]
UTIL_LPM_SetOffMode      0x800'b5c7    0xe  Code  Gb  stm32_lpm.o [1]
UTIL_LPM_SetStopMode     0x800'b5b7   0x10  Code  Gb  stm32_lpm.o [1]
UTIL_MEM_cpy_8           0x800'4a19   0x16  Code  Gb  stm32_mem.o [1]
UTIL_MEM_set_8           0x800'4a2f    0xe  Code  Gb  stm32_mem.o [1]
UTIL_PowerDriver         0x801'4070   0x18  Data  Gb  stm32_lpm_if.o [1]
UTIL_SEQ_Idle            0x800'4cf3    0x8  Code  Gb  sys_app.o [1]
UTIL_SEQ_RegTask         0x800'e721   0x1a  Code  Gb  stm32_seq.o [1]
UTIL_SEQ_Run             0x800'e659   0xc8  Code  Gb  stm32_seq.o [1]
UTIL_SEQ_SetTask         0x800'e73b   0x20  Code  Gb  stm32_seq.o [1]
UTIL_SYSTIMDriver        0x801'409c   0x14  Data  Gb  timer_if.o [1]
UTIL_TIMER_Create        0x800'27a5   0x32  Code  Gb  stm32_timer.o [1]
UTIL_TIMER_GetCurrentTime
                         0x800'294d   0x10  Code  Gb  stm32_timer.o [1]
UTIL_TIMER_GetElapsedTime
                         0x800'295d   0x1c  Code  Gb  stm32_timer.o [1]
UTIL_TIMER_IRQ_Handler   0x800'28d1   0x7c  Code  Gb  stm32_timer.o [1]
UTIL_TIMER_Init          0x800'2799    0xc  Code  Gb  stm32_timer.o [1]
UTIL_TIMER_SetPeriod     0x800'28a3   0x2e  Code  Gb  stm32_timer.o [1]
UTIL_TIMER_Start         0x800'27d7   0x70  Code  Gb  stm32_timer.o [1]
UTIL_TIMER_Stop          0x800'284d   0x56  Code  Gb  stm32_timer.o [1]
UTIL_TimerDriver         0x801'3e6c   0x2c  Data  Gb  timer_if.o [1]
UTIL_TraceDriver         0x801'40e0   0x10  Data  Gb  usart_if.o [1]
UpdateRxSlotIdleState    0x800'0279   0x14  Code  Lc  LoRaMac.o [1]
UsageFault_Handler       0x801'3b21    0x2  Code  Gb  stm32wlxx_it.o [1]
VerifyRfFreq             0x800'4e95   0x20  Code  Lc  RegionAS923.o [1]
VerifyRfFreq             0x800'5969   0x44  Code  Lc  RegionAU915.o [1]
VerifyRfFreq             0x800'6441   0x44  Code  Lc  RegionCN470.o [1]
VerifyRfFreq             0x800'6c75   0x20  Code  Lc  RegionCN779.o [1]
VerifyRfFreq             0x800'76fd   0x20  Code  Lc  RegionEU433.o [1]
VerifyRfFreq             0x800'8179   0x84  Code  Lc  RegionEU868.o [1]
VerifyRfFreq             0x800'8c81   0x20  Code  Lc  RegionIN865.o [1]
VerifyRfFreq             0x800'a1e5   0x20  Code  Lc  RegionRU864.o [1]
VerifyRfFreq             0x800'974f   0x44  Code  Lc  RegionUS915.o [1]
__NVIC_SetPriority       0x800'cad5   0x1a  Code  Lc  stm32wlxx_hal_cortex.o [1]
__aeabi_d2iz             0x800'dcb9         Code  Gb  DblToS32.o [3]
__aeabi_f2d              0x800'dc19         Code  Gb  FltToDbl.o [3]
__aeabi_f2iz             0x800'f2fd         Code  Gb  FltToS32.o [3]
__aeabi_fdiv             0x800'f201         Code  Gb  FltDiv.o [3]
__aeabi_fmul             0x800'f129         Code  Gb  FltMul.o [3]
__aeabi_fsub             0x800'db99         Code  Gb  FltSub.o [3]
__aeabi_ldiv0            0x800'dfa9         Code  Gb  I64DivZer.o [4]
__aeabi_memclr4          0x800'aca5         Code  Gb  ABImemclr4.o [4]
__aeabi_memset           0x800'ac3d         Code  Gb  ABImemset.o [4]
__aeabi_ui2f             0x800'47dd         Code  Gb  U32ToFlt.o [3]
__aeabi_uldivmod         0x800'd969         Code  Gb  I64DivMod.o [4]
__cmain                  0x801'3fc1         Code  Gb  cmain.o [4]
__exit                   0x801'3ff5   0x14  Code  Gb  exit.o [5]
__iar_Memset             0x800'ac3d         Code  Gb  ABImemset.o [4]
__iar_Memset4_word       0x800'c0b5         Code  Gb  ABImemset48.o [4]
__iar_Memset8_word       0x800'c0b5         Code  Gb  ABImemset48.o [4]
__iar_Memset_word        0x800'ac45         Code  Gb  ABImemset.o [4]
__iar_data_init3         0x801'3e99   0x28  Code  Gb  data_init.o [4]
__iar_fadd               0x800'dba5         Code  Gb  FltSub.o [3]
__iar_floor64            0x800'dc61         Code  Gb  floor.o [3]
__iar_fsub               0x800'dfad         Code  Gb  FltAdd.o [3]
__iar_fsubStart          0x800'dfbd         Code  Gb  FltAdd.o [3]
__iar_lz77_init_single3
                         0x801'3aa1   0x78  Code  Gb  lz77_init_single.o [4]
__iar_program_start      0x801'4025         Code  Gb  cstartup_M.o [4]
__iar_small_Memcpy       0x800'47c9         Code  Gb  ABImemcpy_small.o [4]
__iar_small_memcpy       0x800'47c5         Code  Gb  ABImemcpy_small.o [4]
__iar_small_memcpy4      0x800'47c5         Code  Gb  ABImemcpy_small.o [4]
__iar_small_memcpy8      0x800'47c5         Code  Gb  ABImemcpy_small.o [4]
__iar_zero_init3         0x800'2f77   0x3a  Code  Gb  zero_init3.o [4]
__low_level_init         0x801'3fdf    0x4  Code  Gb  low_level_init.o [2]
__vector_table           0x800'0000         Data  Gb  startup_stm32wl55xx_cm4.o [1]
_call_main               0x801'3fcd         Code  Gb  cmain.o [4]
_exit                    0x801'3fe9         Code  Gb  cexit.o [4]
_main                    0x801'3fd7         Code  Gb  cmain.o [4]
charRx                  0x2000'1bf7    0x1  Data  Gb  usart_if.o [1]
copy_and_key             0x800'af6b   0x84  Code  Lc  lorawan_aes.o [1]
copy_block               0x800'aea5   0x42  Code  Lc  lorawan_aes.o [1]
exit                     0x801'3fe3    0x4  Code  Gb  exit.o [2]
floor                    0x800'dc61         Code  Gb  floor.o [3]
floorl                   0x800'dc61         Code  Gb  floor.o [3]
gfm2_sbox                0x801'33b0  0x100  Data  Lc  lorawan_aes.o [1]
gfm3_sbox                0x801'34b0  0x100  Data  Lc  lorawan_aes.o [1]
hadc                    0x2000'1998   0x64  Data  Gb  adc.o [1]
hdma_usart2_tx          0x2000'19fc   0x60  Data  Gb  usart.o [1]
hpb_exti                0x2000'02a4   0x18  Data  Gb  stm32wlxx_nucleo.o [1]
hrtc                    0x2000'1a5c   0x38  Data  Gb  rtc.o [1]
hsubghz                 0x2000'1b70    0xc  Data  Gb  subghz.o [1]
huart2                  0x2000'17fc   0x90  Data  Gb  usart.o [1]
loraInfo                0x2000'1b60   0x10  Data  Lc  lora_info.o [1]
lorawan_aes_encrypt      0x800'b0d5  0x29a  Code  Gb  lorawan_aes.o [1]
lorawan_aes_set_key      0x800'afef   0xe6  Code  Gb  lorawan_aes.o [1]
main                     0x800'c253   0x14  Code  Gb  main.o [1]
memcpy1                  0x800'381d   0x16  Code  Gb  utilities.o [1]
memcpyr                  0x800'3833   0x1a  Code  Gb  utilities.o [1]
memset                   0x800'4a05   0x14  Code  Gb  memset.o [4]
memset1                  0x800'384d    0xe  Code  Gb  utilities.o [1]
next                    0x2000'02cc    0x4  Data  Lc  utilities.o [1]
randr                    0x800'37eb   0x32  Code  Gb  utilities.o [1]
sbox                     0x801'35b0  0x100  Data  Lc  lorawan_aes.o [1]
srand1                   0x800'37e5    0x6  Code  Gb  utilities.o [1]
strlen                   0x800'b379         Code  Gb  strlen.o [4]
sztmp                   0x2000'130c  0x200  Data  Lc  stm32_adv_trace.o [1]
tiny_snprintf_like       0x800'4e5d   0x1e  Code  Lc  sys_app.o [1]
tiny_vsnprintf_like      0x800'4a3d  0x242  Code  Gb  stm32_tiny_vsnprintf.o [1]
uwTick                  0x2000'0278    0x4  Data  Gb  stm32wlxx_hal.o [1]
uwTickFreq              0x2000'0274    0x1  Data  Gb  stm32wlxx_hal.o [1]
uwTickPrio              0x2000'027c    0x4  Data  Gb  stm32wlxx_hal.o [1]
vcom_DeInit              0x801'3277   0x22  Code  Gb  usart_if.o [1]
vcom_Init                0x801'325b   0x1c  Code  Gb  usart_if.o [1]
vcom_ReceiveInit         0x801'32af   0x4a  Code  Gb  usart_if.o [1]
vcom_Resume              0x801'32f9   0x20  Code  Gb  usart_if.o [1]
vcom_Trace_DMA           0x801'3299   0x16  Code  Gb  usart_if.o [1]
xor_block                0x800'aee7   0x84  Code  Lc  lorawan_aes.o [1]


[1] = C:\Users\ray\dev\sparrow-lorawan\Application\EWARM\sparrow\Obj
[2] = dl7M_tlf.a
[3] = m7M_tl.a
[4] = rt7M_tl.a
[5] = shb_l.a

  79'460 bytes of readonly  code memory
   3'232 bytes of readonly  data memory
   9'206 bytes of readwrite data memory

Errors: none
Warnings: none
