debug.c:28:6:MX_DBG_TxCpltCallback	8	static
debug.c:41:6:MX_DBG_RxCallback	0	static
debug.c:47:6:MX_DBG_Active	0	static
debug.c:55:6:MX_DBG	8	static
debug.c:82:6:MX_DBG_Suspend	8	static
debug.c:106:6:MX_DBG_Available	0	static
debug.c:116:9:MX_DBG_Receive	8	static
debug.c:143:6:dbgRestartReceive	8	static
debug.c:93:6:MX_DBG_Resume	8	static
debug.c:158:6:dbgReceivedByteISR	16	static
debug.c:187:6:MX_DBG_Disable	0	static
debug.c:193:6:MX_DBG_Enabled	0	static
debug.c:199:6:MX_DBG_Enable	0	static
debug.c:205:6:MX_DBG_DeInit	8	static
debug.c:219:6:MX_DBG_Init	32	static
