main.c:86:6:SystemClock_Config	112	static
main.c:130:6:MX_GPIO_Init	48	static
main.c:154:6:MX_DMA_Init	16	static
main.c:59:5:main	8	static
main.c:165:6:MX_I2C2_Init	8	static
main.c:204:6:MX_I2C2_DeInit	8	static
main.c:213:6:HAL_I2C_MasterRxCpltCallback	0	static
main.c:219:6:HAL_I2C_MasterTxCpltCallback	0	static
main.c:225:6:HAL_I2C_MemRxCpltCallback	0	static
main.c:231:6:HAL_I2C_MemTxCpltCallback	0	static
main.c:239:6:MX_UART_TxCpltCallback	0	static
main.c:253:6:HAL_UART_TxCpltCallback	8	static
main.c:267:6:MY_I2C2_ReadRegister	24	static
main.c:288:6:MY_I2C2_WriteRegister	24	static
main.c:309:6:MY_I2C2_Transmit	16	static
main.c:329:6:MY_I2C2_Receive	16	static
main.c:350:6:MX_SPI1_Init	8	static
main.c:383:6:MX_SPI1_DeInit	8	static
main.c:392:6:MX_USART1_UART_Init	8	static
main.c:433:6:MX_USART1_UART_Transmit	16	static
main.c:451:6:MX_USART1_UART_DeInit	8	static
main.c:477:6:MX_USART2_UART_Init	8	static
main.c:521:6:MX_USART2_UART_Suspend	0	static
main.c:534:6:MX_USART2_UART_Resume	8	static
main.c:545:6:MX_USART2_UART_Transmit	16	static
main.c:563:6:MX_USART2_UART_DeInit	8	static
main.c:591:6:MX_LPUART1_UART_Init	8	static
main.c:623:6:MX_LPUART1_UART_Suspend	0	static,ignoring_inline_asm
main.c:649:6:MX_LPUART1_UART_Resume	0	static
main.c:654:6:MX_LPUART1_UART_Transmit	16	static
main.c:672:6:MX_LPUART1_UART_DeInit	8	static
main.c:679:6:MY_ActivePeripherals	16	static
