core_cm4.h:1933:34:__NVIC_SystemReset	0	static,ignoring_inline_asm
stm32wlxx_it.c:41:6:MX_Breakpoint	8	static,ignoring_inline_asm
stm32wlxx_it.c:49:6:NMI_Handler	8	static
stm32wlxx_it.c:54:6:HardFault_Handler	8	static
stm32wlxx_it.c:59:6:MemManage_Handler	8	static
stm32wlxx_it.c:64:6:BusFault_Handler	8	static
stm32wlxx_it.c:69:6:UsageFault_Handler	8	static
stm32wlxx_it.c:73:6:SVC_Handler	0	static
stm32wlxx_it.c:76:6:DebugMon_Handler	0	static
stm32wlxx_it.c:79:6:PendSV_Handler	0	static
stm32wlxx_it.c:82:6:SysTick_Handler	0	static
stm32wlxx_it.c:90:6:TAMP_STAMP_LSECSS_SSRU_IRQHandler	8	static
stm32wlxx_it.c:96:6:DMA2_Channel1_IRQHandler	8	static
stm32wlxx_it.c:100:6:DMA2_Channel2_IRQHandler	8	static
stm32wlxx_it.c:104:6:DMA1_Channel5_IRQHandler	8	static
stm32wlxx_it.c:108:6:DMA1_Channel6_IRQHandler	8	static
stm32wlxx_it.c:112:6:DMA1_Channel1_IRQHandler	8	static
stm32wlxx_it.c:116:6:DMA1_Channel2_IRQHandler	8	static
stm32wlxx_it.c:126:6:DMA1_Channel4_IRQHandler	8	static
stm32wlxx_it.c:132:6:I2C2_EV_IRQHandler	8	static
stm32wlxx_it.c:138:6:I2C2_ER_IRQHandler	8	static
stm32wlxx_it.c:144:6:SPI1_IRQHandler	8	static
stm32wlxx_it.c:150:6:USART1_IRQHandler	8	static
stm32wlxx_it.c:156:6:USART2_IRQHandler	8	static
stm32wlxx_it.c:162:6:LPUART1_IRQHandler	8	static
stm32wlxx_it.c:168:6:HAL_GPIO_EXTI_Callback	8	static
stm32wlxx_it.c:173:6:GPIO_EXTI_IRQHandler	8	static
stm32wlxx_it.c:181:6:EXTI0_IRQHandler	8	static
stm32wlxx_it.c:185:6:EXTI1_IRQHandler	8	static
stm32wlxx_it.c:189:6:EXTI2_IRQHandler	8	static
stm32wlxx_it.c:193:6:EXTI3_IRQHandler	8	static
stm32wlxx_it.c:197:6:EXTI4_IRQHandler	8	static
stm32wlxx_it.c:201:6:EXTI9_5_IRQHandler	8	static
stm32wlxx_it.c:205:6:EXTI15_10_IRQHandler	8	static
stm32wlxx_it.c:211:6:RTC_Alarm_IRQHandler	8	static
stm32wlxx_it.c:217:6:SUBGHZ_Radio_IRQHandler	8	static
stm32wlxx_it.c:223:6:Error_Handler	8	static
