timer_if.c:155:10:TIMER_IF_SetTimerContext	0	static
timer_if.c:163:10:TIMER_IF_GetTimerContext	0	static
timer_if.c:170:10:TIMER_IF_GetTimerElapsedTime	0	static
timer_if.c:178:10:TIMER_IF_GetTimerValue	0	static
timer_if.c:188:10:TIMER_IF_GetMinimumTimeout	0	static
timer_if.c:196:10:TIMER_IF_Convert_ms2Tick	8	static
timer_if.c:204:10:TIMER_IF_Convert_Tick2ms	4	static
timer_if.c:138:21:TIMER_IF_StopTimer	8	static
timer_if.c:283:13:TIMER_IF_BkUp_Write_MSBticks	8	static
timer_if.c:84:21:TIMER_IF_Init	16	static
timer_if.c:252:6:TIMER_IF_BkUp_Write_Seconds	8	static
timer_if.c:258:6:TIMER_IF_BkUp_Write_SubSeconds	8	static
timer_if.c:113:21:TIMER_IF_StartTimer	56	static
timer_if.c:292:17:TIMER_IF_BkUp_Read_MSBticks	8	static
timer_if.c:238:10:TIMER_IF_GetTime	16	static
timer_if.c:264:10:TIMER_IF_BkUp_Read_Seconds	8	static
timer_if.c:272:10:TIMER_IF_BkUp_Read_SubSeconds	8	static
timer_if.c:212:6:TIMER_IF_DelayMs	8	static,ignoring_inline_asm
timer_if.c:222:6:HAL_RTC_AlarmAEventCallback	8	static
timer_if.c:228:6:HAL_RTCEx_SSRUEventCallback	8	static
