bin.c:23:6:binBegin	0	static
bin.c:49:6:binAppendBool	12	static
bin.c:61:6:binAppendByte	4	static
bin.c:69:6:binAppendInt8	8	static
bin.c:73:6:binAppendInt16	8	static
bin.c:79:6:binAppendInt24	8	static
bin.c:87:6:binAppendInt32	8	static
bin.c:97:6:binAppendInt64	16	static
bin.c:34:9:binEnd	8	static
bin.c:115:6:binAppendString	24	static
bin.c:126:6:binAppendBytes	24	static
bin.c:147:6:binAppendReal32	8	static
bin.c:172:6:binAppendReal64	24	static
bin.c:207:10:as_uint32	0	static
bin.c:213:7:as_real32	0	static
bin.c:222:10:real32_to_real16	8	static
bin.c:136:6:binAppendReal16	8	static
bin.c:236:7:real16_to_real32	24	static
